################################################################################
#                                                                              #
#      IAR Universal Linker V4.60I/386                                         #
#                                                                              #
#           Link time     =  18/Dec/2015  01:32:03                             #
#           Target CPU    =  ARM                                               #
#           List file     =  E:\Users\alfinant\Documents\Siemens\alfinant\Test #
#                            \Release_SGOLD\List\test.map                      #
#           Output file 1 =  E:\Users\alfinant\Documents\Siemens\alfinant\Test #
#                            \Release_SGOLD\Exe\test.elf                       #
#                            Format: elf, variant: -ynpra                      #
#           Command line  =  E:\Users\alfinant\Documents\Siemens\alfinant\Test #
#                            \Release_SGOLD\Obj\func.r79                       #
#                            E:\Users\alfinant\Documents\Siemens\alfinant\Test #
#                            \Release_SGOLD\Obj\i2c.r79                        #
#                            E:\Users\alfinant\Documents\Siemens\alfinant\Test #
#                            \Release_SGOLD\Obj\main.r79                       #
#                            E:\Users\alfinant\Documents\Siemens\alfinant\Test #
#                            \Release_SGOLD\Obj\tbsys.r79                      #
#                            -o                                                #
#                            E:\Users\alfinant\Documents\Siemens\alfinant\Test #
#                            \Release_SGOLD\Exe\test.elf                       #
#                            -Felf -l                                          #
#                            E:\Users\alfinant\Documents\Siemens\alfinant\Test #
#                            \Release_SGOLD\List\test.map                      #
#                            -xm -f                                            #
#                            E:\Users\alfinant\Documents\Siemens\alfinant\Test #
#                            \test.xcl                                         #
#                            (-carm -V(CODE)CODE_AREA,12                       #
#                            -V(DATA)DATA_AREA,12                              #
#                            -Z(CODE_AREA)ELFBEGIN,DATA_ID,START,CODE,DATA_C,I #
#                            NITTAB,DATA_Z,DATA_N,CONFIG_C=0-FFFFFFFF          #
#                            -Z(DATA_AREA)DATA_I=0-FFFFFFFF) -ynpra            #
#                            E:\Users\alfinant\Documents\Siemens\IAR\ARM\LIB\d #
#                            l5tpainl8n.r79                                    #
#                            -s main                                           #
#                                                                              #
#                        Copyright 1987-2007 IAR Systems. All rights reserved. #
################################################################################





                ****************************************
                *                                      *
                *           CROSS REFERENCE            *
                *                                      *
                ****************************************

       Program entry at : CODE_AREA 00000004  Relocatable, from module : main




                ****************************************
                *                                      *
                *            RUNTIME MODEL             *
                *                                      *
                ****************************************

  StackAlign4  = USED
  __cpu_mode   = __pcs__interwork
  __data_model = absolute
  __endian     = little
  __rt_version = 6



                ****************************************
                *                                      *
                *              MODULE MAP              *
                *                                      *
                ****************************************


  DEFINED ABSOLUTE ENTRIES
    *************************************************************************

  DEFINED ABSOLUTE ENTRIES
    *************************************************************************

  FILE NAME : E:\Users\alfinant\Documents\Siemens\alfinant\Test\Release_SGOLD\Obj\func.r79
  PROGRAM MODULE, NAME : func

  SEGMENTS IN THE MODULE
  ======================
ELFBEGIN
  Relative segment, address: CODE_AREA 00000000, align: 0
  Segment part 0. ROOT.
           ENTRY                   ADDRESS         REF BY
           =====                   =======         ======
           ELF_BEGIN               00000000 
    -------------------------------------------------------------------------
CODE
  Relative segment, address: CODE_AREA 00000000 - 00000003 (0x4 bytes), align: 2
  Segment part 1. ROOT.
           ENTRY                   ADDRESS         REF BY
           =====                   =======         ======
           kill_data               00000000 

    *************************************************************************

  FILE NAME : E:\Users\alfinant\Documents\Siemens\alfinant\Test\Release_SGOLD\Obj\i2c.r79
    *************************************************************************

  FILE NAME : E:\Users\alfinant\Documents\Siemens\alfinant\Test\Release_SGOLD\Obj\main.r79
  PROGRAM MODULE, NAME : main

  SEGMENTS IN THE MODULE
  ======================
CODE
  Relative segment, address: CODE_AREA 00000004 - 0000002B (0x28 bytes), align: 2
  Segment part 54.
           ENTRY                   ADDRESS         REF BY
           =====                   =======         ======
           main                    00000004        Absolute parts (?ABS_ENTRY_MOD)
               stack 1 = 00000000 ( 00000008 )
    -------------------------------------------------------------------------
INITTAB
  Relative segment, address: CODE_AREA 00000168 - 00000173 (0xc bytes), align: 2
  Segment part 59. ROOT.
           ENTRY                   ADDRESS         REF BY
           =====                   =======         ======
           ?init?tab?DATA_I        00000168 
    -------------------------------------------------------------------------
INITTAB
  Relative segment, address: CODE_AREA 00000174 - 0000017F (0xc bytes), align: 2
  Segment part 60. ROOT.
           ENTRY                   ADDRESS         REF BY
           =====                   =======         ======
           ?init?tab?DATA_Z        00000174 

    *************************************************************************

  FILE NAME : E:\Users\alfinant\Documents\Siemens\alfinant\Test\Release_SGOLD\Obj\tbsys.r79
  PROGRAM MODULE, NAME : tbsys

  SEGMENTS IN THE MODULE
  ======================
CODE
  Relative segment, address: CODE_AREA 0000002C - 00000167 (0x13c bytes), align: 2
  Segment part 0. ROOT.
           ENTRY                   ADDRESS         REF BY
           =====                   =======         ======
           EnableINT               0000002C 
           DisableINT              0000004C 
           ExecuteIMB              0000006C 
           GetTBaseAddr            000000D8 
           UnLockAccess            00000100 



                ****************************************
                *                                      *
                *        END OF CROSS REFERENCE        *
                *                                      *
                ****************************************

 384 bytes of CODE memory

Errors: none
Warnings: none

