################################################################################
#                                                                              #
#      IAR Universal Linker V4.60I/386                                         #
#                                                                              #
#           Link time     =  24/Nov/2014  18:04:32                             #
#           Target CPU    =  ARM                                               #
#           List file     =  C:\Users\Инсаф\Documents\Siemens\alfinant\CapCom\ #
#                            Release_NSG\List\CapCom.map                       #
#           Output file 1 =  C:\Users\Инсаф\Documents\Siemens\alfinant\CapCom\ #
#                            Release_NSG\Exe\CapCom.elf                        #
#                            Format: elf, variant: -ynpra                      #
#           Command line  =  C:\Users\Инсаф\Documents\Siemens\alfinant\CapCom\ #
#                            Release_NSG\Obj\func.r79                          #
#                            C:\Users\Инсаф\Documents\Siemens\alfinant\CapCom\ #
#                            Release_NSG\Obj\i2c.r79                           #
#                            C:\Users\Инсаф\Documents\Siemens\alfinant\CapCom\ #
#                            Release_NSG\Obj\main.r79                          #
#                            -o                                                #
#                            C:\Users\Инсаф\Documents\Siemens\alfinant\CapCom\ #
#                            Release_NSG\Exe\CapCom.elf                        #
#                            -Felf -l                                          #
#                            C:\Users\Инсаф\Documents\Siemens\alfinant\CapCom\ #
#                            Release_NSG\List\CapCom.map                       #
#                            -xm -f                                            #
#                            C:\Users\Инсаф\Documents\Siemens\IAR\ARM\alfinant #
#                            \SerialLib\CapCom\test.xcl                        #
#                            (-carm -V(CODE)CODE_AREA,12                       #
#                            -V(DATA)DATA_AREA,12                              #
#                            -Z(CODE_AREA)ELFBEGIN,DATA_ID,START,CODE,DATA_C,I #
#                            NITTAB,DATA_Z,DATA_N,CONFIG_C=0-FFFFFFFF          #
#                            -Z(DATA_AREA)DATA_I=0-FFFFFFFF) -ynpra            #
#                            C:\Users\Инсаф\Documents\Siemens\IAR\ARM\LIB\dl5t #
#                            pannl8n.r79                                       #
#                            -s main                                           #
#                                                                              #
#                        Copyright 1987-2007 IAR Systems. All rights reserved. #
################################################################################





                ****************************************
                *                                      *
                *           CROSS REFERENCE            *
                *                                      *
                ****************************************

       Program entry at : CODE_AREA 000000F4  Relocatable, from module : main




                ****************************************
                *                                      *
                *            RUNTIME MODEL             *
                *                                      *
                ****************************************

  StackAlign4  = USED
  __cpu_mode   = __pcs__arm
  __data_model = absolute
  __endian     = little
  __rt_version = 6



                ****************************************
                *                                      *
                *              MODULE MAP              *
                *                                      *
                ****************************************


  DEFINED ABSOLUTE ENTRIES
    *************************************************************************

  DEFINED ABSOLUTE ENTRIES
    *************************************************************************

  FILE NAME : C:\Users\Инсаф\Documents\Siemens\alfinant\CapCom\Release_NSG\Obj\func.r79
  PROGRAM MODULE, NAME : func

  SEGMENTS IN THE MODULE
  ======================
ELFBEGIN
  Relative segment, address: CODE_AREA 00000000, align: 0
  Segment part 0. ROOT.
           ENTRY                   ADDRESS         REF BY
           =====                   =======         ======
           ELF_BEGIN               00000000        ElfKiller (main)
    -------------------------------------------------------------------------
CODE
  Relative segment, address: CODE_AREA 00000000 - 00000003 (0x4 bytes), align: 2
  Segment part 1. ROOT.
           ENTRY                   ADDRESS         REF BY
           =====                   =======         ======
           kill_data               00000000        ElfKiller (main)

    *************************************************************************

  FILE NAME : C:\Users\Инсаф\Documents\Siemens\alfinant\CapCom\Release_NSG\Obj\i2c.r79
    *************************************************************************

  FILE NAME : C:\Users\Инсаф\Documents\Siemens\alfinant\CapCom\Release_NSG\Obj\main.r79
  PROGRAM MODULE, NAME : main

  SEGMENTS IN THE MODULE
  ======================
CODE
  Relative segment, address: CODE_AREA 00000004 - 0000001F (0x1c bytes), align: 2
  Segment part 14.            Intra module refs:   main
           ENTRY                   ADDRESS         REF BY
           =====                   =======         ======
           ElfKiller               00000004 
               stack 1 = 00000000 ( 00000004 )
    -------------------------------------------------------------------------
CODE
  Relative segment, address: CODE_AREA 00000020 - 000000F3 (0xd4 bytes), align: 2
  Segment part 21.            Intra module refs:   main
           ENTRY                   ADDRESS         REF BY
           =====                   =======         ======
           test_pin_cts            00000020 
    -------------------------------------------------------------------------
CODE
  Relative segment, address: CODE_AREA 000000F4 - 0000012F (0x3c bytes), align: 2
  Segment part 22.
           ENTRY                   ADDRESS         REF BY
           =====                   =======         ======
           main                    000000F4        Absolute parts (?ABS_ENTRY_MOD)
               stack 1 = 00000000 ( 00000004 )
    -------------------------------------------------------------------------
INITTAB
  Relative segment, address: CODE_AREA 00000140 - 0000014B (0xc bytes), align: 2
  Segment part 26. ROOT.
           ENTRY                   ADDRESS         REF BY
           =====                   =======         ======
           ?init?tab?DATA_I        00000140 
    -------------------------------------------------------------------------
DATA_C
  Relative segment, address: CODE_AREA 00000130 - 0000013F (0x10 bytes), align: 2
  Segment part 5.             Intra module refs:   main



                ****************************************
                *                                      *
                *        END OF CROSS REFERENCE        *
                *                                      *
                ****************************************

 332 bytes of CODE memory

Errors: none
Warnings: none

