################################################################################
#                                                                              #
#      IAR Universal Linker V4.60I/386                                         #
#                                                                              #
#           Link time     =  04/Feb/2017  18:18:52                             #
#           Target CPU    =  ARM                                               #
#           List file     =  E:\Users\alfinant\Documents\Siemens\alfinant\PmuM #
#                            on\Release_ELKA\List\PmuMon.map                   #
#           Output file 1 =  E:\Users\alfinant\Documents\Siemens\alfinant\PmuM #
#                            on\Release_ELKA\Exe\PmuMon.elf                    #
#                            Format: elf, variant: -ynpra                      #
#           Command line  =  E:\Users\alfinant\Documents\Siemens\alfinant\PmuM #
#                            on\Release_ELKA\Obj\func.r79                      #
#                            E:\Users\alfinant\Documents\Siemens\alfinant\PmuM #
#                            on\Release_ELKA\Obj\i2c.r79                       #
#                            E:\Users\alfinant\Documents\Siemens\alfinant\PmuM #
#                            on\Release_ELKA\Obj\main.r79                      #
#                            -o                                                #
#                            E:\Users\alfinant\Documents\Siemens\alfinant\PmuM #
#                            on\Release_ELKA\Exe\PmuMon.elf                    #
#                            -Felf -l                                          #
#                            E:\Users\alfinant\Documents\Siemens\alfinant\PmuM #
#                            on\Release_ELKA\List\PmuMon.map                   #
#                            -xms                                              #
#                            -IE:\Users\alfinant\Documents\Siemens\IAR\ARM\LIB #
#                            \                                                 #
#                            -f                                                #
#                            E:\Users\alfinant\Documents\Siemens\alfinant\PmuM #
#                            on\test.xcl                                       #
#                            (-carm -V(CODE)CODE_AREA,12                       #
#                            -V(DATA)DATA_AREA,12                              #
#                            -Z(CODE_AREA)ELFBEGIN,DATA_ID,START,CODE,DATA_C,I #
#                            NITTAB,DATA_Z,DATA_N,CONFIG_C=0-FFFFFFFF          #
#                            -Z(DATA_AREA)DATA_I=0-FFFFFFFF) -ynpra            #
#                            E:\Users\alfinant\Documents\Siemens\IAR\ARM\LIB\d #
#                            l5tpainl8n.r79                                    #
#                            -s main                                           #
#                                                                              #
#                        Copyright 1987-2007 IAR Systems. All rights reserved. #
################################################################################





                ****************************************
                *                                      *
                *           CROSS REFERENCE            *
                *                                      *
                ****************************************

       Program entry at : CODE_AREA 000009E8  Relocatable, from module : main




                ****************************************
                *                                      *
                *            RUNTIME MODEL             *
                *                                      *
                ****************************************

  StackAlign4  = USED
  __cpu_mode   = __pcs__interwork
  __data_model = absolute
  __endian     = little
  __rt_version = 6



                ****************************************
                *                                      *
                *              MODULE MAP              *
                *                                      *
                ****************************************


  DEFINED ABSOLUTE ENTRIES
    *************************************************************************

  DEFINED ABSOLUTE ENTRIES
    *************************************************************************

  FILE NAME : E:\Users\alfinant\Documents\Siemens\alfinant\PmuMon\Release_ELKA\Obj\func.r79
  PROGRAM MODULE, NAME : func

  SEGMENTS IN THE MODULE
  ======================
ELFBEGIN
  Relative segment, address: CODE_AREA 00000000, align: 0
  Segment part 0. ROOT.
           ENTRY                   ADDRESS         REF BY
           =====                   =======         ======
           ELF_BEGIN               00000000 
    -------------------------------------------------------------------------
CODE
  Relative segment, address: CODE_AREA 0000013C - 00000143 (0x8 bytes), align: 2
  Segment part 1. ROOT.
           ENTRY                   ADDRESS         REF BY
           =====                   =======         ======
           kill_data               0000013C        ElfKiller (main)
                                                   gui_methods (main)
           seqkill                 00000140 

    *************************************************************************

  FILE NAME : E:\Users\alfinant\Documents\Siemens\alfinant\PmuMon\Release_ELKA\Obj\i2c.r79
  PROGRAM MODULE, NAME : i2c

  SEGMENTS IN THE MODULE
  ======================
CODE
  Relative segment, address: CODE_AREA 00000144 - 000001A7 (0x64 bytes), align: 2
  Segment part 3.
           ENTRY                   ADDRESS         REF BY
           =====                   =======         ======
           i2cw_pmu                00000144        OnKey (main)
               stack 1 = 00000000 ( 00000028 )
    -------------------------------------------------------------------------
CODE
  Relative segment, address: CODE_AREA 000001A8 - 0000020B (0x64 bytes), align: 2
  Segment part 7.
           ENTRY                   ADDRESS         REF BY
           =====                   =======         ======
           i2cr_pmu                000001A8        do_tmr (main)
               stack 1 = 00000000 ( 0000002C )

    *************************************************************************

  FILE NAME : E:\Users\alfinant\Documents\Siemens\alfinant\PmuMon\Release_ELKA\Obj\main.r79
  PROGRAM MODULE, NAME : main

  SEGMENTS IN THE MODULE
  ======================
DATA_Z
  Relative segment, address: CODE_AREA 00000AE8 - 00000AEB (0x4 bytes), align: 2
  Segment part 6.             Intra module refs:   maincsm_oncreate
           ENTRY                   ADDRESS         REF BY
           =====                   =======         ======
           maingui_id              00000AE8 
    -------------------------------------------------------------------------
CODE
  Relative segment, address: CODE_AREA 0000020C - 00000227 (0x1c bytes), align: 2
  Segment part 11.            Intra module refs:   do_tmr
           ENTRY                   ADDRESS         REF BY
           =====                   =======         ======
           callback                0000020C 
               stack 1 = 00000000 ( 00000004 )
    -------------------------------------------------------------------------
CODE
  Relative segment, address: CODE_AREA 00000228 - 00000263 (0x3c bytes), align: 2
  Segment part 13.            Intra module refs:   Segment part 19
           ENTRY                   ADDRESS         REF BY
           =====                   =======         ======
           do_tmr                  00000228 
               stack 1 = 00000000 ( 0000000C )
    -------------------------------------------------------------------------
CODE
  Relative segment, address: CODE_AREA 00000264 - 0000068B (0x428 bytes), align: 2
  Segment part 15.            Intra module refs:   gui_methods
           LOCAL                   ADDRESS         
           =====                   =======         
           OnRedraw                00000264 
               stack 1 = 00000000 ( 00000518 )
    -------------------------------------------------------------------------
CODE
  Relative segment, address: CODE_AREA 0000068C - 0000068F (0x4 bytes), align: 2
  Segment part 16.            Intra module refs:   OnRedraw
                                                   callback
    -------------------------------------------------------------------------
CODE
  Relative segment, address: CODE_AREA 00000690 - 000006BF (0x30 bytes), align: 2
  Segment part 18.            Intra module refs:   gui_methods
           LOCAL                   ADDRESS         
           =====                   =======         
           onCreate                00000690 
               stack 1 = 00000000 ( 00000008 )
    -------------------------------------------------------------------------
CODE
  Relative segment, address: CODE_AREA 000006C0 - 000006C3 (0x4 bytes), align: 2
  Segment part 19.            Intra module refs:   do_tmr
                                                   onCreate
    -------------------------------------------------------------------------
CODE
  Relative segment, address: CODE_AREA 000006C4 - 000006E3 (0x20 bytes), align: 2
  Segment part 21.            Intra module refs:   gui_methods
           LOCAL                   ADDRESS         
           =====                   =======         
           onClose                 000006C4 
               stack 1 = 00000000 ( 00000004 )
    -------------------------------------------------------------------------
CODE
  Relative segment, address: CODE_AREA 000006E4 - 000006E7 (0x4 bytes), align: 2
  Segment part 22.            Intra module refs:   onClose
                                                   onCreate
    -------------------------------------------------------------------------
CODE
  Relative segment, address: CODE_AREA 000006E8 - 00000707 (0x20 bytes), align: 2
  Segment part 24.            Intra module refs:   gui_methods
           LOCAL                   ADDRESS         
           =====                   =======         
           onFocus                 000006E8 
               stack 1 = 00000000 ( 00000008 )
    -------------------------------------------------------------------------
CODE
  Relative segment, address: CODE_AREA 00000708 - 0000072B (0x24 bytes), align: 2
  Segment part 26.            Intra module refs:   gui_methods
           LOCAL                   ADDRESS         
           =====                   =======         
           onUnfocus               00000708 
               stack 1 = 00000000 ( 00000008 )
    -------------------------------------------------------------------------
DATA_I
  Relative segment, address: DATA_AREA 00000000 - 0000013B (0x13c bytes), align: 2
  Segment part 4.             Intra module refs:   Segment part 16
                                                   Segment part 22
                                                   Segment part 29
           ENTRY                   ADDRESS         REF BY
           =====                   =======         ======
           cursor                  0000000C 
           dat42                   00000010 
           dat44                   00000011 
           dat46                   00000013 
           dat50                   00000012 
           page                    00000004 
           page_size               00000008 
           ready                   00000000 
           reg_buf                 00000024 
           reg_buf_prev            000000B0 
           tmr                     00000014 
    -------------------------------------------------------------------------
CODE
  Relative segment, address: CODE_AREA 0000072C - 000008BF (0x194 bytes), align: 2
  Segment part 28.            Intra module refs:   gui_methods
           LOCAL                   ADDRESS         
           =====                   =======         
           OnKey                   0000072C 
               stack 1 = 00000000 ( 0000000C )
    -------------------------------------------------------------------------
CODE
  Relative segment, address: CODE_AREA 000008C0 - 000008C3 (0x4 bytes), align: 2
  Segment part 29.            Intra module refs:   OnKey
                                                   do_tmr
    -------------------------------------------------------------------------
CODE
  Relative segment, address: CODE_AREA 000008C4 - 000008CB (0x8 bytes), align: 2
  Segment part 31.            Intra module refs:   gui_methods
           ENTRY                   ADDRESS         REF BY
           =====                   =======         ======
           method8                 000008C4 
    -------------------------------------------------------------------------
CODE
  Relative segment, address: CODE_AREA 000008CC - 000008D3 (0x8 bytes), align: 2
  Segment part 33.            Intra module refs:   gui_methods
           ENTRY                   ADDRESS         REF BY
           =====                   =======         ======
           method9                 000008CC 
    -------------------------------------------------------------------------
CODE
  Relative segment, address: CODE_AREA 000008D4 - 0000096B (0x98 bytes), align: 2
  Segment part 35.            Intra module refs:   Segment part 3
           LOCAL                   ADDRESS         
           =====                   =======         
           maincsm_oncreate        000008D4 
               stack 1 = 00000000 ( 00000010 )
    -------------------------------------------------------------------------
CODE
  Relative segment, address: CODE_AREA 0000096C - 00000987 (0x1c bytes), align: 2
  Segment part 37.            Intra module refs:   maincsm_onclose
           ENTRY                   ADDRESS         REF BY
           =====                   =======         ======
           ElfKiller               0000096C 
               stack 1 = 00000000 ( 00000004 )
    -------------------------------------------------------------------------
CODE
  Relative segment, address: CODE_AREA 00000988 - 0000099B (0x14 bytes), align: 2
  Segment part 39.            Intra module refs:   Segment part 3
           LOCAL                   ADDRESS         
           =====                   =======         
           maincsm_onclose         00000988 
               stack 1 = 00000000 ( 00000004 )
    -------------------------------------------------------------------------
CODE
  Relative segment, address: CODE_AREA 0000099C - 000009CB (0x30 bytes), align: 2
  Segment part 41.            Intra module refs:   Segment part 3
           LOCAL                   ADDRESS         
           =====                   =======         
           maincsm_onmessage       0000099C 
    -------------------------------------------------------------------------
DATA_Z
  Relative segment, address: CODE_AREA 00000AEC - 00000C03 (0x118 bytes), align: 2
  Segment part 8.             Intra module refs:   Segment part 3
    -------------------------------------------------------------------------
DATA_C
  Relative segment, address: CODE_AREA 00000A28 - 00000A53 (0x2c bytes), align: 2
  Segment part 2.             Intra module refs:   OnRedraw
    -------------------------------------------------------------------------
DATA_C
  Relative segment, address: CODE_AREA 00000A54 - 00000A97 (0x44 bytes), align: 2
  Segment part 3.             Intra module refs:   UpdateCSMname
                                                   main
    -------------------------------------------------------------------------
DATA_C
  Relative segment, address: CODE_AREA 00000A98 - 00000ACB (0x34 bytes), align: 2
  Segment part 7.             Intra module refs:   maincsm_oncreate
           ENTRY                   ADDRESS         REF BY
           =====                   =======         ======
           gui_methods             00000AA0 
    -------------------------------------------------------------------------
DATA_C
  Relative segment, address: CODE_AREA 00000ACC - 00000ACF (0x4 bytes), align: 2
  Segment part 9.             Intra module refs:   Segment part 3
    -------------------------------------------------------------------------
CODE
  Relative segment, address: CODE_AREA 000009CC - 000009E7 (0x1c bytes), align: 2
  Segment part 43.            Intra module refs:   main
           ENTRY                   ADDRESS         REF BY
           =====                   =======         ======
           UpdateCSMname           000009CC 
               stack 1 = 00000000 ( 00000004 )
    -------------------------------------------------------------------------
CODE
  Relative segment, address: CODE_AREA 000009E8 - 00000A27 (0x40 bytes), align: 2
  Segment part 45.
           ENTRY                   ADDRESS         REF BY
           =====                   =======         ======
           main                    000009E8        Absolute parts (?ABS_ENTRY_MOD)
               stack 1 = 00000000 ( 00000030 )
    -------------------------------------------------------------------------
DATA_ID
  Relative segment, address: CODE_AREA 00000000 - 0000013B (0x13c bytes), align: 2
  Segment part 5.             Intra module refs:   Segment part 4
    -------------------------------------------------------------------------
INITTAB
  Relative segment, address: CODE_AREA 00000AD0 - 00000ADB (0xc bytes), align: 2
  Segment part 49. ROOT.
           ENTRY                   ADDRESS         REF BY
           =====                   =======         ======
           ?init?tab?DATA_Z        00000AD0 
    -------------------------------------------------------------------------
INITTAB
  Relative segment, address: CODE_AREA 00000ADC - 00000AE7 (0xc bytes), align: 2
  Segment part 51. ROOT.
           ENTRY                   ADDRESS         REF BY
           =====                   =======         ======
           ?init?tab?DATA_I        00000ADC 




                ****************************************
                *                                      *
                *      SEGMENTS IN ADDRESS ORDER       *
                *                                      *
                ****************************************


SEGMENT              SPACE    START ADDRESS   END ADDRESS     SIZE  TYPE  ALIGN
=======              =====    =============   ===========     ====  ====  =====
ELFBEGIN             CODE_AREA           00000000                     rel    0
DATA_ID              CODE_AREA      00000000 - 0000013B         13C   rel    2
START                CODE_AREA           0000013C                     dse    0
CODE                 CODE_AREA      0000013C - 00000A27         8EC   rel    2
DATA_C               CODE_AREA      00000A28 - 00000ACF          A8   rel    2
INITTAB              CODE_AREA      00000AD0 - 00000AE7          18   rel    2
DATA_Z               CODE_AREA      00000AE8 - 00000C03         11C   rel    2
DATA_I               DATA_AREA      00000000 - 0000013B         13C   rel    2

                ****************************************
                *                                      *
                *        END OF CROSS REFERENCE        *
                *                                      *
                ****************************************

 3 076 bytes of CODE memory
   316 bytes of DATA memory

Errors: none
Warnings: none

