################################################################################
#                                                                              #
#      IAR Universal Linker V4.60I/386                                         #
#                                                                              #
#           Link time     =  21/Oct/2018  18:38:07                             #
#           Target CPU    =  ARM                                               #
#           List file     =  E:\Users\alfinant\Documents\Siemens\alfinant\src_ #
#                            iar\cJSON\Release_NSG\List\cjson_test.map         #
#           Output file 1 =  E:\Users\alfinant\Documents\Siemens\alfinant\src_ #
#                            iar\cJSON\Release_NSG\Exe\cjson_test.elf          #
#                            Format: elf, variant: -ynpra                      #
#           Command line  =  E:\Users\alfinant\Documents\Siemens\alfinant\src_ #
#                            iar\cJSON\Release_NSG\Obj\cJSON.r79               #
#                            E:\Users\alfinant\Documents\Siemens\alfinant\src_ #
#                            iar\cJSON\Release_NSG\Obj\cJSON_Utils.r79         #
#                            E:\Users\alfinant\Documents\Siemens\alfinant\src_ #
#                            iar\cJSON\Release_NSG\Obj\func.r79                #
#                            E:\Users\alfinant\Documents\Siemens\alfinant\src_ #
#                            iar\cJSON\Release_NSG\Obj\main.r79                #
#                            E:\Users\alfinant\Documents\Siemens\alfinant\src_ #
#                            iar\cJSON\Release_NSG\Obj\undifined_functions.r79 #
#                            -o                                                #
#                            E:\Users\alfinant\Documents\Siemens\alfinant\src_ #
#                            iar\cJSON\Release_NSG\Exe\cjson_test.elf          #
#                            -Felf -l                                          #
#                            E:\Users\alfinant\Documents\Siemens\alfinant\src_ #
#                            iar\cJSON\Release_NSG\List\cjson_test.map         #
#                            -xm -f                                            #
#                            E:\Users\alfinant\Documents\Siemens\alfinant\src_ #
#                            iar\cJSON\test.xcl                                #
#                            (-carm -V(CODE)CODE_AREA,12                       #
#                            -V(DATA)DATA_AREA,12                              #
#                            -Z(CODE_AREA)ELFBEGIN,DATA_ID,START,CODE,DATA_C,I #
#                            NITTAB,DATA_Z,DATA_N,CONFIG_C=0-FFFFFFFF          #
#                            -Z(DATA_AREA)DATA_I=0-FFFFFFFF) -ynpra            #
#                            E:\Users\alfinant\Documents\Siemens\IAR\ARM\LIB\d #
#                            l5tpainl8n.r79                                    #
#                            -s main                                           #
#                                                                              #
#                        Copyright 1987-2007 IAR Systems. All rights reserved. #
################################################################################





                ****************************************
                *                                      *
                *           CROSS REFERENCE            *
                *                                      *
                ****************************************

       Program entry at : CODE_AREA 00000CE4  Relocatable, from module : main




                ****************************************
                *                                      *
                *            RUNTIME MODEL             *
                *                                      *
                ****************************************

  StackAlign4   = USED
  StackAlign8   = USED
  __cpu_mode    = __pcs__interwork
  __data_model  = absolute
  __endian      = little
  __rt_version  = 6
  __thumb_aware = enabled



                ****************************************
                *                                      *
                *              MODULE MAP              *
                *                                      *
                ****************************************


  DEFINED ABSOLUTE ENTRIES
    *************************************************************************

  DEFINED ABSOLUTE ENTRIES
    *************************************************************************

  FILE NAME : E:\Users\alfinant\Documents\Siemens\alfinant\src_iar\cJSON\Release_NSG\Obj\cJSON.r79
  PROGRAM MODULE, NAME : cJSON

  SEGMENTS IN THE MODULE
  ======================
DATA_C
  Relative segment, address: CODE_AREA 00001140 - 0000116B (0x2c bytes), align: 2
  Segment part 3.             Intra module refs:   Segment part 74
    -------------------------------------------------------------------------
DATA_C
  Relative segment, address: CODE_AREA 0000116C - 00001173 (0x8 bytes), align: 2
  Segment part 5.             Intra module refs:   print_string_ptr
    -------------------------------------------------------------------------
CODE
  Relative segment, address: CODE_AREA 00000014 - 0000001F (0xc bytes), align: 2
  Segment part 20.            Intra module refs:   Segment part 11
           LOCAL                   ADDRESS         
           =====                   =======         
           internal_malloc         00000014 
               stack 1 = 00000000 ( 00000004 )
    -------------------------------------------------------------------------
CODE
  Relative segment, address: CODE_AREA 00000020 - 0000002B (0xc bytes), align: 2
  Segment part 22.            Intra module refs:   Segment part 11
           LOCAL                   ADDRESS         
           =====                   =======         
           internal_free           00000020 
               stack 1 = 00000000 ( 00000004 )
    -------------------------------------------------------------------------
CODE
  Relative segment, address: CODE_AREA 0000002C - 00000037 (0xc bytes), align: 2
  Segment part 24.            Intra module refs:   Segment part 11
           LOCAL                   ADDRESS         
           =====                   =======         
           internal_realloc        0000002C 
               stack 1 = 00000000 ( 00000004 )
    -------------------------------------------------------------------------
DATA_I
  Relative segment, address: DATA_AREA 00000000 - 00000013 (0x14 bytes), align: 2
  Segment part 10.            Intra module refs:   Segment part 237
                                                   Segment part 33
                                                   Segment part 69
    -------------------------------------------------------------------------
CODE
  Relative segment, address: CODE_AREA 00000038 - 0000007F (0x48 bytes), align: 2
  Segment part 26.            Intra module refs:   add_item_to_object
           LOCAL                   ADDRESS         
           =====                   =======         
           cJSON_strdup            00000038 
               stack 1 = 00000000 ( 00000010 )
    -------------------------------------------------------------------------
CODE
  Relative segment, address: CODE_AREA 00000080 - 000000AF (0x30 bytes), align: 2
  Segment part 30.            Intra module refs:   cJSON_CreateNumber
                                                   cJSON_CreateObject
           LOCAL                   ADDRESS         
           =====                   =======         
           cJSON_New_Item          00000080 
               stack 1 = 00000000 ( 00000008 )
    -------------------------------------------------------------------------
CODE
  Relative segment, address: CODE_AREA 000000B0 - 0000013B (0x8c bytes), align: 2
  Segment part 32.            Intra module refs:   Segment part 127
           ENTRY                   ADDRESS         REF BY
           =====                   =======         ======
           cJSON_Delete            000000B0 
               stack 1 = 00000000 ( 00000010 )
    -------------------------------------------------------------------------
CODE
  Relative segment, address: CODE_AREA 0000013C - 0000013F (0x4 bytes), align: 2
  Segment part 33.            Intra module refs:   cJSON_Delete
    -------------------------------------------------------------------------
CODE
  Relative segment, address: CODE_AREA 00000140 - 00000233 (0xf4 bytes), align: 2
  Segment part 39.            Intra module refs:   print_array
                                                   print_number
                                                   print_object
                                                   print_string_ptr
                                                   print_value
           LOCAL                   ADDRESS         
           =====                   =======         
           ensure                  00000140 
               stack 1 = 00000000 ( 00000010 )
    -------------------------------------------------------------------------
CODE
  Relative segment, address: CODE_AREA 00000234 - 00000263 (0x30 bytes), align: 2
  Segment part 41.            Intra module refs:   print
                                                   print_array
                                                   print_object
           LOCAL                   ADDRESS         
           =====                   =======         
           update_offset           00000234 
               stack 1 = 00000000 ( 00000008 )
    -------------------------------------------------------------------------
CODE
  Relative segment, address: CODE_AREA 00000264 - 00000383 (0x120 bytes), align: 2
  Segment part 43.            Intra module refs:   print_value
           LOCAL                   ADDRESS         
           =====                   =======         
           print_number            00000264 
               stack 1 = 00000000 ( 0000003C )
    -------------------------------------------------------------------------
CODE
  Relative segment, address: CODE_AREA 00000384 - 0000038B (0x8 bytes), align: 2
  Segment part 44.            Intra module refs:   print
                                                   print_number
    -------------------------------------------------------------------------
CODE
  Relative segment, address: CODE_AREA 0000038C - 00000533 (0x1a8 bytes), align: 2
  Segment part 52.            Intra module refs:   print_object
                                                   print_value
           LOCAL                   ADDRESS         
           =====                   =======         
           print_string_ptr        0000038C 
               stack 1 = 00000000 ( 00000020 )
    -------------------------------------------------------------------------
CODE
  Relative segment, address: CODE_AREA 00000534 - 00000653 (0x120 bytes), align: 2
  Segment part 60.            Intra module refs:   cJSON_Print
           LOCAL                   ADDRESS         
           =====                   =======         
           print                   00000534 
               stack 1 = 00000000 ( 0000003C )
    -------------------------------------------------------------------------
CODE
  Relative segment, address: CODE_AREA 00000654 - 0000065F (0xc bytes), align: 2
  Segment part 62.
           ENTRY                   ADDRESS         REF BY
           =====                   =======         ======
           cJSON_Print             00000654        main (main)
               stack 1 = 00000000 ( 00000004 )
    -------------------------------------------------------------------------
CODE
  Relative segment, address: CODE_AREA 00000660 - 00000663 (0x4 bytes), align: 2
  Segment part 69.            Intra module refs:   cJSON_Print
    -------------------------------------------------------------------------
CODE
  Relative segment, address: CODE_AREA 00000664 - 0000079F (0x13c bytes), align: 2
  Segment part 73.            Intra module refs:   print
                                                   print_array
                                                   print_object
           LOCAL                   ADDRESS         
           =====                   =======         
           print_value             00000664 
               stack 1 = 00000000 ( 00000010 )
    -------------------------------------------------------------------------
CODE
  Relative segment, address: CODE_AREA 000007A0 - 000007A3 (0x4 bytes), align: 2
  Segment part 74.            Intra module refs:   print_number
                                                   print_value
    -------------------------------------------------------------------------
CODE
  Relative segment, address: CODE_AREA 000007A4 - 000007AF (0xc bytes), align: 2
  Segment part 78.            Intra module refs:   print_array
    -------------------------------------------------------------------------
CODE
  Relative segment, address: CODE_AREA 000007B0 - 000008B3 (0x104 bytes), align: 2
  Segment part 80.            Intra module refs:   print_value
           LOCAL                   ADDRESS         
           =====                   =======         
           print_array             000007B0 
               stack 1 = 00000000 ( 00000014 )
    -------------------------------------------------------------------------
CODE
  Relative segment, address: CODE_AREA 000008B4 - 000008BB (0x8 bytes), align: 2
  Segment part 83.            Intra module refs:   add_item_to_object
    -------------------------------------------------------------------------
CODE
  Relative segment, address: CODE_AREA 000008BC - 00000AC7 (0x20c bytes), align: 2
  Segment part 85.            Intra module refs:   print_value
           LOCAL                   ADDRESS         
           =====                   =======         
           print_object            000008BC 
               stack 1 = 00000000 ( 00000020 )
    -------------------------------------------------------------------------
CODE
  Relative segment, address: CODE_AREA 00000AC8 - 00000ACF (0x8 bytes), align: 2
  Segment part 86.            Intra module refs:   print_object
                                                   print_string_ptr
    -------------------------------------------------------------------------
CODE
  Relative segment, address: CODE_AREA 00000AD0 - 00000ADB (0xc bytes), align: 2
  Segment part 104.           Intra module refs:   add_item_to_array
           LOCAL                   ADDRESS         
           =====                   =======         
           suffix_object           00000AD0 
    -------------------------------------------------------------------------
CODE
  Relative segment, address: CODE_AREA 00000ADC - 00000B1B (0x40 bytes), align: 2
  Segment part 108.           Intra module refs:   add_item_to_object
           LOCAL                   ADDRESS         
           =====                   =======         
           add_item_to_array       00000ADC 
               stack 1 = 00000000 ( 00000004 )
    -------------------------------------------------------------------------
CODE
  Relative segment, address: CODE_AREA 00000B1C - 00000B23 (0x8 bytes), align: 2
  Segment part 109.           Intra module refs:   add_item_to_array
    -------------------------------------------------------------------------
CODE
  Relative segment, address: CODE_AREA 00000B24 - 00000BB3 (0x90 bytes), align: 2
  Segment part 113.           Intra module refs:   Segment part 127
           LOCAL                   ADDRESS         
           =====                   =======         
           add_item_to_object      00000B24 
               stack 1 = 00000000 ( 00000018 )
    -------------------------------------------------------------------------
CODE
  Relative segment, address: CODE_AREA 00000BB4 - 00000BEF (0x3c bytes), align: 2
  Segment part 127.           Intra module refs:   cJSON_AddNumberToObject
                                                   cJSON_strdup
                                                   ensure
                                                   print_value
    -------------------------------------------------------------------------
CODE
  Relative segment, address: CODE_AREA 00000BF0 - 00000C0B (0x1c bytes), align: 2
  Segment part 133.
           ENTRY                   ADDRESS         REF BY
           =====                   =======         ======
           cJSON_AddNumberToObject
                                   00000BF0        main (main)
               stack 1 = 00000000 ( 00000014 )
    -------------------------------------------------------------------------
CODE
  Relative segment, address: CODE_AREA 00000C0C - 00000C13 (0x8 bytes), align: 2
  Segment part 174.           Intra module refs:   cJSON_CreateObject
    -------------------------------------------------------------------------
CODE
  Relative segment, address: CODE_AREA 00000C14 - 00000C9F (0x8c bytes), align: 2
  Segment part 180.           Intra module refs:   cJSON_AddNumberToObject
           ENTRY                   ADDRESS         REF BY
           =====                   =======         ======
           cJSON_CreateNumber      00000C14 
               stack 1 = 00000000 ( 00000010 )
    -------------------------------------------------------------------------
CODE
  Relative segment, address: CODE_AREA 00000CA0 - 00000CA7 (0x8 bytes), align: 2
  Segment part 183.           Intra module refs:   cJSON_CreateNumber
    -------------------------------------------------------------------------
CODE
  Relative segment, address: CODE_AREA 00000CA8 - 00000CBF (0x18 bytes), align: 2
  Segment part 196.
           ENTRY                   ADDRESS         REF BY
           =====                   =======         ======
           cJSON_CreateObject      00000CA8        main (main)
               stack 1 = 00000000 ( 00000004 )
    -------------------------------------------------------------------------
CODE
  Relative segment, address: CODE_AREA 00000CC0 - 00000CC3 (0x4 bytes), align: 2
  Segment part 237.           Intra module refs:   Segment part 127
                                                   cJSON_CreateNumber
                                                   cJSON_CreateObject
    -------------------------------------------------------------------------
DATA_ID
  Relative segment, address: CODE_AREA 00000000 - 00000013 (0x14 bytes), align: 2
  Segment part 11.            Intra module refs:   Segment part 10
    -------------------------------------------------------------------------
INITTAB
  Relative segment, address: CODE_AREA 0000117C - 00001187 (0xc bytes), align: 2
  Segment part 250. ROOT.
           ENTRY                   ADDRESS         REF BY
           =====                   =======         ======
           ?init?tab?DATA_Z        0000117C 
    -------------------------------------------------------------------------
INITTAB
  Relative segment, address: CODE_AREA 00001188 - 00001193 (0xc bytes), align: 2
  Segment part 252. ROOT.
           ENTRY                   ADDRESS         REF BY
           =====                   =======         ======
           ?init?tab?DATA_I        00001188 

    *************************************************************************

  FILE NAME : E:\Users\alfinant\Documents\Siemens\alfinant\src_iar\cJSON\Release_NSG\Obj\cJSON_Utils.r79
    *************************************************************************

  FILE NAME : E:\Users\alfinant\Documents\Siemens\alfinant\src_iar\cJSON\Release_NSG\Obj\func.r79
  PROGRAM MODULE, NAME : func

  SEGMENTS IN THE MODULE
  ======================
ELFBEGIN
  Relative segment, address: CODE_AREA 00000000, align: 0
  Segment part 0. ROOT.
           ENTRY                   ADDRESS         REF BY
           =====                   =======         ======
           ELF_BEGIN               00000000 
    -------------------------------------------------------------------------
CODE
  Relative segment, address: CODE_AREA 00000CC4 - 00000CC7 (0x4 bytes), align: 2
  Segment part 1. ROOT.
           ENTRY                   ADDRESS         REF BY
           =====                   =======         ======
           kill_data               00000CC4        ElfKiller (main)

    *************************************************************************

  FILE NAME : E:\Users\alfinant\Documents\Siemens\alfinant\src_iar\cJSON\Release_NSG\Obj\main.r79
  PROGRAM MODULE, NAME : main

  SEGMENTS IN THE MODULE
  ======================
CODE
  Relative segment, address: CODE_AREA 00000CC8 - 00000CE3 (0x1c bytes), align: 2
  Segment part 4.             Intra module refs:   main
           ENTRY                   ADDRESS         REF BY
           =====                   =======         ======
           ElfKiller               00000CC8 
               stack 1 = 00000000 ( 00000004 )
    -------------------------------------------------------------------------
CODE
  Relative segment, address: CODE_AREA 00000CE4 - 00000D2F (0x4c bytes), align: 2
  Segment part 6.
           ENTRY                   ADDRESS         REF BY
           =====                   =======         ======
           main                    00000CE4        Absolute parts (?ABS_ENTRY_MOD)
               stack 1 = 00000000 ( 00000008 )
    -------------------------------------------------------------------------
DATA_C
  Relative segment, address: CODE_AREA 00001174 - 0000117B (0x8 bytes), align: 2
  Segment part 2.             Intra module refs:   main

    *************************************************************************

  FILE NAME : E:\Users\alfinant\Documents\Siemens\alfinant\src_iar\cJSON\Release_NSG\Obj\undifined_functions.r79
    *************************************************************************

  FILE NAME : E:\Users\alfinant\Documents\Siemens\IAR\ARM\LIB\dl5tpainl8n.r79
  LIBRARY MODULE, NAME : ?fpStatus

  SEGMENTS IN THE MODULE
  ======================
DATA_Z
  Relative segment, address: CODE_AREA 00001194 - 00001197 (0x4 bytes), align: 2
  Segment part 2.
           ENTRY                   ADDRESS         REF BY
           =====                   =======         ======
           __FloatingPointFlags    00001194        Segment part 0 (?SetInvalidFlag)

    -------------------------------------------------------------------------
  LIBRARY MODULE, NAME : ?GetDenormal

  SEGMENTS IN THE MODULE
  ======================
CODE
  Relative segment, address: CODE_AREA 00000D30 - 00000D8F (0x60 bytes), align: 2
  Segment part 0.
           ENTRY                   ADDRESS         REF BY
           =====                   =======         ======
           ?GetDenormalX           00000D30        Segment part 1 (?D_MulFloat)
           ?GetDenormalY           00000D60        Segment part 1 (?D_MulFloat)

    -------------------------------------------------------------------------
  LIBRARY MODULE, NAME : ?D_DOUBLE2LONG

  SEGMENTS IN THE MODULE
  ======================
CODE
  Relative segment, address: CODE_AREA 00000D90 - 00000DEF (0x60 bytes), align: 2
  Segment part 1.
           ENTRY                   ADDRESS         REF BY
           =====                   =======         ======
           __aeabi_d2iz            00000D90 
           __doubleToLong          00000D90        cJSON_CreateNumber (cJSON)
           __doubleToLong::??rA    00000D90 

    -------------------------------------------------------------------------
  LIBRARY MODULE, NAME : ?DBL_EQ

  SEGMENTS IN THE MODULE
  ======================
CODE
  Relative segment, address: CODE_AREA 00000DF0 - 00000E23 (0x34 bytes), align: 2
  Segment part 0.
           ENTRY                   ADDRESS         REF BY
           =====                   =======         ======
           __aeabi_cdcmpeq         00000DF0        __dNotEqual (?D_CmpFloat1)

    -------------------------------------------------------------------------
  LIBRARY MODULE, NAME : ?D_CmpFloat1

  SEGMENTS IN THE MODULE
  ======================
CODE
  Relative segment, address: CODE_AREA 00000E24 - 00000E3B (0x18 bytes), align: 2
  Segment part 1.
           ENTRY                   ADDRESS         REF BY
           =====                   =======         ======
           __dNotEqual             00000E24        print_number (cJSON)
           __dNotEqual::??rA       00000E24 

    -------------------------------------------------------------------------
  LIBRARY MODULE, NAME : ?SetInvalidFlag

  SEGMENTS IN THE MODULE
  ======================
CODE
  Relative segment, address: CODE_AREA 00000E3C - 00000E57 (0x1c bytes), align: 2
  Segment part 0.
           ENTRY                   ADDRESS         REF BY
           =====                   =======         ======
           ?SetInvalidFlag         00000E40        __aeabi_cdcmple (?DBL_LT)
           ?SetInvalidFlagClr      00000E3C        __aeabi_cdrcmple (?DBL_GE)

    -------------------------------------------------------------------------
  LIBRARY MODULE, NAME : ?DBL_GE

  SEGMENTS IN THE MODULE
  ======================
CODE
  Relative segment, address: CODE_AREA 00000E58 - 00000E97 (0x40 bytes), align: 2
  Segment part 0.
           ENTRY                   ADDRESS         REF BY
           =====                   =======         ======
           __aeabi_cdrcmple        00000E58        Segment part 1 (?D_CmpFloat5)

    -------------------------------------------------------------------------
  LIBRARY MODULE, NAME : ?D_CmpFloat5

  SEGMENTS IN THE MODULE
  ======================
CODE
  Relative segment, address: CODE_AREA 00000E98 - 00000EAF (0x18 bytes), align: 2
  Segment part 1.
           ENTRY                   ADDRESS         REF BY
           =====                   =======         ======
           __aeabi_dcmpge          00000E98 
           __dGreaterEqual         00000E98        cJSON_CreateNumber (cJSON)
           __dGreaterEqual::??rA   00000E98 

    -------------------------------------------------------------------------
  LIBRARY MODULE, NAME : ?DBL_LT

  SEGMENTS IN THE MODULE
  ======================
CODE
  Relative segment, address: CODE_AREA 00000EB0 - 00000EEF (0x40 bytes), align: 2
  Segment part 0.
           ENTRY                   ADDRESS         REF BY
           =====                   =======         ======
           __aeabi_cdcmple         00000EB0        Segment part 1 (?D_CmpFloat4)

    -------------------------------------------------------------------------
  LIBRARY MODULE, NAME : ?D_CmpFloat4

  SEGMENTS IN THE MODULE
  ======================
CODE
  Relative segment, address: CODE_AREA 00000EF0 - 00000F07 (0x18 bytes), align: 2
  Segment part 1.
           ENTRY                   ADDRESS         REF BY
           =====                   =======         ======
           __dLess                 00000EF0        cJSON_CreateNumber (cJSON)
           __dLess::??rA           00000EF0 
           __aeabi_dcmplt          00000EF0 

    -------------------------------------------------------------------------
  LIBRARY MODULE, NAME : ?D_MulFloat

  SEGMENTS IN THE MODULE
  ======================
CODE
  Relative segment, address: CODE_AREA 00000F08 - 0000113F (0x238 bytes), align: 2
  Segment part 1.
           ENTRY                   ADDRESS         REF BY
           =====                   =======         ======
           __dMul                  00000F08        print_number (cJSON)
           __dMul::??rA            00000F08 
           __aeabi_dmul            00000F08 



                ****************************************
                *                                      *
                *        END OF CROSS REFERENCE        *
                *                                      *
                ****************************************

 4 504 bytes of CODE memory
    20 bytes of DATA memory

Errors: none
Warnings: none

