################################################################################
#                                                                              #
#      IAR Universal Linker V4.60I/386                                         #
#                                                                              #
#           Link time     =  18/Feb/2023  23:43:18                             #
#           Target CPU    =  ARM                                               #
#           List file     =  D:\Users\alfinant\Documents\Siemens\Dev\IAR\GetPr #
#                            ocAdrr\Release_NSG\List\GetProcAdrrt.map          #
#           Output file 1 =  D:\Users\alfinant\Documents\Siemens\Dev\IAR\GetPr #
#                            ocAdrr\Release_NSG\Exe\GetProcAdrrt.elf           #
#                            Format: elf, variant: -ynpra                      #
#           Command line  =  D:\Users\alfinant\Documents\Siemens\Dev\IAR\GetPr #
#                            ocAdrr\Release_NSG\Obj\func.r79                   #
#                            D:\Users\alfinant\Documents\Siemens\Dev\IAR\GetPr #
#                            ocAdrr\Release_NSG\Obj\main.r79                   #
#                            -o                                                #
#                            D:\Users\alfinant\Documents\Siemens\Dev\IAR\GetPr #
#                            ocAdrr\Release_NSG\Exe\GetProcAdrrt.elf           #
#                            -Felf -l                                          #
#                            D:\Users\alfinant\Documents\Siemens\Dev\IAR\GetPr #
#                            ocAdrr\Release_NSG\List\GetProcAdrrt.map          #
#                            -xm -f                                            #
#                            D:\Users\alfinant\Documents\Siemens\Dev\IAR\GetPr #
#                            ocAdrr\test.xcl                                   #
#                            (-carm -V(CODE)CODE_AREA,12                       #
#                            -V(DATA)DATA_AREA,12                              #
#                            -Z(CODE_AREA)ELFBEGIN,DATA_ID,START,CODE,DATA_C,I #
#                            NITTAB,DATA_Z,DATA_N,CONFIG_C=0-FFFFFFFF          #
#                            -Z(DATA_AREA)DATA_I=0-FFFFFFFF) -ynpra            #
#                            D:\Users\alfinant\Documents\Siemens\IAR\ARM\LIB\d #
#                            l5tpainl8n.r79                                    #
#                            -s main                                           #
#                                                                              #
#                        Copyright 1987-2007 IAR Systems. All rights reserved. #
################################################################################





                ****************************************
                *                                      *
                *           CROSS REFERENCE            *
                *                                      *
                ****************************************

       Program entry at : CODE_AREA 00000004  Relocatable, from module : main




                ****************************************
                *                                      *
                *            RUNTIME MODEL             *
                *                                      *
                ****************************************

  StackAlign4            = USED
  __cpu_mode             = __pcs__interwork
  __data_model           = absolute
  __dlib_file_descriptor = 0
  __endian               = little
  __rt_version           = 6



                ****************************************
                *                                      *
                *              MODULE MAP              *
                *                                      *
                ****************************************


  DEFINED ABSOLUTE ENTRIES
    *************************************************************************

  DEFINED ABSOLUTE ENTRIES
    *************************************************************************

  FILE NAME : D:\Users\alfinant\Documents\Siemens\Dev\IAR\GetProcAdrr\Release_NSG\Obj\func.r79
  PROGRAM MODULE, NAME : func

  SEGMENTS IN THE MODULE
  ======================
ELFBEGIN
  Relative segment, address: CODE_AREA 00000000, align: 0
  Segment part 0. ROOT.
           ENTRY                   ADDRESS         REF BY
           =====                   =======         ======
           ELF_BEGIN               00000000 
    -------------------------------------------------------------------------
CODE
  Relative segment, address: CODE_AREA 00000000 - 00000003 (0x4 bytes), align: 2
  Segment part 1. ROOT.
           ENTRY                   ADDRESS         REF BY
           =====                   =======         ======
           kill_data               00000000 

    *************************************************************************

  FILE NAME : D:\Users\alfinant\Documents\Siemens\Dev\IAR\GetProcAdrr\Release_NSG\Obj\main.r79
  PROGRAM MODULE, NAME : main

  SEGMENTS IN THE MODULE
  ======================
CODE
  Relative segment, address: CODE_AREA 00000004 - 00000043 (0x40 bytes), align: 2
  Segment part 6.
           ENTRY                   ADDRESS         REF BY
           =====                   =======         ======
           main                    00000004        Absolute parts (?ABS_ENTRY_MOD)
               stack 1 = 00000000 ( 00000024 )
    -------------------------------------------------------------------------
DATA_C
  Relative segment, address: CODE_AREA 00000044 - 0000004B (0x8 bytes), align: 2
  Segment part 2.             Intra module refs:   main



                ****************************************
                *                                      *
                *        END OF CROSS REFERENCE        *
                *                                      *
                ****************************************

 76 bytes of CODE memory

Errors: none
Warnings: none

