################################################################################
#                                                                              #
#      IAR Universal Linker V4.60I/386                                         #
#                                                                              #
#           Link time     =  09/Oct/2014  23:03:31                             #
#           Target CPU    =  ARM                                               #
#           List file     =  C:\Users\alfin_000\Documents\Siemens\IAR\ARM\alfi #
#                            nant\PinControl\Release_SGOLD\List\PinControl.map #
#           Output file 1 =  C:\Users\alfin_000\Documents\Siemens\IAR\ARM\alfi #
#                            nant\PinControl\Release_SGOLD\Exe\PinControl.elf  #
#                            Format: elf, variant: -ynpra                      #
#           Command line  =  C:\Users\alfin_000\Documents\Siemens\IAR\ARM\alfi #
#                            nant\PinControl\Release_SGOLD\Obj\func.r79        #
#                            C:\Users\alfin_000\Documents\Siemens\IAR\ARM\alfi #
#                            nant\PinControl\Release_SGOLD\Obj\i2c.r79         #
#                            C:\Users\alfin_000\Documents\Siemens\IAR\ARM\alfi #
#                            nant\PinControl\Release_SGOLD\Obj\main.r79        #
#                            -o                                                #
#                            C:\Users\alfin_000\Documents\Siemens\IAR\ARM\alfi #
#                            nant\PinControl\Release_SGOLD\Exe\PinControl.elf  #
#                            -Felf -l                                          #
#                            C:\Users\alfin_000\Documents\Siemens\IAR\ARM\alfi #
#                            nant\PinControl\Release_SGOLD\List\PinControl.map #
#                            -xm -f                                            #
#                            C:\Users\alfin_000\Documents\Siemens\IAR\ARM\alfi #
#                            nant\PinControl\test.xcl                          #
#                            (-carm -V(CODE)CODE_AREA,12                       #
#                            -V(DATA)DATA_AREA,12                              #
#                            -Z(CODE_AREA)ELFBEGIN,DATA_ID,START,CODE,DATA_C,I #
#                            NITTAB,DATA_Z,DATA_N,CONFIG_C=0-FFFFFFFF          #
#                            -Z(DATA_AREA)DATA_I=0-FFFFFFFF) -ynpra            #
#                            C:\Users\alfin_000\Documents\Siemens\IAR\ARM\LIB\ #
#                            dl5tpainl8n.r79                                   #
#                            -s main                                           #
#                                                                              #
#                        Copyright 1987-2007 IAR Systems. All rights reserved. #
################################################################################





                ****************************************
                *                                      *
                *           CROSS REFERENCE            *
                *                                      *
                ****************************************

       Program entry at : CODE_AREA 000001E4  Relocatable, from module : main




                ****************************************
                *                                      *
                *            RUNTIME MODEL             *
                *                                      *
                ****************************************

  StackAlign4  = USED
  __cpu_mode   = __pcs__interwork
  __data_model = absolute
  __endian     = little
  __rt_version = 6



                ****************************************
                *                                      *
                *              MODULE MAP              *
                *                                      *
                ****************************************


  DEFINED ABSOLUTE ENTRIES
    *************************************************************************

  DEFINED ABSOLUTE ENTRIES
    *************************************************************************

  FILE NAME : C:\Users\alfin_000\Documents\Siemens\IAR\ARM\alfinant\PinControl\Release_SGOLD\Obj\func.r79
  PROGRAM MODULE, NAME : func

  SEGMENTS IN THE MODULE
  ======================
ELFBEGIN
  Relative segment, address: CODE_AREA 00000000, align: 0
  Segment part 0. ROOT.
           ENTRY                   ADDRESS         REF BY
           =====                   =======         ======
           ELF_BEGIN               00000000 
    -------------------------------------------------------------------------
CODE
  Relative segment, address: CODE_AREA 00000068 - 0000006B (0x4 bytes), align: 2
  Segment part 1. ROOT.
           ENTRY                   ADDRESS         REF BY
           =====                   =======         ======
           kill_data               00000068        ElfKiller (main)

    *************************************************************************

  FILE NAME : C:\Users\alfin_000\Documents\Siemens\IAR\ARM\alfinant\PinControl\Release_SGOLD\Obj\i2c.r79
  PROGRAM MODULE, NAME : i2c

  SEGMENTS IN THE MODULE
  ======================
CODE
  Relative segment, address: CODE_AREA 0000006C - 000000C3 (0x58 bytes), align: 2
  Segment part 5.
           ENTRY                   ADDRESS         REF BY
           =====                   =======         ======
           i2cr_pmu                0000006C        InitPin (main)
               stack 1 = 00000000 ( 00000024 )
    -------------------------------------------------------------------------
CODE
  Relative segment, address: CODE_AREA 000000C4 - 000000CB (0x8 bytes), align: 2
  Segment part 6.             Intra module refs:   i2cr_pmu

    *************************************************************************

  FILE NAME : C:\Users\alfin_000\Documents\Siemens\IAR\ARM\alfinant\PinControl\Release_SGOLD\Obj\main.r79
  PROGRAM MODULE, NAME : main

  SEGMENTS IN THE MODULE
  ======================
DATA_I
  Relative segment, address: DATA_AREA 00000000 - 00000067 (0x68 bytes), align: 2
  Segment part 6.             Intra module refs:   Segment part 19
           ENTRY                   ADDRESS         REF BY
           =====                   =======         ======
           connector               00000000 
           save_connector          00000034 
    -------------------------------------------------------------------------
CODE
  Relative segment, address: CODE_AREA 000000CC - 00000137 (0x6c bytes), align: 2
  Segment part 11.            Intra module refs:   main
           ENTRY                   ADDRESS         REF BY
           =====                   =======         ======
           InitPin                 000000CC 
               stack 1 = 00000000 ( 00000004 )
    -------------------------------------------------------------------------
CODE
  Relative segment, address: CODE_AREA 00000138 - 0000018B (0x54 bytes), align: 2
  Segment part 13.            Intra module refs:   main
           ENTRY                   ADDRESS         REF BY
           =====                   =======         ======
           pinMode                 00000138 
    -------------------------------------------------------------------------
CODE
  Relative segment, address: CODE_AREA 0000018C - 000001BB (0x30 bytes), align: 2
  Segment part 15.            Intra module refs:   main
           ENTRY                   ADDRESS         REF BY
           =====                   =======         ======
           digitalWrite            0000018C 
    -------------------------------------------------------------------------
CODE
  Relative segment, address: CODE_AREA 000001BC - 000001C3 (0x8 bytes), align: 2
  Segment part 16.            Intra module refs:   digitalWrite
                                                   pinMode
    -------------------------------------------------------------------------
CODE
  Relative segment, address: CODE_AREA 000001C4 - 000001C7 (0x4 bytes), align: 2
  Segment part 19.            Intra module refs:   InitPin
                                                   digitalWrite
                                                   pinMode
    -------------------------------------------------------------------------
CODE
  Relative segment, address: CODE_AREA 000001C8 - 000001E3 (0x1c bytes), align: 2
  Segment part 21.            Intra module refs:   main
           ENTRY                   ADDRESS         REF BY
           =====                   =======         ======
           ElfKiller               000001C8 
               stack 1 = 00000000 ( 00000004 )
    -------------------------------------------------------------------------
CODE
  Relative segment, address: CODE_AREA 000001E4 - 0000023F (0x5c bytes), align: 2
  Segment part 25.
           ENTRY                   ADDRESS         REF BY
           =====                   =======         ======
           main                    000001E4        Absolute parts (?ABS_ENTRY_MOD)
               stack 1 = 00000000 ( 00000004 )
    -------------------------------------------------------------------------
DATA_ID
  Relative segment, address: CODE_AREA 00000000 - 00000067 (0x68 bytes), align: 2
  Segment part 7.             Intra module refs:   Segment part 6
    -------------------------------------------------------------------------
INITTAB
  Relative segment, address: CODE_AREA 00000250 - 0000025B (0xc bytes), align: 2
  Segment part 29. ROOT.
           ENTRY                   ADDRESS         REF BY
           =====                   =======         ======
           ?init?tab?DATA_I        00000250 
    -------------------------------------------------------------------------
DATA_C
  Relative segment, address: CODE_AREA 00000240 - 0000024F (0x10 bytes), align: 2
  Segment part 5.             Intra module refs:   main



                ****************************************
                *                                      *
                *        END OF CROSS REFERENCE        *
                *                                      *
                ****************************************

 604 bytes of CODE memory
 104 bytes of DATA memory

Errors: none
Warnings: none

