################################################################################
#                                                                              #
#      IAR Universal Linker V4.60I/386                                         #
#                                                                              #
#           Link time     =  13/Mar/2014  15:19:38                             #
#           Target CPU    =  ARM                                               #
#           List file     =  C:\Users\alfin_000\Documents\Siemens\IAR\ARM\alfi #
#                            nant\Test\Release_SGOLD\List\test.map             #
#           Output file 1 =  C:\Users\alfin_000\Documents\Siemens\IAR\ARM\alfi #
#                            nant\Test\Release_SGOLD\Exe\test.elf              #
#                            Format: elf, variant: -ynpra                      #
#           Command line  =  C:\Users\alfin_000\Documents\Siemens\IAR\ARM\alfi #
#                            nant\Test\Release_SGOLD\Obj\func.r79              #
#                            C:\Users\alfin_000\Documents\Siemens\IAR\ARM\alfi #
#                            nant\Test\Release_SGOLD\Obj\main.r79              #
#                            C:\Users\alfin_000\Documents\Siemens\IAR\ARM\alfi #
#                            nant\Test\Release_SGOLD\Obj\tbsys.r79             #
#                            -o                                                #
#                            C:\Users\alfin_000\Documents\Siemens\IAR\ARM\alfi #
#                            nant\Test\Release_SGOLD\Exe\test.elf              #
#                            -Felf -l                                          #
#                            C:\Users\alfin_000\Documents\Siemens\IAR\ARM\alfi #
#                            nant\Test\Release_SGOLD\List\test.map             #
#                            -xm -f                                            #
#                            C:\Users\alfin_000\Documents\Siemens\IAR\ARM\alfi #
#                            nant\Test\test.xcl                                #
#                            (-carm -V(CODE)CODE_AREA,12                       #
#                            -V(DATA)DATA_AREA,12                              #
#                            -Z(CODE_AREA)ELFBEGIN,DATA_ID,START,CODE,DATA_C,I #
#                            NITTAB,DATA_Z,DATA_N,CONFIG_C=0-FFFFFFFF          #
#                            -Z(DATA_AREA)DATA_I=0-FFFFFFFF) -ynpra            #
#                            C:\Users\alfin_000\Documents\Siemens\IAR\ARM\LIB\ #
#                            dl5tpainl8n.r79                                   #
#                            -s main                                           #
#                                                                              #
#                        Copyright 1987-2007 IAR Systems. All rights reserved. #
################################################################################





                ****************************************
                *                                      *
                *           CROSS REFERENCE            *
                *                                      *
                ****************************************

       Program entry at : CODE_AREA 00000020  Relocatable, from module : main




                ****************************************
                *                                      *
                *            RUNTIME MODEL             *
                *                                      *
                ****************************************

  StackAlign4  = USED
  __cpu_mode   = __pcs__interwork
  __data_model = absolute
  __endian     = little
  __rt_version = 6



                ****************************************
                *                                      *
                *              MODULE MAP              *
                *                                      *
                ****************************************


  DEFINED ABSOLUTE ENTRIES
    *************************************************************************

  DEFINED ABSOLUTE ENTRIES
    *************************************************************************

  FILE NAME : C:\Users\alfin_000\Documents\Siemens\IAR\ARM\alfinant\Test\Release_SGOLD\Obj\func.r79
  PROGRAM MODULE, NAME : func

  SEGMENTS IN THE MODULE
  ======================
ELFBEGIN
  Relative segment, address: CODE_AREA 00000000, align: 0
  Segment part 0. ROOT.
           ENTRY                   ADDRESS         REF BY
           =====                   =======         ======
           ELF_BEGIN               00000000 
    -------------------------------------------------------------------------
CODE
  Relative segment, address: CODE_AREA 00000000 - 00000003 (0x4 bytes), align: 2
  Segment part 1. ROOT.
           ENTRY                   ADDRESS         REF BY
           =====                   =======         ======
           kill_data               00000000        ElfKiller (main)

    *************************************************************************

  FILE NAME : C:\Users\alfin_000\Documents\Siemens\IAR\ARM\alfinant\Test\Release_SGOLD\Obj\main.r79
  PROGRAM MODULE, NAME : main

  SEGMENTS IN THE MODULE
  ======================
CODE
  Relative segment, address: CODE_AREA 00000004 - 0000001F (0x1c bytes), align: 2
  Segment part 15.            Intra module refs:   main
           ENTRY                   ADDRESS         REF BY
           =====                   =======         ======
           ElfKiller               00000004 
               stack 1 = 00000000 ( 00000004 )
    -------------------------------------------------------------------------
CODE
  Relative segment, address: CODE_AREA 00000020 - 00000057 (0x38 bytes), align: 2
  Segment part 23.
           ENTRY                   ADDRESS         REF BY
           =====                   =======         ======
           main                    00000020        Absolute parts (?ABS_ENTRY_MOD)
               stack 1 = 00000000 ( 00000008 )
    -------------------------------------------------------------------------
INITTAB
  Relative segment, address: CODE_AREA 00000194 - 0000019F (0xc bytes), align: 2
  Segment part 27. ROOT.
           ENTRY                   ADDRESS         REF BY
           =====                   =======         ======
           ?init?tab?DATA_I        00000194 

    *************************************************************************

  FILE NAME : C:\Users\alfin_000\Documents\Siemens\IAR\ARM\alfinant\Test\Release_SGOLD\Obj\tbsys.r79
  PROGRAM MODULE, NAME : tbsys

  SEGMENTS IN THE MODULE
  ======================
CODE
  Relative segment, address: CODE_AREA 00000058 - 00000193 (0x13c bytes), align: 2
  Segment part 0. ROOT.
           ENTRY                   ADDRESS         REF BY
           =====                   =======         ======
           EnableINT               00000058 
           DisableINT              00000078 
           ExecuteIMB              00000098 
           GetTBaseAddr            00000104 
           UnLockAccess            0000012C 



                ****************************************
                *                                      *
                *        END OF CROSS REFERENCE        *
                *                                      *
                ****************************************

 416 bytes of CODE memory

Errors: none
Warnings: none

