###############################################################################
#                                                                             #
#     IAR Systems ARM Assembler V4.42A/W32 04/Apr/2014  14:20:36              #
#     Copyright 1999-2007 IAR Systems. All rights reserved.                   #
#                                                                             #
#           Source file   =  C:\Users\alfin_000\Documents\Siemens\IAR\ARM\alfinant\SerialLib\DIF\func.asm#
#           List file     =  C:\Users\alfin_000\Documents\Siemens\IAR\ARM\alfinant\SerialLib\DIF\Release NSG\List\func.lst#
#           Object file   =  C:\Users\alfin_000\Documents\Siemens\IAR\ARM\alfinant\SerialLib\DIF\Release NSG\Obj\func.r79#
#           Command line  =  C:\Users\alfin_000\Documents\Siemens\IAR\ARM\alfinant\SerialLib\DIF\func.asm #
#                            -OC:\Users\alfin_000\Documents\Siemens\IAR\ARM\alfinant\SerialLib\DIF\Release NSG\Obj\ #
#                            -s+ -M<> -w+                                     #
#                            -LC:\Users\alfin_000\Documents\Siemens\IAR\ARM\alfinant\SerialLib\DIF\Release NSG\List\ #
#                            -t8 --cpu ARM926EJ-S --fpu None                  #
#                            -IC:\Users\alfin_000\Documents\Siemens\IAR\ARM\INC\ #
#                                                                             #
###############################################################################

    1    00000000                      PUBLIC  ELF_BEGIN
    2    00000000                      RSEG    ELFBEGIN:DATA
    3    00000000              ELF_BEGIN
    4    00000000              
    5    00000000                      RSEG    CODE:CODE
    6    00000000                      PUBLIC  kill_data
    7    00000000                      CODE32
    8    00000000              kill_data
    9    00000000 11FF2FE1             BX      R1
   10    00000004              
   11    00000004              
   16    00000004              
   17    00000004              //        defadr  GBS_WaitForMsg,0xA00925C4
   18    00000004              //        defadr  RegisterCepidForSocketWork,0xA
                               09915E5
   19    00000004              //        defadr  RequestLMANConnect,0xA09926F5
   20    00000004              //        defadr  RefreshGUI,0xA097851D
   21    00000004              //        defadr  EDIT_SetFocus,0xA0A118D9
   22    00000004              
   23    00000004                      END
##############################
#          CRC:376           #
#        Errors:   0         #
#        Warnings: 0         #
#          Bytes: 4          #
##############################



