################################################################################
#                                                                              #
#      IAR Universal Linker V4.60I/386                                         #
#                                                                              #
#           Link time     =  14/Dec/2015  01:16:26                             #
#           Target CPU    =  ARM                                               #
#           List file     =  E:\Users\alfinant\Documents\Siemens\alfinant\i2c_ #
#                            info\Release_SGOLD\List\i2c_info_SG.map           #
#           Output file 1 =  E:\Users\alfinant\Documents\Siemens\alfinant\i2c_ #
#                            info\Release_SGOLD\Exe\i2c_info_SG.elf            #
#                            Format: elf, variant: -ynpra                      #
#           Command line  =  E:\Users\alfinant\Documents\Siemens\alfinant\i2c_ #
#                            info\Release_SGOLD\Obj\func.r79                   #
#                            E:\Users\alfinant\Documents\Siemens\alfinant\i2c_ #
#                            info\Release_SGOLD\Obj\i2c.r79                    #
#                            E:\Users\alfinant\Documents\Siemens\alfinant\i2c_ #
#                            info\Release_SGOLD\Obj\main.r79                   #
#                            -o                                                #
#                            E:\Users\alfinant\Documents\Siemens\alfinant\i2c_ #
#                            info\Release_SGOLD\Exe\i2c_info_SG.elf            #
#                            -Felf -l                                          #
#                            E:\Users\alfinant\Documents\Siemens\alfinant\i2c_ #
#                            info\Release_SGOLD\List\i2c_info_SG.map           #
#                            -xm -f                                            #
#                            E:\Users\alfinant\Documents\Siemens\alfinant\i2c_ #
#                            info\test.xcl                                     #
#                            (-carm -V(CODE)CODE_AREA,12                       #
#                            -V(DATA)DATA_AREA,12                              #
#                            -Z(CODE_AREA)ELFBEGIN,DATA_ID,START,CODE,DATA_C,I #
#                            NITTAB,DATA_Z,DATA_N,CONFIG_C=0-FFFFFFFF          #
#                            -Z(DATA_AREA)DATA_I=0-FFFFFFFF) -ynpra            #
#                            E:\Users\alfinant\Documents\Siemens\IAR\ARM\LIB\d #
#                            l5tpainl8n.r79                                    #
#                            -s main                                           #
#                                                                              #
#                        Copyright 1987-2007 IAR Systems. All rights reserved. #
################################################################################





                ****************************************
                *                                      *
                *           CROSS REFERENCE            *
                *                                      *
                ****************************************

       Program entry at : CODE_AREA 00000178  Relocatable, from module : main




                ****************************************
                *                                      *
                *            RUNTIME MODEL             *
                *                                      *
                ****************************************

  StackAlign4  = USED
  __cpu_mode   = __pcs__interwork
  __data_model = absolute
  __endian     = little
  __rt_version = 6



                ****************************************
                *                                      *
                *              MODULE MAP              *
                *                                      *
                ****************************************


  DEFINED ABSOLUTE ENTRIES
    *************************************************************************

  DEFINED ABSOLUTE ENTRIES
    *************************************************************************

  FILE NAME : E:\Users\alfinant\Documents\Siemens\alfinant\i2c_info\Release_SGOLD\Obj\func.r79
  PROGRAM MODULE, NAME : func

  SEGMENTS IN THE MODULE
  ======================
ELFBEGIN
  Relative segment, address: CODE_AREA 00000000, align: 0
  Segment part 0. ROOT.
           ENTRY                   ADDRESS         REF BY
           =====                   =======         ======
           ELF_BEGIN               00000000 
    -------------------------------------------------------------------------
CODE
  Relative segment, address: CODE_AREA 00000000 - 00000003 (0x4 bytes), align: 2
  Segment part 1. ROOT.
           ENTRY                   ADDRESS         REF BY
           =====                   =======         ======
           kill_data               00000000        ElfKiller (main)

    *************************************************************************

  FILE NAME : E:\Users\alfinant\Documents\Siemens\alfinant\i2c_info\Release_SGOLD\Obj\i2c.r79
  PROGRAM MODULE, NAME : i2c

  SEGMENTS IN THE MODULE
  ======================
CODE
  Relative segment, address: CODE_AREA 00000004 - 0000005F (0x5c bytes), align: 2
  Segment part 5.
           ENTRY                   ADDRESS         REF BY
           =====                   =======         ======
           i2cr_pmu                00000004        callback (main)
                                                   main (main)
               stack 1 = 00000000 ( 00000028 )
    -------------------------------------------------------------------------
CODE
  Relative segment, address: CODE_AREA 00000060 - 00000067 (0x8 bytes), align: 2
  Segment part 6.             Intra module refs:   i2cr_pmu

    *************************************************************************

  FILE NAME : E:\Users\alfinant\Documents\Siemens\alfinant\i2c_info\Release_SGOLD\Obj\main.r79
  PROGRAM MODULE, NAME : main

  SEGMENTS IN THE MODULE
  ======================
CODE
  Relative segment, address: CODE_AREA 00000068 - 00000083 (0x1c bytes), align: 2
  Segment part 8.             Intra module refs:   showMess
           ENTRY                   ADDRESS         REF BY
           =====                   =======         ======
           ElfKiller               00000068 
               stack 1 = 00000000 ( 00000004 )
    -------------------------------------------------------------------------
DATA_Z
  Relative segment, address: CODE_AREA 000001F4 - 000001F8 (0x5 bytes), align: 0
  Segment part 6.             Intra module refs:   Segment part 15
                                                   main
           ENTRY                   ADDRESS         REF BY
           =====                   =======         ======
           dat                     000001F4 
           reg_0                   000001F5 
           reg_1                   000001F6 
           reg_10h                 000001F8 
           reg_2                   000001F7 
    -------------------------------------------------------------------------
CODE
  Relative segment, address: CODE_AREA 00000084 - 000000E7 (0x64 bytes), align: 2
  Segment part 12.            Intra module refs:   callback
           ENTRY                   ADDRESS         REF BY
           =====                   =======         ======
           showMess                00000084 
               stack 1 = 00000000 ( 00000090 )
    -------------------------------------------------------------------------
CODE
  Relative segment, address: CODE_AREA 000000E8 - 00000173 (0x8c bytes), align: 2
  Segment part 14.            Intra module refs:   Segment part 18
           ENTRY                   ADDRESS         REF BY
           =====                   =======         ======
           callback                000000E8 
               stack 1 = 00000000 ( 00000010 )
    -------------------------------------------------------------------------
CODE
  Relative segment, address: CODE_AREA 00000174 - 00000177 (0x4 bytes), align: 2
  Segment part 15.            Intra module refs:   callback
                                                   showMess
    -------------------------------------------------------------------------
CODE
  Relative segment, address: CODE_AREA 00000178 - 000001A7 (0x30 bytes), align: 2
  Segment part 17.
           ENTRY                   ADDRESS         REF BY
           =====                   =======         ======
           main                    00000178        Absolute parts (?ABS_ENTRY_MOD)
               stack 1 = 00000000 ( 00000004 )
    -------------------------------------------------------------------------
CODE
  Relative segment, address: CODE_AREA 000001A8 - 000001AB (0x4 bytes), align: 2
  Segment part 18.            Intra module refs:   callback
                                                   main
    -------------------------------------------------------------------------
INITTAB
  Relative segment, address: CODE_AREA 000001E8 - 000001F3 (0xc bytes), align: 2
  Segment part 21. ROOT.
           ENTRY                   ADDRESS         REF BY
           =====                   =======         ======
           ?init?tab?DATA_Z        000001E8 
    -------------------------------------------------------------------------
DATA_C
  Relative segment, address: CODE_AREA 000001AC - 000001E7 (0x3c bytes), align: 2
  Segment part 4.             Intra module refs:   showMess



                ****************************************
                *                                      *
                *        END OF CROSS REFERENCE        *
                *                                      *
                ****************************************

 505 bytes of CODE memory

Errors: none
Warnings: none

