################################################################################
#                                                                              #
#      IAR Universal Linker V4.60I/386                                         #
#                                                                              #
#           Link time     =  06/Jul/2014  17:05:52                             #
#           Target CPU    =  ARM                                               #
#           List file     =  C:\Users\alfin_000\Documents\Siemens\IAR\ARM\alfi #
#                            nant\SerialLib\CapCom\Release_SGOLD\List\CapCom.m #
#                            ap                                                #
#           Output file 1 =  C:\Users\alfin_000\Documents\Siemens\IAR\ARM\alfi #
#                            nant\SerialLib\CapCom\Release_SGOLD\Exe\CapCom.el #
#                            f                                                 #
#                            Format: elf, variant: -ynpra                      #
#           Command line  =  C:\Users\alfin_000\Documents\Siemens\IAR\ARM\alfi #
#                            nant\SerialLib\CapCom\Release_SGOLD\Obj\func.r79  #
#                            C:\Users\alfin_000\Documents\Siemens\IAR\ARM\alfi #
#                            nant\SerialLib\CapCom\Release_SGOLD\Obj\main.r79  #
#                            -o                                                #
#                            C:\Users\alfin_000\Documents\Siemens\IAR\ARM\alfi #
#                            nant\SerialLib\CapCom\Release_SGOLD\Exe\CapCom.el #
#                            f                                                 #
#                            -Felf -l                                          #
#                            C:\Users\alfin_000\Documents\Siemens\IAR\ARM\alfi #
#                            nant\SerialLib\CapCom\Release_SGOLD\List\CapCom.m #
#                            ap                                                #
#                            -xm -f                                            #
#                            C:\Users\alfin_000\Documents\Siemens\IAR\ARM\alfi #
#                            nant\SerialLib\CapCom\test.xcl                    #
#                            (-carm -V(CODE)CODE_AREA,12                       #
#                            -V(DATA)DATA_AREA,12                              #
#                            -Z(CODE_AREA)ELFBEGIN,DATA_ID,START,CODE,DATA_C,I #
#                            NITTAB,DATA_Z,DATA_N,CONFIG_C=0-FFFFFFFF          #
#                            -Z(DATA_AREA)DATA_I=0-FFFFFFFF) -ynpra            #
#                            C:\Users\alfin_000\Documents\Siemens\IAR\ARM\LIB\ #
#                            dl5tpainl8n.r79                                   #
#                            -s main                                           #
#                                                                              #
#                        Copyright 1987-2007 IAR Systems. All rights reserved. #
################################################################################





                ****************************************
                *                                      *
                *           CROSS REFERENCE            *
                *                                      *
                ****************************************

       Program entry at : CODE_AREA 0000019C  Relocatable, from module : main




                ****************************************
                *                                      *
                *            RUNTIME MODEL             *
                *                                      *
                ****************************************

  StackAlign4  = USED
  __cpu_mode   = __pcs__interwork
  __data_model = absolute
  __endian     = little
  __rt_version = 6



                ****************************************
                *                                      *
                *              MODULE MAP              *
                *                                      *
                ****************************************


  DEFINED ABSOLUTE ENTRIES
    *************************************************************************

  DEFINED ABSOLUTE ENTRIES
    *************************************************************************

  FILE NAME : C:\Users\alfin_000\Documents\Siemens\IAR\ARM\alfinant\SerialLib\CapCom\Release_SGOLD\Obj\func.r79
  PROGRAM MODULE, NAME : func

  SEGMENTS IN THE MODULE
  ======================
ELFBEGIN
  Relative segment, address: CODE_AREA 00000000, align: 0
  Segment part 0. ROOT.
           ENTRY                   ADDRESS         REF BY
           =====                   =======         ======
           ELF_BEGIN               00000000        ElfKiller (main)
    -------------------------------------------------------------------------
CODE
  Relative segment, address: CODE_AREA 00000038 - 0000003B (0x4 bytes), align: 2
  Segment part 1. ROOT.
           ENTRY                   ADDRESS         REF BY
           =====                   =======         ======
           kill_data               00000038        ElfKiller (main)

    *************************************************************************

  FILE NAME : C:\Users\alfin_000\Documents\Siemens\IAR\ARM\alfinant\SerialLib\CapCom\Release_SGOLD\Obj\main.r79
  PROGRAM MODULE, NAME : main

  SEGMENTS IN THE MODULE
  ======================
CODE
  Relative segment, address: CODE_AREA 0000003C - 0000005F (0x24 bytes), align: 2
  Segment part 22.            Intra module refs:   test_led_blink
           ENTRY                   ADDRESS         REF BY
           =====                   =======         ======
           disable_interrupts      0000003C 
    -------------------------------------------------------------------------
DATA_I
  Relative segment, address: DATA_AREA 00000000 - 00000037 (0x38 bytes), align: 2
  Segment part 5.             Intra module refs:   Segment part 31
           ENTRY                   ADDRESS         REF BY
           =====                   =======         ======
           Dutycycle               00000004 
           Frequency               00000000 
           msg_40                  00000008 
           msg_42                  00000020 
    -------------------------------------------------------------------------
CODE
  Relative segment, address: CODE_AREA 00000060 - 0000007B (0x1c bytes), align: 2
  Segment part 26.            Intra module refs:   main
           ENTRY                   ADDRESS         REF BY
           =====                   =======         ======
           ElfKiller               00000060 
               stack 1 = 00000000 ( 00000004 )
    -------------------------------------------------------------------------
CODE
  Relative segment, address: CODE_AREA 0000007C - 00000187 (0x10c bytes), align: 2
  Segment part 30.            Intra module refs:   main
           ENTRY                   ADDRESS         REF BY
           =====                   =======         ======
           test_led_blink          0000007C 
               stack 1 = 00000000 ( 0000000C )
    -------------------------------------------------------------------------
CODE
  Relative segment, address: CODE_AREA 00000188 - 0000018B (0x4 bytes), align: 2
  Segment part 31.            Intra module refs:   test_led_blink
    -------------------------------------------------------------------------
CODE
  Relative segment, address: CODE_AREA 0000018C - 0000018F (0x4 bytes), align: 2
  Segment part 32.            Intra module refs:   test_led_blink
    -------------------------------------------------------------------------
CODE
  Relative segment, address: CODE_AREA 00000190 - 00000193 (0x4 bytes), align: 2
  Segment part 33.            Intra module refs:   test_led_blink
    -------------------------------------------------------------------------
CODE
  Relative segment, address: CODE_AREA 00000194 - 00000197 (0x4 bytes), align: 2
  Segment part 34.            Intra module refs:   test_led_blink
    -------------------------------------------------------------------------
CODE
  Relative segment, address: CODE_AREA 00000198 - 0000019B (0x4 bytes), align: 2
  Segment part 37.            Intra module refs:   test_led_blink
    -------------------------------------------------------------------------
CODE
  Relative segment, address: CODE_AREA 0000019C - 000001C7 (0x2c bytes), align: 2
  Segment part 39.
           ENTRY                   ADDRESS         REF BY
           =====                   =======         ======
           main                    0000019C        Absolute parts (?ABS_ENTRY_MOD)
               stack 1 = 00000000 ( 00000004 )
    -------------------------------------------------------------------------
DATA_ID
  Relative segment, address: CODE_AREA 00000000 - 00000037 (0x38 bytes), align: 2
  Segment part 6.             Intra module refs:   Segment part 5
    -------------------------------------------------------------------------
INITTAB
  Relative segment, address: CODE_AREA 000001D8 - 000001E3 (0xc bytes), align: 2
  Segment part 42. ROOT.
           ENTRY                   ADDRESS         REF BY
           =====                   =======         ======
           ?init?tab?DATA_I        000001D8 
    -------------------------------------------------------------------------
DATA_C
  Relative segment, address: CODE_AREA 000001C8 - 000001D7 (0x10 bytes), align: 2
  Segment part 2.             Intra module refs:   main



                ****************************************
                *                                      *
                *        END OF CROSS REFERENCE        *
                *                                      *
                ****************************************

 484 bytes of CODE memory
  56 bytes of DATA memory

Errors: none
Warnings: none

