##############################################################################
#                                                                            #
# IAR ARM ANSI C/C++ Compiler V4.42A/W32 EVALUATION    28/Dec/2015  22:14:46 #
# Copyright 1999-2005 IAR Systems. All rights reserved.                      #
#                                                                            #
#    Cpu mode        =  interwork                                            #
#    Endian          =  little                                               #
#    Stack alignment =  4                                                    #
#    Source file     =  E:\Users\alfinant\Documents\Siemens\alfinant\i2c_inf #
#                       o\main.c                                             #
#    Command line    =  E:\Users\alfinant\Documents\Siemens\alfinant\i2c_inf #
#                       o\main.c -D NEWSGOLD -lCN                            #
#                       E:\Users\alfinant\Documents\Siemens\alfinant\i2c_inf #
#                       o\Release_NSG\List\ -la E:\Users\alfinant\Documents\ #
#                       Siemens\alfinant\i2c_info\Release_NSG\List\ -o       #
#                       E:\Users\alfinant\Documents\Siemens\alfinant\i2c_inf #
#                       o\Release_NSG\Obj\ -z9 --cpu_mode arm --endian       #
#                       little --cpu ARM926EJ-S --stack_align 4 --interwork  #
#                       -e --fpu None --dlib_config                          #
#                       E:\Users\alfinant\Documents\Siemens\IAR\ARM\LIB\dl5t #
#                       painl8n.h -I E:\Users\alfinant\Documents\Siemens\IAR #
#                       \ARM\INC\ --inline_threshold=2                       #
#    List file       =  E:\Users\alfinant\Documents\Siemens\alfinant\i2c_inf #
#                       o\Release_NSG\List\main.lst                          #
#    Object file     =  E:\Users\alfinant\Documents\Siemens\alfinant\i2c_inf #
#                       o\Release_NSG\Obj\main.r79                           #
#                                                                            #
#                                                                            #
##############################################################################

E:\Users\alfinant\Documents\Siemens\alfinant\i2c_info\main.c
      1          #include "..\inc\swilib.h"
      2          #include "..\inc\i2c.h"
      3          
      4          #ifdef NEWSGOLD
      5          #include "..\inc\reg8876.h"

   \                                 In segment DATA_AN, at 0xf4300000
   \   GPIO_TypeDef __data GPIO
   \                     GPIO:
   \   00000000                      DS8 488
      6          #else
      7          #include "..\inc\reg8875.h"
      8          #endif
      9          
     10          extern void kill_data(void *p, void (*func_p)(void *));
     11          #pragma segment="ELFBEGIN"

   \                                 In segment CODE, align 4, keep-with-next
     12          void ElfKiller(void)
     13          {
   \                     ElfKiller:
   \   00000000   00402DE9           PUSH     {LR}
     14            kill_data(__segment_begin("ELFBEGIN"),(void (*)(void *))mfree_adr());
   \   00000004   158000EF           SWI      +32789
   \   00000008   0010A0E1           MOV      R1,R0
   \   0000000C   04009FE5           LDR      R0,??ElfKiller_0  ;; SFB(ELFBEGIN)
   \   00000010   0040BDE8           POP      {LR}             ;; Pop
   \   00000014   ........           _BF      kill_data,??kill_data??rA  ;; tailcall
   \                     ??ElfKiller_0:
   \   00000018   ........           DC32     SFB(ELFBEGIN)
     15          }
     16          

   \                                 In segment DATA_Z, align 4, align-sorted
     17          unsigned data[0x6];
   \                     `data`:
   \   00000000                      DS8 24
     18          

   \                                 In segment CODE, align 4, keep-with-next
     19          void SaveRegMap()
     20          { unsigned  err=0;
   \                     SaveRegMap:
   \   00000000   11402DE9           PUSH     {R0,R4,LR}
     21          
     22            int f=fopen("0:\\SCCU.bin",A_ReadWrite+A_Create+A_Truncate+A_BIN,P_WRITE+P_READ,&err);
   \   00000004   3C009FE5           LDR      R0,??SaveRegMap_0  ;; `?<Constant "0:\\\\SCCU.bin">`
   \   00000008   0010A0E3           MOV      R1,#+0
   \   0000000C   00108DE5           STR      R1,[SP, #+0]
   \   00000010   0D30A0E1           MOV      R3,SP
   \   00000014   602FA0E3           MOV      R2,#+384
   \   00000018   0210A0E3           MOV      R1,#+2
   \   0000001C   831C81E3           ORR      R1,R1,#0x8300
   \   00000020   0A0000EF           SWI      +10
     23            fwrite(f,data,0x18,&err);
   \   00000024   20109FE5           LDR      R1,??SaveRegMap_0+0x4  ;; `data`
   \   00000028   0040A0E1           MOV      R4,R0
   \   0000002C   0D30A0E1           MOV      R3,SP
   \   00000030   1820A0E3           MOV      R2,#+24
   \   00000034   0C0000EF           SWI      +12
     24            fclose(f,&err);
   \   00000038   0D10A0E1           MOV      R1,SP
   \   0000003C   0400A0E1           MOV      R0,R4
   \   00000040   0D0000EF           SWI      +13
     25          }
   \   00000044   1180BDE8           POP      {R0,R4,PC}       ;; return
   \                     ??SaveRegMap_0:
   \   00000048   ........           DC32     `?<Constant "0:\\\\SCCU.bin">`
   \   0000004C   ........           DC32     `data`
     26          
     27          

   \                                 In segment DATA_Z, align 1, align-sorted
     28          char dat=0;
   \                     dat:
   \   00000000                      DS8 1

   \                                 In segment DATA_Z, align 1, align-sorted
     29          char r0,r1,r2,r3,r4,r5,r6,r7,r8,r9,r10,r11,r12,r13,r14,r15,r16,r17,r18,r19;
   \                     `r0`:
   \   00000000                      DS8 1

   \                                 In segment DATA_Z, align 1, align-sorted
   \                     `r1`:
   \   00000000                      DS8 1
   \                     `r2`:
   \   00000001                      DS8 1
   \                     `r10`:
   \   00000002                      DS8 1

   \                                 In segment DATA_Z, align 1, align-sorted
   \                     `r3`:
   \   00000000                      DS8 1

   \                                 In segment DATA_Z, align 1, align-sorted
   \                     `r4`:
   \   00000000                      DS8 1

   \                                 In segment DATA_Z, align 1, align-sorted
   \                     `r5`:
   \   00000000                      DS8 1

   \                                 In segment DATA_Z, align 1, align-sorted
   \                     `r6`:
   \   00000000                      DS8 1

   \                                 In segment DATA_Z, align 1, align-sorted
   \                     `r7`:
   \   00000000                      DS8 1

   \                                 In segment DATA_Z, align 1, align-sorted
   \                     `r8`:
   \   00000000                      DS8 1

   \                                 In segment DATA_Z, align 1, align-sorted
   \                     `r9`:
   \   00000000                      DS8 1

   \                                 In segment DATA_Z, align 1, align-sorted
   \                     `r11`:
   \   00000000                      DS8 1

   \                                 In segment DATA_Z, align 1, align-sorted
   \                     `r12`:
   \   00000000                      DS8 1

   \                                 In segment DATA_Z, align 1, align-sorted
   \                     `r13`:
   \   00000000                      DS8 1

   \                                 In segment DATA_Z, align 1, align-sorted
   \                     `r14`:
   \   00000000                      DS8 1

   \                                 In segment DATA_Z, align 1, align-sorted
   \                     `r15`:
   \   00000000                      DS8 1

   \                                 In segment DATA_Z, align 1, align-sorted
   \                     r16:
   \   00000000                      DS8 1

   \                                 In segment DATA_Z, align 1, align-sorted
   \                     r17:
   \   00000000                      DS8 1

   \                                 In segment DATA_Z, align 1, align-sorted
   \                     r18:
   \   00000000                      DS8 1

   \                                 In segment DATA_Z, align 1, align-sorted
   \                     r19:
   \   00000000                      DS8 1
     30          
     31          

   \                                 In segment CODE, align 4, keep-with-next
     32          void showMess()
     33          {
   \                     showMess:
   \   00000000   00402DE9           PUSH     {LR}
   \   00000004   80D04DE2           SUB      SP,SP,#+128
     34            char s[127];
     35            sprintf(s, "r1=%X\n"
     36                       "r2=%X\n"
     37                       "r10=%X\n"
     38                       "pmCrhg=%X\n", r1, r2, r10, GPIO.TOUT1);
   \   00000008   ........           LDR      R0,??DataTable3  ;; `r1`
   \   0000000C   D010A0E3           MOV      R1,#+208
   \   00000010   BD1641E2           SUB      R1,R1,#+198180864
   \   00000014   001091E5           LDR      R1,[R1, #+0]
   \   00000018   02002DE9           PUSH     {R1}
   \   0000001C   0210D0E5           LDRB     R1,[R0, #+2]
   \   00000020   02002DE9           PUSH     {R1}
   \   00000024   0130D0E5           LDRB     R3,[R0, #+1]
   \   00000028   0020D0E5           LDRB     R2,[R0, #+0]
   \   0000002C   20109FE5           LDR      R1,??showMess_0  ;; `?<Constant "r1=%X\\nr2=%X\\nr10=%X\\npm...">`
   \   00000030   08008DE2           ADD      R0,SP,#+8
   \   00000034   160000EF           SWI      +22
     39            
     40            ShowMSG(0x1, (int)s);
   \   00000038   08108DE2           ADD      R1,SP,#+8
   \   0000003C   0100A0E3           MOV      R0,#+1
   \   00000040   480100EF           SWI      +328
     41            SUBPROC((void *)ElfKiller);
   \   00000044   0C009FE5           LDR      R0,??showMess_0+0x4  ;; ElfKiller
   \   00000048   710100EF           SWI      +369
     42          }
   \   0000004C   88D08DE2           ADD      SP,SP,#+136
   \   00000050   0080BDE8           POP      {PC}             ;; return
   \                     ??showMess_0:
   \   00000054   ........           DC32     `?<Constant "r1=%X\\nr2=%X\\nr10=%X\\npm...">`
   \   00000058   ........           DC32     ElfKiller
     43          

   \                                 In segment CODE, align 4, keep-with-next
     44          void callback(void *i2c_msg, int err)
     45          {
   \                     callback:
   \   00000000   70402DE9           PUSH     {R4-R6,LR}
     46            I2C_MSG *msg=(I2C_MSG*) i2c_msg;
     47            
     48            if(msg->cdata==0)i2cr_pmu(2, &r2, callback, 1);
   \   00000004   5C509FE5           LDR      R5,??callback_0  ;; `r1`
   \   00000008   ........           LDR      R6,??DataTable2  ;; callback
   \   0000000C   0040A0E1           MOV      R4,R0
   \   00000010   F600D4E1           LDRSH    R0,[R4, #+6]
   \   00000014   000050E3           CMP      R0,#+0
   \   00000018   0400001A           BNE      ??callback_1
   \   0000001C   0130A0E3           MOV      R3,#+1
   \   00000020   0620A0E1           MOV      R2,R6
   \   00000024   011085E2           ADD      R1,R5,#+1
   \   00000028   0200A0E3           MOV      R0,#+2
   \   0000002C   ........           _BLF     i2cr_pmu,??i2cr_pmu??rA
     49            if(msg->cdata==1)i2cr_pmu(0x10, &r10, callback, 0xf);  
   \                     ??callback_1:
   \   00000030   F600D4E1           LDRSH    R0,[R4, #+6]
   \   00000034   010050E3           CMP      R0,#+1
   \   00000038   0400001A           BNE      ??callback_2
   \   0000003C   0F30A0E3           MOV      R3,#+15
   \   00000040   0620A0E1           MOV      R2,R6
   \   00000044   021085E2           ADD      R1,R5,#+2
   \   00000048   1000A0E3           MOV      R0,#+16
   \   0000004C   ........           _BLF     i2cr_pmu,??i2cr_pmu??rA
     50            
     51            if(msg->cdata==0xf) SUBPROC((void*)showMess);
   \                     ??callback_2:
   \   00000050   F600D4E1           LDRSH    R0,[R4, #+6]
   \   00000054   0F0050E3           CMP      R0,#+15
   \   00000058   7080BD18           POPNE    {R4-R6,PC}
   \   0000005C   08009FE5           LDR      R0,??callback_0+0x4  ;; showMess
   \   00000060   710100EF           SWI      +369
     52          }
   \   00000064   7080BDE8           POP      {R4-R6,PC}       ;; return
   \                     ??callback_0:
   \   00000068   ........           DC32     `r1`
   \   0000006C   ........           DC32     showMess
     53          
     54          

   \                                 In segment CODE, align 4, keep-with-next
     55          int main(char *exename, char *fname)
     56          {
     57          
     58            i2cr_pmu(1, &r1, callback, 0);
   \                     main:
   \   00000000   ........           LDR      R2,??DataTable2  ;; callback
   \   00000004   ........           LDR      R1,??DataTable3  ;; `r1`
   \   00000008   00402DE9           PUSH     {LR}
   \   0000000C   0030A0E3           MOV      R3,#+0
   \   00000010   0100A0E3           MOV      R0,#+1
   \   00000014   ........           _BLF     i2cr_pmu,??i2cr_pmu??rA
     59            
     60            return 0;
   \   00000018   0000A0E3           MOV      R0,#+0
   \   0000001C   0080BDE8           POP      {PC}             ;; return
     61          }

   \                                 In segment CODE, align 4, keep-with-next
   \                     ??DataTable2:
   \   00000000   ........           DC32     callback

   \                                 In segment CODE, align 4, keep-with-next
   \                     ??DataTable3:
   \   00000000   ........           DC32     `r1`

   \                                 In segment ELFBEGIN, align 1

   \                                 In segment DATA_C, align 4, align-sorted
   \                     `?<Constant "0:\\\\SCCU.bin">`:
   \   00000000   303A5C534343       DC8 "0:\\SCCU.bin"
   \              552E62696E00

   \                                 In segment DATA_C, align 4, align-sorted
   \                     `?<Constant "r1=%X\\nr2=%X\\nr10=%X\\npm...">`:
   \   00000000   72313D25580A       DC8 "r1=%X\012r2=%X\012r10=%X\012pmCrhg=%X\012"
   \              72323D25580A
   \              7231303D2558
   \              0A706D437268
   \              673D25580A00
   \   0000001E   0000               DC8 0, 0
     62          
     63          
     64          
     65          

   Maximum stack usage in bytes:

     Function   CSTACK
     --------   ------
     ElfKiller      4
     SaveRegMap    12
     callback      16
     main           4
     showMess     140


   Segment part sizes:

     Function/Label                 Bytes
     --------------                 -----
     GPIO                            488
     ElfKiller                        28
     data                             24
     SaveRegMap                       80
     dat                               1
     r0                                1
     r1                                3
     r3                                1
     r4                                1
     r5                                1
     r6                                1
     r7                                1
     r8                                1
     r9                                1
     r11                               1
     r12                               1
     r13                               1
     r14                               1
     r15                               1
     r16                               1
     r17                               1
     r18                               1
     r19                               1
     showMess                         92
     callback                        112
     main                             32
     ??DataTable2                      4
     ??DataTable3                      4
     ?<Constant "0:\\SCCU.bin">       12
     ?<Constant "r1=%X\nr2=%X\nr10=%X\npm...">
                                      32
      Others                          56

 
 396 bytes in segment CODE
 488 bytes in segment DATA_AN
  44 bytes in segment DATA_C
  45 bytes in segment DATA_Z
  12 bytes in segment INITTAB
 
 352 bytes of CODE  memory (+  56 bytes shared)
  44 bytes of CONST memory
  45 bytes of DATA  memory (+ 488 bytes shared)

Errors: none
Warnings: none
