###############################################################################
#                                                                             #
#     IAR Systems ARM Assembler V4.42A/W32 05/Feb/2023  19:18:56              #
#     Copyright 1999-2007 IAR Systems. All rights reserved.                   #
#                                                                             #
#           Source file   =  D:\Users\alfinant\Documents\Siemens\Dev\IAR\aes128_patch\patch.asm#
#           List file     =  D:\Users\alfinant\Documents\Siemens\Dev\IAR\aes128_patch\S75sw52\List\patch.lst#
#           Object file   =  D:\Users\alfinant\Documents\Siemens\Dev\IAR\aes128_patch\S75sw52\Obj\patch.r79#
#           Command line  =  D:\Users\alfinant\Documents\Siemens\Dev\IAR\aes128_patch\patch.asm #
#                            -OD:\Users\alfinant\Documents\Siemens\Dev\IAR\aes128_patch\S75sw52\Obj\ #
#                            -s+ -M<> -w+                                     #
#                            -LD:\Users\alfinant\Documents\Siemens\Dev\IAR\aes128_patch\S75sw52\List\ #
#                            -t8 --cpu ARM926EJ-S --fpu None                  #
#                            -ID:\Users\alfinant\Documents\Siemens\IAR\ARM\INC\ #
#                                                                             #
###############################################################################

    1    00000000                          EXTERN ssl_cipher_get_evp
    2    00000000                          EXTERN hook_EVP_CipherInit
    3    00000000                          EXTERN init_rc2_aes_ciphers
    4    00000000                          EXTERN load_aes_idea_cbc_ciphers
    5    00000000                          CODE16
    6    00000000                          
    7    00000000                          ;RSEG    PATCH_NUM_CIPHERS:CODE:ROOT
                               (1)
    8    00000000                          ;mov r0,#0x26              
                                
    9    00000000              ;-----------------------------------------------
                               --------------------------------       
                                
   10    00000000                          RSEG    PATCH_SSL_GET_DISABLED:CODE:
                               ROOT(2)
   11    00000000 0048                     ldr r0, __mask
   12    00000002 7047                     bx lr
   13    00000004                          DATA
   14    00000004 1EE20000     __mask:     DC32 0xE21E
   15    00000008              ;-----------------------------------------------
                               --------------------------------
   16    00000000                          RSEG    PATCH_SSL_CIPHER_GET_EVP:COD
                               E:ROOT(2)
   17    00000000 80B5                     push {r7, lr}
   18    00000002 014F                     ldr r7, __ssl_cipher_get_evp
   19    00000004 B847                     blx r7
   20    00000006 80BD                     pop {r7, pc}
   21    00000008                          DATA 
   22    00000008              __ssl_cipher_get_evp:
   23    00000008 ........                 DC32 ssl_cipher_get_evp
   24    0000000C              ;-----------------------------------------------
                               --------------------------------           
                                
   25    00000000                          RSEG  PATCH_SSL_LIBRARY_INIT:CODE:RO
                               OT(1)
   26    00000000 ........                 bl init_rc2_aes_ciphers
   27    00000004              ;-----------------------------------------------
                               --------------------------------
   28    00000000                          RSEG  PATCH_LOAD_CIPHERS:CODE:ROOT(1
                               )
   29    00000000 ........                 bl  load_aes_idea_cbc_ciphers
   30    00000004              ;-----------------------------------------------
                               --------------------------------
   31    00000000                          RSEG  PATCH_EVP_CIPHERINIT:CODE:ROOT
                               (2)
   32    00000000 004E                     ldr r6, __hook_EVP_CipherInit       
                                                       
   33    00000002 3047                     bx r6 
   34    00000004                          DATA
   35    00000004              __hook_EVP_CipherInit:            
   36    00000004 ........                 DC32  hook_EVP_CipherInit
   37    00000008                          
   38    00000008                          
   39    00000008                          END
##############################
#          CRC:4409          #
#        Errors:   0         #
#        Warnings: 0         #
#         Bytes: 36          #
##############################



