################################################################################
#                                                                              #
#      IAR Universal Linker V4.60I/386                                         #
#                                                                              #
#           Link time     =  26/Dec/2016  18:26:00                             #
#           Target CPU    =  ARM                                               #
#           List file     =  E:\Users\alfinant\Documents\Siemens\alfinant\PmuM #
#                            on\Release_NSG\List\PmuMon_NSG.map                #
#           Output file 1 =  E:\Users\alfinant\Documents\Siemens\alfinant\PmuM #
#                            on\Release_NSG\Exe\PmuMon_NSG.elf                 #
#                            Format: elf, variant: -ynpra                      #
#           Command line  =  E:\Users\alfinant\Documents\Siemens\alfinant\PmuM #
#                            on\Release_NSG\Obj\func.r79                       #
#                            E:\Users\alfinant\Documents\Siemens\alfinant\PmuM #
#                            on\Release_NSG\Obj\i2c.r79                        #
#                            E:\Users\alfinant\Documents\Siemens\alfinant\PmuM #
#                            on\Release_NSG\Obj\main.r79                       #
#                            -o                                                #
#                            E:\Users\alfinant\Documents\Siemens\alfinant\PmuM #
#                            on\Release_NSG\Exe\PmuMon_NSG.elf                 #
#                            -Felf -l                                          #
#                            E:\Users\alfinant\Documents\Siemens\alfinant\PmuM #
#                            on\Release_NSG\List\PmuMon_NSG.map                #
#                            -xms -f                                           #
#                            E:\Users\alfinant\Documents\Siemens\alfinant\PmuM #
#                            on\test.xcl                                       #
#                            (-carm -V(CODE)CODE_AREA,12                       #
#                            -V(DATA)DATA_AREA,12                              #
#                            -Z(CODE_AREA)ELFBEGIN,DATA_ID,START,CODE,DATA_C,I #
#                            NITTAB,DATA_Z,DATA_N,CONFIG_C=0-FFFFFFFF          #
#                            -Z(DATA_AREA)DATA_I=0-FFFFFFFF) -ynpra            #
#                            E:\Users\alfinant\Documents\Siemens\IAR\ARM\LIB\d #
#                            l5tpainl8n.r79                                    #
#                            -s main                                           #
#                                                                              #
#                        Copyright 1987-2007 IAR Systems. All rights reserved. #
################################################################################





                ****************************************
                *                                      *
                *           CROSS REFERENCE            *
                *                                      *
                ****************************************

       Program entry at : CODE_AREA 00000744  Relocatable, from module : main




                ****************************************
                *                                      *
                *            RUNTIME MODEL             *
                *                                      *
                ****************************************

  StackAlign4  = USED
  __cpu_mode   = __pcs__interwork
  __data_model = absolute
  __endian     = little
  __rt_version = 6



                ****************************************
                *                                      *
                *              MODULE MAP              *
                *                                      *
                ****************************************


  DEFINED ABSOLUTE ENTRIES
    *************************************************************************

  DEFINED ABSOLUTE ENTRIES
    *************************************************************************

  FILE NAME : E:\Users\alfinant\Documents\Siemens\alfinant\PmuMon\Release_NSG\Obj\func.r79
  PROGRAM MODULE, NAME : func

  SEGMENTS IN THE MODULE
  ======================
ELFBEGIN
  Relative segment, address: CODE_AREA 00000000, align: 0
  Segment part 0. ROOT.
           ENTRY                   ADDRESS         REF BY
           =====                   =======         ======
           ELF_BEGIN               00000000 
    -------------------------------------------------------------------------
CODE
  Relative segment, address: CODE_AREA 00000130 - 00000137 (0x8 bytes), align: 2
  Segment part 1. ROOT.
           ENTRY                   ADDRESS         REF BY
           =====                   =======         ======
           kill_data               00000130        ElfKiller (main)
                                                   gui_methods (main)
           seqkill                 00000134 

    *************************************************************************

  FILE NAME : E:\Users\alfinant\Documents\Siemens\alfinant\PmuMon\Release_NSG\Obj\i2c.r79
  PROGRAM MODULE, NAME : i2c

  SEGMENTS IN THE MODULE
  ======================
CODE
  Relative segment, address: CODE_AREA 00000138 - 0000019B (0x64 bytes), align: 2
  Segment part 7.
           ENTRY                   ADDRESS         REF BY
           =====                   =======         ======
           i2cr_pmu                00000138        do_tmr (main)
               stack 1 = 00000000 ( 0000002C )

    *************************************************************************

  FILE NAME : E:\Users\alfinant\Documents\Siemens\alfinant\PmuMon\Release_NSG\Obj\main.r79
  PROGRAM MODULE, NAME : main

  SEGMENTS IN THE MODULE
  ======================
DATA_I
  Relative segment, address: DATA_AREA 00000000 - 0000012F (0x130 bytes), align: 2
  Segment part 4.             Intra module refs:   Segment part 16
                                                   Segment part 22
                                                   Segment part 29
           ENTRY                   ADDRESS         REF BY
           =====                   =======         ======
           page                    00000004 
           ready                   00000000 
           reg_buf                 00000018 
           reg_buf_prev            000000A4 
           tmr                     00000008 
    -------------------------------------------------------------------------
DATA_Z
  Relative segment, address: CODE_AREA 00000838 - 0000083B (0x4 bytes), align: 2
  Segment part 6.             Intra module refs:   maincsm_oncreate
           ENTRY                   ADDRESS         REF BY
           =====                   =======         ======
           maingui_id              00000838 
    -------------------------------------------------------------------------
CODE
  Relative segment, address: CODE_AREA 0000019C - 000001B7 (0x1c bytes), align: 2
  Segment part 11.            Intra module refs:   do_tmr
           ENTRY                   ADDRESS         REF BY
           =====                   =======         ======
           callback                0000019C 
               stack 1 = 00000000 ( 00000004 )
    -------------------------------------------------------------------------
CODE
  Relative segment, address: CODE_AREA 000001B8 - 000001F3 (0x3c bytes), align: 2
  Segment part 13.            Intra module refs:   Segment part 19
           ENTRY                   ADDRESS         REF BY
           =====                   =======         ======
           do_tmr                  000001B8 
               stack 1 = 00000000 ( 0000000C )
    -------------------------------------------------------------------------
CODE
  Relative segment, address: CODE_AREA 000001F4 - 00000537 (0x344 bytes), align: 2
  Segment part 15.            Intra module refs:   gui_methods
           LOCAL                   ADDRESS         
           =====                   =======         
           OnRedraw                000001F4 
               stack 1 = 00000000 ( 00000514 )
    -------------------------------------------------------------------------
CODE
  Relative segment, address: CODE_AREA 00000538 - 0000053B (0x4 bytes), align: 2
  Segment part 16.            Intra module refs:   OnRedraw
                                                   callback
    -------------------------------------------------------------------------
CODE
  Relative segment, address: CODE_AREA 0000053C - 0000056B (0x30 bytes), align: 2
  Segment part 18.            Intra module refs:   gui_methods
           LOCAL                   ADDRESS         
           =====                   =======         
           onCreate                0000053C 
               stack 1 = 00000000 ( 00000008 )
    -------------------------------------------------------------------------
CODE
  Relative segment, address: CODE_AREA 0000056C - 0000056F (0x4 bytes), align: 2
  Segment part 19.            Intra module refs:   do_tmr
                                                   onCreate
    -------------------------------------------------------------------------
CODE
  Relative segment, address: CODE_AREA 00000570 - 0000058F (0x20 bytes), align: 2
  Segment part 21.            Intra module refs:   gui_methods
           LOCAL                   ADDRESS         
           =====                   =======         
           onClose                 00000570 
               stack 1 = 00000000 ( 00000004 )
    -------------------------------------------------------------------------
CODE
  Relative segment, address: CODE_AREA 00000590 - 00000593 (0x4 bytes), align: 2
  Segment part 22.            Intra module refs:   onClose
                                                   onCreate
    -------------------------------------------------------------------------
CODE
  Relative segment, address: CODE_AREA 00000594 - 000005A7 (0x14 bytes), align: 2
  Segment part 24.            Intra module refs:   gui_methods
           LOCAL                   ADDRESS         
           =====                   =======         
           onFocus                 00000594 
               stack 1 = 00000000 ( 00000004 )
    -------------------------------------------------------------------------
CODE
  Relative segment, address: CODE_AREA 000005A8 - 000005BB (0x14 bytes), align: 2
  Segment part 26.            Intra module refs:   gui_methods
           LOCAL                   ADDRESS         
           =====                   =======         
           onUnfocus               000005A8 
    -------------------------------------------------------------------------
CODE
  Relative segment, address: CODE_AREA 000005BC - 0000061B (0x60 bytes), align: 2
  Segment part 28.            Intra module refs:   gui_methods
           LOCAL                   ADDRESS         
           =====                   =======         
           OnKey                   000005BC 
               stack 1 = 00000000 ( 00000004 )
    -------------------------------------------------------------------------
CODE
  Relative segment, address: CODE_AREA 0000061C - 0000061F (0x4 bytes), align: 2
  Segment part 29.            Intra module refs:   OnKey
                                                   do_tmr
    -------------------------------------------------------------------------
CODE
  Relative segment, address: CODE_AREA 00000620 - 00000627 (0x8 bytes), align: 2
  Segment part 31.            Intra module refs:   gui_methods
           ENTRY                   ADDRESS         REF BY
           =====                   =======         ======
           method8                 00000620 
    -------------------------------------------------------------------------
CODE
  Relative segment, address: CODE_AREA 00000628 - 0000062F (0x8 bytes), align: 2
  Segment part 33.            Intra module refs:   gui_methods
           ENTRY                   ADDRESS         REF BY
           =====                   =======         ======
           method9                 00000628 
    -------------------------------------------------------------------------
CODE
  Relative segment, address: CODE_AREA 00000630 - 000006C7 (0x98 bytes), align: 2
  Segment part 35.            Intra module refs:   Segment part 3
           LOCAL                   ADDRESS         
           =====                   =======         
           maincsm_oncreate        00000630 
               stack 1 = 00000000 ( 00000010 )
    -------------------------------------------------------------------------
CODE
  Relative segment, address: CODE_AREA 000006C8 - 000006E3 (0x1c bytes), align: 2
  Segment part 37.            Intra module refs:   maincsm_onclose
           ENTRY                   ADDRESS         REF BY
           =====                   =======         ======
           ElfKiller               000006C8 
               stack 1 = 00000000 ( 00000004 )
    -------------------------------------------------------------------------
CODE
  Relative segment, address: CODE_AREA 000006E4 - 000006F7 (0x14 bytes), align: 2
  Segment part 39.            Intra module refs:   Segment part 3
           LOCAL                   ADDRESS         
           =====                   =======         
           maincsm_onclose         000006E4 
               stack 1 = 00000000 ( 00000004 )
    -------------------------------------------------------------------------
CODE
  Relative segment, address: CODE_AREA 000006F8 - 00000727 (0x30 bytes), align: 2
  Segment part 41.            Intra module refs:   Segment part 3
           LOCAL                   ADDRESS         
           =====                   =======         
           maincsm_onmessage       000006F8 
    -------------------------------------------------------------------------
DATA_Z
  Relative segment, address: CODE_AREA 0000083C - 00000953 (0x118 bytes), align: 2
  Segment part 8.             Intra module refs:   Segment part 3
    -------------------------------------------------------------------------
DATA_C
  Relative segment, address: CODE_AREA 00000784 - 000007A3 (0x20 bytes), align: 2
  Segment part 2.             Intra module refs:   OnRedraw
    -------------------------------------------------------------------------
DATA_C
  Relative segment, address: CODE_AREA 000007A4 - 000007E7 (0x44 bytes), align: 2
  Segment part 3.             Intra module refs:   UpdateCSMname
                                                   main
    -------------------------------------------------------------------------
DATA_C
  Relative segment, address: CODE_AREA 000007E8 - 0000081B (0x34 bytes), align: 2
  Segment part 7.             Intra module refs:   maincsm_oncreate
           ENTRY                   ADDRESS         REF BY
           =====                   =======         ======
           gui_methods             000007F0 
    -------------------------------------------------------------------------
DATA_C
  Relative segment, address: CODE_AREA 0000081C - 0000081F (0x4 bytes), align: 2
  Segment part 9.             Intra module refs:   Segment part 3
    -------------------------------------------------------------------------
CODE
  Relative segment, address: CODE_AREA 00000728 - 00000743 (0x1c bytes), align: 2
  Segment part 43.            Intra module refs:   main
           ENTRY                   ADDRESS         REF BY
           =====                   =======         ======
           UpdateCSMname           00000728 
               stack 1 = 00000000 ( 00000004 )
    -------------------------------------------------------------------------
CODE
  Relative segment, address: CODE_AREA 00000744 - 00000783 (0x40 bytes), align: 2
  Segment part 45.
           ENTRY                   ADDRESS         REF BY
           =====                   =======         ======
           main                    00000744        Absolute parts (?ABS_ENTRY_MOD)
               stack 1 = 00000000 ( 00000030 )
    -------------------------------------------------------------------------
DATA_ID
  Relative segment, address: CODE_AREA 00000000 - 0000012F (0x130 bytes), align: 2
  Segment part 5.             Intra module refs:   Segment part 4
    -------------------------------------------------------------------------
INITTAB
  Relative segment, address: CODE_AREA 00000820 - 0000082B (0xc bytes), align: 2
  Segment part 48. ROOT.
           ENTRY                   ADDRESS         REF BY
           =====                   =======         ======
           ?init?tab?DATA_Z        00000820 
    -------------------------------------------------------------------------
INITTAB
  Relative segment, address: CODE_AREA 0000082C - 00000837 (0xc bytes), align: 2
  Segment part 50. ROOT.
           ENTRY                   ADDRESS         REF BY
           =====                   =======         ======
           ?init?tab?DATA_I        0000082C 




                ****************************************
                *                                      *
                *      SEGMENTS IN ADDRESS ORDER       *
                *                                      *
                ****************************************


SEGMENT              SPACE    START ADDRESS   END ADDRESS     SIZE  TYPE  ALIGN
=======              =====    =============   ===========     ====  ====  =====
ELFBEGIN             CODE_AREA           00000000                     rel    0
DATA_ID              CODE_AREA      00000000 - 0000012F         130   rel    2
START                CODE_AREA           00000130                     dse    0
CODE                 CODE_AREA      00000130 - 00000783         654   rel    2
DATA_C               CODE_AREA      00000784 - 0000081F          9C   rel    2
INITTAB              CODE_AREA      00000820 - 00000837          18   rel    2
DATA_Z               CODE_AREA      00000838 - 00000953         11C   rel    2
DATA_I               DATA_AREA      00000000 - 0000012F         130   rel    2

                ****************************************
                *                                      *
                *        END OF CROSS REFERENCE        *
                *                                      *
                ****************************************

 2 388 bytes of CODE memory
   304 bytes of DATA memory

Errors: none
Warnings: none

