################################################################################
#                                                                              #
#      IAR Universal Linker V4.60I/386                                         #
#                                                                              #
#           Link time     =  25/Dec/2013  18:40:00                             #
#           Target CPU    =  ARM                                               #
#           List file     =  C:\Users\alfinant\Documents\Siemens\IAR\ARM\RF-pa #
#                            rtOff\Release_NSG\List\RF-part_off.map            #
#           Output file 1 =  C:\Users\alfinant\Documents\Siemens\IAR\ARM\RF-pa #
#                            rtOff\Release_NSG\Exe\RF-part_off.elf             #
#                            Format: elf, variant: -ynpra                      #
#           Command line  =  C:\Users\alfinant\Documents\Siemens\IAR\ARM\RF-pa #
#                            rtOff\Release_NSG\Obj\func.r79                    #
#                            C:\Users\alfinant\Documents\Siemens\IAR\ARM\RF-pa #
#                            rtOff\Release_NSG\Obj\main.r79                    #
#                            -o                                                #
#                            C:\Users\alfinant\Documents\Siemens\IAR\ARM\RF-pa #
#                            rtOff\Release_NSG\Exe\RF-part_off.elf             #
#                            -Felf -l                                          #
#                            C:\Users\alfinant\Documents\Siemens\IAR\ARM\RF-pa #
#                            rtOff\Release_NSG\List\RF-part_off.map            #
#                            -xm -f                                            #
#                            C:\Users\alfinant\Documents\Siemens\IAR\ARM\Seria #
#                            Lib\CapCom\test.xcl                               #
#                            (-carm -V(CODE)CODE_AREA,12                       #
#                            -V(DATA)DATA_AREA,12                              #
#                            -Z(CODE_AREA)ELFBEGIN,DATA_ID,START,CODE,DATA_C,I #
#                            NITTAB,DATA_Z,DATA_N,CONFIG_C=0-FFFFFFFF          #
#                            -Z(DATA_AREA)DATA_I=0-FFFFFFFF) -ynpra            #
#                            C:\Users\alfinant\Documents\Siemens\IAR\ARM\LIB\d #
#                            l5tpainl8n.r79                                    #
#                            -s main                                           #
#                                                                              #
#                        Copyright 1987-2007 IAR Systems. All rights reserved. #
################################################################################





                ****************************************
                *                                      *
                *           CROSS REFERENCE            *
                *                                      *
                ****************************************

       Program entry at : CODE_AREA 00000060  Relocatable, from module : main




                ****************************************
                *                                      *
                *            RUNTIME MODEL             *
                *                                      *
                ****************************************

  StackAlign4  = USED
  __cpu_mode   = __pcs__interwork
  __data_model = absolute
  __endian     = little
  __rt_version = 6



                ****************************************
                *                                      *
                *              MODULE MAP              *
                *                                      *
                ****************************************


  DEFINED ABSOLUTE ENTRIES
    *************************************************************************

  DEFINED ABSOLUTE ENTRIES
    *************************************************************************

  FILE NAME : C:\Users\alfinant\Documents\Siemens\IAR\ARM\RF-partOff\Release_NSG\Obj\func.r79
  PROGRAM MODULE, NAME : func

  SEGMENTS IN THE MODULE
  ======================
ELFBEGIN
  Relative segment, address: CODE_AREA 00000000, align: 0
  Segment part 0. ROOT.
           ENTRY                   ADDRESS         REF BY
           =====                   =======         ======
           ELF_BEGIN               00000000        ElfKiller (main)
    -------------------------------------------------------------------------
CODE
  Relative segment, address: CODE_AREA 00000000 - 00000003 (0x4 bytes), align: 2
  Segment part 1. ROOT.
           ENTRY                   ADDRESS         REF BY
           =====                   =======         ======
           kill_data               00000000        ElfKiller (main)

    *************************************************************************

  FILE NAME : C:\Users\alfinant\Documents\Siemens\IAR\ARM\RF-partOff\Release_NSG\Obj\main.r79
  PROGRAM MODULE, NAME : main

  SEGMENTS IN THE MODULE
  ======================
CODE
  Relative segment, address: CODE_AREA 00000004 - 0000000B (0x8 bytes), align: 2
  Segment part 12.            Intra module refs:   Segment part 3
           ENTRY                   ADDRESS         REF BY
           =====                   =======         ======
           maincsm_onmessage       00000004 
    -------------------------------------------------------------------------
CODE
  Relative segment, address: CODE_AREA 0000000C - 0000000F (0x4 bytes), align: 2
  Segment part 14.            Intra module refs:   Segment part 3
           LOCAL                   ADDRESS         
           =====                   =======         
           maincsm_oncreate        0000000C 
    -------------------------------------------------------------------------
CODE
  Relative segment, address: CODE_AREA 00000010 - 0000002B (0x1c bytes), align: 2
  Segment part 16.            Intra module refs:   maincsm_onclose
           ENTRY                   ADDRESS         REF BY
           =====                   =======         ======
           ElfKiller               00000010 
               stack 1 = 00000000 ( 00000004 )
    -------------------------------------------------------------------------
CODE
  Relative segment, address: CODE_AREA 0000002C - 0000005F (0x34 bytes), align: 2
  Segment part 18.            Intra module refs:   Segment part 3
           LOCAL                   ADDRESS         
           =====                   =======         
           maincsm_onclose         0000002C 
               stack 1 = 00000000 ( 00000004 )
    -------------------------------------------------------------------------
DATA_Z
  Relative segment, address: CODE_AREA 00000178 - 0000028F (0x118 bytes), align: 2
  Segment part 5.             Intra module refs:   Segment part 3
    -------------------------------------------------------------------------
DATA_C
  Relative segment, address: CODE_AREA 000000F4 - 00000107 (0x14 bytes), align: 2
  Segment part 2.             Intra module refs:   maincsm_onclose
    -------------------------------------------------------------------------
DATA_C
  Relative segment, address: CODE_AREA 00000108 - 00000167 (0x60 bytes), align: 2
  Segment part 3.             Intra module refs:   main
    -------------------------------------------------------------------------
DATA_C
  Relative segment, address: CODE_AREA 00000168 - 0000016B (0x4 bytes), align: 2
  Segment part 4.             Intra module refs:   Segment part 3
           ENTRY                   ADDRESS         REF BY
           =====                   =======         ======
           minus11                 00000168 
    -------------------------------------------------------------------------
CODE
  Relative segment, address: CODE_AREA 00000060 - 000000EF (0x90 bytes), align: 2
  Segment part 20.
           ENTRY                   ADDRESS         REF BY
           =====                   =======         ======
           main                    00000060        Absolute parts (?ABS_ENTRY_MOD)
               stack 1 = 00000000 ( 00000038 )
    -------------------------------------------------------------------------
CODE
  Relative segment, address: CODE_AREA 000000F0 - 000000F3 (0x4 bytes), align: 2
  Segment part 21.            Intra module refs:   main
                                                   maincsm_onclose
    -------------------------------------------------------------------------
INITTAB
  Relative segment, address: CODE_AREA 0000016C - 00000177 (0xc bytes), align: 2
  Segment part 23. ROOT.
           ENTRY                   ADDRESS         REF BY
           =====                   =======         ======
           ?init?tab?DATA_Z        0000016C 



                ****************************************
                *                                      *
                *        END OF CROSS REFERENCE        *
                *                                      *
                ****************************************

 656 bytes of CODE memory

Errors: none
Warnings: none

