################################################################################
#                                                                              #
#      IAR Universal Linker V4.60I/386                                         #
#                                                                              #
#           Link time     =  03/Jan/2019  22:22:53                             #
#           Target CPU    =  ARM                                               #
#           List file     =  C:\Users\alfinant\Documents\Siemens\alfinant\VK.E #
#                            LF_C\Releas_NSG\List\VK_NSG.map                   #
#           Output file 1 =  C:\Users\alfinant\Documents\Siemens\alfinant\VK.E #
#                            LF_C\Releas_NSG\Exe\VK_NSG.elf                    #
#                            Format: elf, variant: -ynpra                      #
#           Command line  =  C:\Users\alfinant\Documents\Siemens\alfinant\VK.E #
#                            LF_C\Releas_NSG\Obj\Menu_About.r79                #
#                            C:\Users\alfinant\Documents\Siemens\alfinant\VK.E #
#                            LF_C\Releas_NSG\Obj\Menu_Chat.r79                 #
#                            C:\Users\alfinant\Documents\Siemens\alfinant\VK.E #
#                            LF_C\Releas_NSG\Obj\Menu_Dialogs.r79              #
#                            C:\Users\alfinant\Documents\Siemens\alfinant\VK.E #
#                            LF_C\Releas_NSG\Obj\Menu_Login.r79                #
#                            C:\Users\alfinant\Documents\Siemens\alfinant\VK.E #
#                            LF_C\Releas_NSG\Obj\Menu_Main.r79                 #
#                            C:\Users\alfinant\Documents\Siemens\alfinant\VK.E #
#                            LF_C\Releas_NSG\Obj\anim_widget.r79               #
#                            C:\Users\alfinant\Documents\Siemens\alfinant\VK.E #
#                            LF_C\Releas_NSG\Obj\cJSON.r79                     #
#                            C:\Users\alfinant\Documents\Siemens\alfinant\VK.E #
#                            LF_C\Releas_NSG\Obj\cJSON_Utils.r79               #
#                            C:\Users\alfinant\Documents\Siemens\alfinant\VK.E #
#                            LF_C\Releas_NSG\Obj\conf_loader.r79               #
#                            C:\Users\alfinant\Documents\Siemens\alfinant\VK.E #
#                            LF_C\Releas_NSG\Obj\config.r79                    #
#                            C:\Users\alfinant\Documents\Siemens\alfinant\VK.E #
#                            LF_C\Releas_NSG\Obj\cookie.r79                    #
#                            C:\Users\alfinant\Documents\Siemens\alfinant\VK.E #
#                            LF_C\Releas_NSG\Obj\debug_gui.r79                 #
#                            C:\Users\alfinant\Documents\Siemens\alfinant\VK.E #
#                            LF_C\Releas_NSG\Obj\dyn_images.r79                #
#                            C:\Users\alfinant\Documents\Siemens\alfinant\VK.E #
#                            LF_C\Releas_NSG\Obj\dyn_theme.r79                 #
#                            C:\Users\alfinant\Documents\Siemens\alfinant\VK.E #
#                            LF_C\Releas_NSG\Obj\func.r79                      #
#                            C:\Users\alfinant\Documents\Siemens\alfinant\VK.E #
#                            LF_C\Releas_NSG\Obj\htpp.r79                      #
#                            C:\Users\alfinant\Documents\Siemens\alfinant\VK.E #
#                            LF_C\Releas_NSG\Obj\main.r79                      #
#                            C:\Users\alfinant\Documents\Siemens\alfinant\VK.E #
#                            LF_C\Releas_NSG\Obj\process.r79                   #
#                            C:\Users\alfinant\Documents\Siemens\alfinant\VK.E #
#                            LF_C\Releas_NSG\Obj\socket_work.r79               #
#                            C:\Users\alfinant\Documents\Siemens\alfinant\VK.E #
#                            LF_C\Releas_NSG\Obj\ssl_work.r79                  #
#                            C:\Users\alfinant\Documents\Siemens\alfinant\VK.E #
#                            LF_C\Releas_NSG\Obj\string_util.r79               #
#                            C:\Users\alfinant\Documents\Siemens\alfinant\VK.E #
#                            LF_C\Releas_NSG\Obj\url_utils.r79                 #
#                            C:\Users\alfinant\Documents\Siemens\alfinant\VK.E #
#                            LF_C\Releas_NSG\Obj\vk_api.r79                    #
#                            C:\Users\alfinant\Documents\Siemens\alfinant\VK.E #
#                            LF_C\Releas_NSG\Obj\vk_work.r79                   #
#                            -o                                                #
#                            C:\Users\alfinant\Documents\Siemens\alfinant\VK.E #
#                            LF_C\Releas_NSG\Exe\VK_NSG.elf                    #
#                            -Felf -l                                          #
#                            C:\Users\alfinant\Documents\Siemens\alfinant\VK.E #
#                            LF_C\Releas_NSG\List\VK_NSG.map                   #
#                            -xm -f                                            #
#                            C:\Users\alfinant\Documents\Siemens\alfinant\VK.E #
#                            LF_C\test.xcl                                     #
#                            (-carm -V(CODE)CODE_AREA,12                       #
#                            -V(DATA)DATA_AREA,12                              #
#                            -Z(CODE_AREA)ELFBEGIN,DATA_ID,START,CODE,DATA_C,I #
#                            NITTAB,DATA_Z,DATA_N,CONFIG_C=0-FFFFFFFF          #
#                            -Z(DATA_AREA)DATA_I=0-FFFFFFFF) -ynpra            #
#                            C:\Users\alfinant\Documents\Siemens\IAR\ARM\LIB\d #
#                            l5tpainl8n.r79                                    #
#                            -s main                                           #
#                                                                              #
#                        Copyright 1987-2007 IAR Systems. All rights reserved. #
################################################################################





                ****************************************
                *                                      *
                *           CROSS REFERENCE            *
                *                                      *
                ****************************************

       Program entry at : CODE_AREA 000052B8  Relocatable, from module : main




                ****************************************
                *                                      *
                *            RUNTIME MODEL             *
                *                                      *
                ****************************************

  StackAlign4                = USED
  StackAlign8                = USED
  __cpu_mode                 = __pcs__interwork
  __data_model               = absolute
  __dlib_full_locale_support = 0
  __endian                   = little
  __rt_version               = 6
  __thumb_aware              = enabled



                ****************************************
                *                                      *
                *              MODULE MAP              *
                *                                      *
                ****************************************


  DEFINED ABSOLUTE ENTRIES
    *************************************************************************

  DEFINED ABSOLUTE ENTRIES
    *************************************************************************

  FILE NAME : C:\Users\alfinant\Documents\Siemens\alfinant\VK.ELF_C\Releas_NSG\Obj\Menu_About.r79
  PROGRAM MODULE, NAME : Menu_About

  SEGMENTS IN THE MODULE
  ======================
CODE
  Relative segment, address: CODE_AREA 00000920 - 0000094F (0x30 bytes), align: 2
  Segment part 13.            Intra module refs:   CreateChat (Menu_Chat)
                                                   CreateDialogsMenu (Menu_Dialogs)
                                                   CreateLoginDialog (Menu_Login)
                                                   CreateMainMenu (Menu_Main)
                                                   OpenAboutMenu
           ENTRY                   ADDRESS         REF BY
           =====                   =======         ======
           patch_header            00000920 
               stack 1 = 00000000 ( 00000008 )
    -------------------------------------------------------------------------
DATA_C
  Relative segment, address: CODE_AREA 00009FC8 - 00009FC8 (0x1 bytes), align: 0
  Segment part 2.             Intra module refs:   Segment part 10
    -------------------------------------------------------------------------
DATA_C
  Relative segment, address: CODE_AREA 00008F44 - 00008F4B (0x8 bytes), align: 2
  Segment part 3.             Intra module refs:   Segment part 10
    -------------------------------------------------------------------------
DATA_C
  Relative segment, address: CODE_AREA 00008F4C - 00008FAB (0x60 bytes), align: 2
  Segment part 4.             Intra module refs:   OpenAboutMenu
    -------------------------------------------------------------------------
DATA_C
  Relative segment, address: CODE_AREA 00008FAC - 00008FBB (0x10 bytes), align: 2
  Segment part 5.             Intra module refs:   gHook
    -------------------------------------------------------------------------
DATA_C
  Relative segment, address: CODE_AREA 00008FBC - 00008FC7 (0xc bytes), align: 2
  Segment part 8.             Intra module refs:   Segment part 7
    -------------------------------------------------------------------------
CODE
  Relative segment, address: CODE_AREA 00000950 - 00000953 (0x4 bytes), align: 2
  Segment part 15.            Intra module refs:   Segment part 7
           LOCAL                   ADDRESS         
           =====                   =======         
           proc3                   00000950 
    -------------------------------------------------------------------------
CODE
  Relative segment, address: CODE_AREA 00000954 - 00000997 (0x44 bytes), align: 2
  Segment part 17.            Intra module refs:   Segment part 7
           LOCAL                   ADDRESS         
           =====                   =======         
           onKey                   00000954 
    -------------------------------------------------------------------------
CODE
  Relative segment, address: CODE_AREA 00000998 - 00000A7F (0xe8 bytes), align: 2
  Segment part 19.            Intra module refs:   Segment part 7
           LOCAL                   ADDRESS         
           =====                   =======         
           gHook                   00000998 
               stack 1 = 00000000 ( 00000010 )
    -------------------------------------------------------------------------
DATA_I
  Relative segment, address: DATA_AREA 00000000 - 000000B7 (0xb8 bytes), align: 2
  Segment part 6.             Intra module refs:   Segment part 24
                                                   gHook
    -------------------------------------------------------------------------
DATA_I
  Relative segment, address: DATA_AREA 000000B8 - 000000CF (0x18 bytes), align: 2
  Segment part 9.             Intra module refs:   Segment part 12
    -------------------------------------------------------------------------
DATA_I
  Relative segment, address: DATA_AREA 000000D0 - 000000D7 (0x8 bytes), align: 2
  Segment part 11.            Intra module refs:   Segment part 7
    -------------------------------------------------------------------------
CODE
  Relative segment, address: CODE_AREA 00000A80 - 00000ACF (0x50 bytes), align: 2
  Segment part 21.            Intra module refs:   OpenAboutMenu
           LOCAL                   ADDRESS         
           =====                   =======         
           MyOnRedraw              00000A80 
               stack 1 = 00000000 ( 0000000C )
    -------------------------------------------------------------------------
CODE
  Relative segment, address: CODE_AREA 00000AD0 - 00000C4B (0x17c bytes), align: 2
  Segment part 23.
           ENTRY                   ADDRESS         REF BY
           =====                   =======         ======
           OpenAboutMenu           00000AD0        items_menu_onkey (Menu_Main)
               stack 1 = 00000000 ( 00000098 )
    -------------------------------------------------------------------------
CODE
  Relative segment, address: CODE_AREA 00000C4C - 00000C4F (0x4 bytes), align: 2
  Segment part 24.            Intra module refs:   MyOnRedraw
                                                   OpenAboutMenu
    -------------------------------------------------------------------------
DATA_ID
  Relative segment, address: CODE_AREA 00000000 - 000000B7 (0xb8 bytes), align: 2
  Segment part 7.             Intra module refs:   Segment part 6
    -------------------------------------------------------------------------
DATA_ID
  Relative segment, address: CODE_AREA 000000B8 - 000000CF (0x18 bytes), align: 2
  Segment part 10.            Intra module refs:   Segment part 9
    -------------------------------------------------------------------------
DATA_ID
  Relative segment, address: CODE_AREA 000000D0 - 000000D7 (0x8 bytes), align: 2
  Segment part 12.            Intra module refs:   Segment part 11
    -------------------------------------------------------------------------
INITTAB
  Relative segment, address: CODE_AREA 00009FD4 - 00009FDF (0xc bytes), align: 2
  Segment part 30. ROOT.
           ENTRY                   ADDRESS         REF BY
           =====                   =======         ======
           ?init?tab?DATA_I        00009FD4 

    *************************************************************************

  FILE NAME : C:\Users\alfinant\Documents\Siemens\alfinant\VK.ELF_C\Releas_NSG\Obj\Menu_Chat.r79
  PROGRAM MODULE, NAME : Menu_Chat

  SEGMENTS IN THE MODULE
  ======================
DATA_C
  Relative segment, address: CODE_AREA 00008FC8 - 00008FCB (0x4 bytes), align: 2
  Segment part 2.             Intra module refs:   Segment part 9
    -------------------------------------------------------------------------
DATA_C
  Relative segment, address: CODE_AREA 00008FCC - 00008FD3 (0x8 bytes), align: 2
  Segment part 3.             Intra module refs:   Segment part 9
    -------------------------------------------------------------------------
DATA_C
  Relative segment, address: CODE_AREA 00008FD4 - 0000901B (0x48 bytes), align: 2
  Segment part 4.             Intra module refs:   Segment part 25
                                                   ed_inp_ghook
    -------------------------------------------------------------------------
DATA_C
  Relative segment, address: CODE_AREA 0000901C - 00009023 (0x8 bytes), align: 2
  Segment part 5.             Intra module refs:   Segment part 7
    -------------------------------------------------------------------------
CODE
  Relative segment, address: CODE_AREA 00000C50 - 00000C53 (0x4 bytes), align: 2
  Segment part 14.            Intra module refs:   Segment part 7
           LOCAL                   ADDRESS         
           =====                   =======         
           ed_inp_locret           00000C50 
    -------------------------------------------------------------------------
CODE
  Relative segment, address: CODE_AREA 00000C54 - 00000C7F (0x2c bytes), align: 2
  Segment part 16.            Intra module refs:   ed_inp_onkey
           LOCAL                   ADDRESS         
           =====                   =======         
           ed_options_handler      00000C54 
               stack 1 = 00000000 ( 00000004 )
    -------------------------------------------------------------------------
CODE
  Relative segment, address: CODE_AREA 00000C80 - 00000D2F (0xb0 bytes), align: 2
  Segment part 18.            Intra module refs:   Segment part 7
           LOCAL                   ADDRESS         
           =====                   =======         
           ed_inp_onkey            00000C80 
               stack 1 = 00000000 ( 00000008 )
    -------------------------------------------------------------------------
CODE
  Relative segment, address: CODE_AREA 00000D30 - 00000E63 (0x134 bytes), align: 2
  Segment part 20.            Intra module refs:   Segment part 7
           LOCAL                   ADDRESS         
           =====                   =======         
           ed_inp_ghook            00000D30 
               stack 1 = 00000000 ( 00000014 )
    -------------------------------------------------------------------------
DATA_I
  Relative segment, address: DATA_AREA 000000D8 - 00000137 (0x60 bytes), align: 2
  Segment part 6.             Intra module refs:   Segment part 24
                                                   ed_inp_onkey
    -------------------------------------------------------------------------
DATA_I
  Relative segment, address: DATA_AREA 00000138 - 0000014F (0x18 bytes), align: 2
  Segment part 8.             Intra module refs:   Segment part 11
    -------------------------------------------------------------------------
DATA_I
  Relative segment, address: DATA_AREA 00000150 - 00000157 (0x8 bytes), align: 2
  Segment part 10.            Intra module refs:   Segment part 7
    -------------------------------------------------------------------------
CODE
  Relative segment, address: CODE_AREA 00000E64 - 0000127B (0x418 bytes), align: 2
  Segment part 22.
           ENTRY                   ADDRESS         REF BY
           =====                   =======         ======
           CreateChat              00000E64        items_menu_onkey (Menu_Dialogs)
               stack 1 = 00000000 ( 000004B0 )
    -------------------------------------------------------------------------
CODE
  Relative segment, address: CODE_AREA 0000127C - 0000127F (0x4 bytes), align: 2
  Segment part 23.            Intra module refs:   CreateChat
                                                   ed_inp_ghook
    -------------------------------------------------------------------------
CODE
  Relative segment, address: CODE_AREA 00001280 - 00001283 (0x4 bytes), align: 2
  Segment part 24.            Intra module refs:   CreateChat
                                                   ed_inp_ghook
    -------------------------------------------------------------------------
CODE
  Relative segment, address: CODE_AREA 00001284 - 00001287 (0x4 bytes), align: 2
  Segment part 25.            Intra module refs:   CreateChat
                                                   ed_options_handler
    -------------------------------------------------------------------------
DATA_ID
  Relative segment, address: CODE_AREA 000000D8 - 00000137 (0x60 bytes), align: 2
  Segment part 7.             Intra module refs:   Segment part 6
    -------------------------------------------------------------------------
DATA_ID
  Relative segment, address: CODE_AREA 00000138 - 0000014F (0x18 bytes), align: 2
  Segment part 9.             Intra module refs:   Segment part 8
    -------------------------------------------------------------------------
DATA_ID
  Relative segment, address: CODE_AREA 00000150 - 00000157 (0x8 bytes), align: 2
  Segment part 11.            Intra module refs:   Segment part 10

    *************************************************************************

  FILE NAME : C:\Users\alfinant\Documents\Siemens\alfinant\VK.ELF_C\Releas_NSG\Obj\Menu_Dialogs.r79
  PROGRAM MODULE, NAME : Menu_Dialogs

  SEGMENTS IN THE MODULE
  ======================
DATA_C
  Relative segment, address: CODE_AREA 00009024 - 0000902F (0xc bytes), align: 2
  Segment part 2.             Intra module refs:   Segment part 10
    -------------------------------------------------------------------------
DATA_C
  Relative segment, address: CODE_AREA 00009030 - 00009037 (0x8 bytes), align: 2
  Segment part 3.             Intra module refs:   Segment part 10
    -------------------------------------------------------------------------
DATA_C
  Relative segment, address: CODE_AREA 00009038 - 000090E7 (0xb0 bytes), align: 2
  Segment part 4.             Intra module refs:   Segment part 23
    -------------------------------------------------------------------------
DATA_C
  Relative segment, address: CODE_AREA 000090E8 - 000090F7 (0x10 bytes), align: 2
  Segment part 5.             Intra module refs:   items_menu_ghook
    -------------------------------------------------------------------------
DATA_I
  Relative segment, address: DATA_AREA 00000158 - 0000017F (0x28 bytes), align: 2
  Segment part 6.             Intra module refs:   Segment part 26
                                                   Segment part 30
    -------------------------------------------------------------------------
DATA_C
  Relative segment, address: CODE_AREA 000090F8 - 00009103 (0xc bytes), align: 2
  Segment part 8.             Intra module refs:   Segment part 13
    -------------------------------------------------------------------------
DATA_I
  Relative segment, address: DATA_AREA 00000180 - 00000197 (0x18 bytes), align: 2
  Segment part 9.             Intra module refs:   Segment part 12
    -------------------------------------------------------------------------
DATA_I
  Relative segment, address: DATA_AREA 00000198 - 0000019F (0x8 bytes), align: 2
  Segment part 11.            Intra module refs:   Segment part 13
    -------------------------------------------------------------------------
CODE
  Relative segment, address: CODE_AREA 00001288 - 000012F3 (0x6c bytes), align: 2
  Segment part 16.            Intra module refs:   Segment part 13
           LOCAL                   ADDRESS         
           =====                   =======         
           items_menu_onkey        00001288 
               stack 1 = 00000000 ( 00000004 )
    -------------------------------------------------------------------------
CODE
  Relative segment, address: CODE_AREA 000012F4 - 00001357 (0x64 bytes), align: 2
  Segment part 18.            Intra module refs:   items_menu_ghook
           LOCAL                   ADDRESS         
           =====                   =======         
           UpdateHeader            000012F4 
               stack 1 = 00000000 ( 0000000C )
    -------------------------------------------------------------------------
CODE
  Relative segment, address: CODE_AREA 00001358 - 0000151F (0x1c8 bytes), align: 2
  Segment part 20.            Intra module refs:   Segment part 13
           LOCAL                   ADDRESS         
           =====                   =======         
           items_menu_ghook        00001358 
               stack 1 = 00000000 ( 00000028 )
    -------------------------------------------------------------------------
CODE
  Relative segment, address: CODE_AREA 00001520 - 00001787 (0x268 bytes), align: 2
  Segment part 22.            Intra module refs:   Segment part 13
           LOCAL                   ADDRESS         
           =====                   =======         
           items_menu_iconhndl     00001520 
               stack 1 = 00000000 ( 0000002C )
    -------------------------------------------------------------------------
CODE
  Relative segment, address: CODE_AREA 00001788 - 0000178B (0x4 bytes), align: 2
  Segment part 23.            Intra module refs:   UpdateHeader
                                                   items_menu_iconhndl
    -------------------------------------------------------------------------
DATA_C
  Relative segment, address: CODE_AREA 00009104 - 00009133 (0x30 bytes), align: 2
  Segment part 13.            Intra module refs:   CreateDialogsMenu
    -------------------------------------------------------------------------
CODE
  Relative segment, address: CODE_AREA 0000178C - 000017C7 (0x3c bytes), align: 2
  Segment part 25.
           ENTRY                   ADDRESS         REF BY
           =====                   =======         ======
           RefreshDialogsMenu      0000178C        HandleObsFrameUpdate (main)
                                                   MainProcess (main)
               stack 1 = 00000000 ( 0000000C )
    -------------------------------------------------------------------------
CODE
  Relative segment, address: CODE_AREA 000017C8 - 000017CB (0x4 bytes), align: 2
  Segment part 26.            Intra module refs:   RefreshDialogsMenu
                                                   UpdateHeader
    -------------------------------------------------------------------------
CODE
  Relative segment, address: CODE_AREA 000017CC - 00001847 (0x7c bytes), align: 2
  Segment part 28.
           ENTRY                   ADDRESS         REF BY
           =====                   =======         ======
           CreateDialogsMenu       000017CC        items_menu_onkey (Menu_Main)
               stack 1 = 00000000 ( 00000010 )
    -------------------------------------------------------------------------
CODE
  Relative segment, address: CODE_AREA 00001848 - 0000184B (0x4 bytes), align: 2
  Segment part 29.            Intra module refs:   CreateDialogsMenu
                                                   RefreshDialogsMenu
                                                   items_menu_ghook
                                                   items_menu_iconhndl
                                                   items_menu_onkey
    -------------------------------------------------------------------------
CODE
  Relative segment, address: CODE_AREA 0000184C - 0000184F (0x4 bytes), align: 2
  Segment part 30.            Intra module refs:   CreateDialogsMenu
                                                   items_menu_ghook
    -------------------------------------------------------------------------
DATA_ID
  Relative segment, address: CODE_AREA 00000158 - 0000017F (0x28 bytes), align: 2
  Segment part 7.             Intra module refs:   Segment part 6
    -------------------------------------------------------------------------
DATA_ID
  Relative segment, address: CODE_AREA 00000180 - 00000197 (0x18 bytes), align: 2
  Segment part 10.            Intra module refs:   Segment part 9
    -------------------------------------------------------------------------
DATA_ID
  Relative segment, address: CODE_AREA 00000198 - 0000019F (0x8 bytes), align: 2
  Segment part 12.            Intra module refs:   Segment part 11

    *************************************************************************

  FILE NAME : C:\Users\alfinant\Documents\Siemens\alfinant\VK.ELF_C\Releas_NSG\Obj\Menu_Login.r79
  PROGRAM MODULE, NAME : Menu_Login

  SEGMENTS IN THE MODULE
  ======================
CODE
  Relative segment, address: CODE_AREA 00001850 - 00001893 (0x44 bytes), align: 2
  Segment part 23.            Intra module refs:   CreateLoginDialog
           ENTRY                   ADDRESS         REF BY
           =====                   =======         ======
           patch_input             00001850 
               stack 1 = 00000000 ( 0000000C )
    -------------------------------------------------------------------------
DATA_C
  Relative segment, address: CODE_AREA 00009134 - 00009137 (0x4 bytes), align: 2
  Segment part 2.             Intra module refs:   Segment part 19
    -------------------------------------------------------------------------
DATA_C
  Relative segment, address: CODE_AREA 00009138 - 0000913F (0x8 bytes), align: 2
  Segment part 3.             Intra module refs:   Segment part 19
    -------------------------------------------------------------------------
DATA_C
  Relative segment, address: CODE_AREA 00009140 - 00009153 (0x14 bytes), align: 2
  Segment part 4.             Intra module refs:   ed_inp_onkey
    -------------------------------------------------------------------------
DATA_C
  Relative segment, address: CODE_AREA 00009FC9 - 00009FCB (0x3 bytes), align: 0
  Segment part 5.             Intra module refs:   Segment part 12
    -------------------------------------------------------------------------
DATA_C
  Relative segment, address: CODE_AREA 00009154 - 0000915B (0x8 bytes), align: 2
  Segment part 6.             Intra module refs:   Segment part 12
    -------------------------------------------------------------------------
DATA_C
  Relative segment, address: CODE_AREA 0000915C - 0000918B (0x30 bytes), align: 2
  Segment part 8.             Intra module refs:   CreateLoginDialog
    -------------------------------------------------------------------------
DATA_C
  Relative segment, address: CODE_AREA 0000918C - 0000919B (0x10 bytes), align: 2
  Segment part 13.            Intra module refs:   ed_inp_ghook
    -------------------------------------------------------------------------
DATA_Z
  Relative segment, address: CODE_AREA 00009FEC - 0000A04B (0x60 bytes), align: 2
  Segment part 16.            Intra module refs:   ed_inp_onkey
           ENTRY                   ADDRESS         REF BY
           =====                   =======         ======
           captcha_key             00009FEC 
           login                   0000A00C 
           pass                    0000A02C 
    -------------------------------------------------------------------------
CODE
  Relative segment, address: CODE_AREA 00001894 - 00001897 (0x4 bytes), align: 2
  Segment part 25.            Intra module refs:   Segment part 12
           LOCAL                   ADDRESS         
           =====                   =======         
           ed_inp_locret           00001894 
    -------------------------------------------------------------------------
CODE
  Relative segment, address: CODE_AREA 00001898 - 000019FB (0x164 bytes), align: 2
  Segment part 27.            Intra module refs:   Segment part 12
           LOCAL                   ADDRESS         
           =====                   =======         
           ed_inp_onkey            00001898 
               stack 1 = 00000000 ( 00000094 )
    -------------------------------------------------------------------------
CODE
  Relative segment, address: CODE_AREA 000019FC - 00001AEF (0xf4 bytes), align: 2
  Segment part 29.            Intra module refs:   Segment part 12
           LOCAL                   ADDRESS         
           =====                   =======         
           ed_inp_ghook            000019FC 
               stack 1 = 00000000 ( 00000010 )
    -------------------------------------------------------------------------
CODE
  Relative segment, address: CODE_AREA 00001AF0 - 00001AF3 (0x4 bytes), align: 2
  Segment part 30.            Intra module refs:   ed_inp_ghook
                                                   ed_inp_onkey
    -------------------------------------------------------------------------
DATA_I
  Relative segment, address: DATA_AREA 000001A0 - 000001FF (0x60 bytes), align: 2
  Segment part 11.            Intra module refs:   Segment part 33
    -------------------------------------------------------------------------
DATA_I
  Relative segment, address: DATA_AREA 00000200 - 00000217 (0x18 bytes), align: 2
  Segment part 18.            Intra module refs:   Segment part 21
    -------------------------------------------------------------------------
DATA_I
  Relative segment, address: DATA_AREA 00000218 - 0000021F (0x8 bytes), align: 2
  Segment part 20.            Intra module refs:   Segment part 12
    -------------------------------------------------------------------------
CODE
  Relative segment, address: CODE_AREA 00001AF4 - 00001C7B (0x188 bytes), align: 2
  Segment part 32.
           ENTRY                   ADDRESS         REF BY
           =====                   =======         ======
           CreateLoginDialog       00001AF4        Logout (main)
                                                   startApp (main)
               stack 1 = 00000000 ( 00000268 )
    -------------------------------------------------------------------------
CODE
  Relative segment, address: CODE_AREA 00001C7C - 00001C7F (0x4 bytes), align: 2
  Segment part 33.            Intra module refs:   CreateLoginDialog
                                                   ed_inp_ghook
    -------------------------------------------------------------------------
DATA_ID
  Relative segment, address: CODE_AREA 000001A0 - 000001FF (0x60 bytes), align: 2
  Segment part 12.            Intra module refs:   Segment part 11
    -------------------------------------------------------------------------
DATA_ID
  Relative segment, address: CODE_AREA 00000200 - 00000217 (0x18 bytes), align: 2
  Segment part 19.            Intra module refs:   Segment part 18
    -------------------------------------------------------------------------
DATA_ID
  Relative segment, address: CODE_AREA 00000218 - 0000021F (0x8 bytes), align: 2
  Segment part 21.            Intra module refs:   Segment part 20
    -------------------------------------------------------------------------
INITTAB
  Relative segment, address: CODE_AREA 00009FE0 - 00009FEB (0xc bytes), align: 2
  Segment part 44. ROOT.
           ENTRY                   ADDRESS         REF BY
           =====                   =======         ======
           ?init?tab?DATA_Z        00009FE0 

    *************************************************************************

  FILE NAME : C:\Users\alfinant\Documents\Siemens\alfinant\VK.ELF_C\Releas_NSG\Obj\Menu_Main.r79
  PROGRAM MODULE, NAME : Menu_Main

  SEGMENTS IN THE MODULE
  ======================
DATA_C
  Relative segment, address: CODE_AREA 0000919C - 000091A3 (0x8 bytes), align: 2
  Segment part 2.             Intra module refs:   Segment part 10
    -------------------------------------------------------------------------
DATA_C
  Relative segment, address: CODE_AREA 000091A4 - 000091AB (0x8 bytes), align: 2
  Segment part 3.             Intra module refs:   Segment part 10
    -------------------------------------------------------------------------
DATA_C
  Relative segment, address: CODE_AREA 000091AC - 000091EB (0x40 bytes), align: 2
  Segment part 4.             Intra module refs:   Segment part 21
    -------------------------------------------------------------------------
DATA_I
  Relative segment, address: DATA_AREA 00000220 - 00000233 (0x14 bytes), align: 2
  Segment part 5.             Intra module refs:   CreateMainMenu
    -------------------------------------------------------------------------
DATA_Z
  Relative segment, address: CODE_AREA 0000A04C - 0000A04F (0x4 bytes), align: 2
  Segment part 7.             Intra module refs:   items_menu_ghook
    -------------------------------------------------------------------------
DATA_C
  Relative segment, address: CODE_AREA 000091EC - 000091F7 (0xc bytes), align: 2
  Segment part 8.             Intra module refs:   Segment part 13
    -------------------------------------------------------------------------
DATA_I
  Relative segment, address: DATA_AREA 00000234 - 0000024B (0x18 bytes), align: 2
  Segment part 9.             Intra module refs:   Segment part 12
    -------------------------------------------------------------------------
DATA_I
  Relative segment, address: DATA_AREA 0000024C - 00000253 (0x8 bytes), align: 2
  Segment part 11.            Intra module refs:   Segment part 13
    -------------------------------------------------------------------------
CODE
  Relative segment, address: CODE_AREA 00001C80 - 00001D0F (0x90 bytes), align: 2
  Segment part 16.            Intra module refs:   Segment part 13
           LOCAL                   ADDRESS         
           =====                   =======         
           items_menu_onkey        00001C80 
               stack 1 = 00000000 ( 00000008 )
    -------------------------------------------------------------------------
CODE
  Relative segment, address: CODE_AREA 00001D10 - 00001DA7 (0x98 bytes), align: 2
  Segment part 18.            Intra module refs:   Segment part 13
           LOCAL                   ADDRESS         
           =====                   =======         
           items_menu_ghook        00001D10 
               stack 1 = 00000000 ( 00000010 )
    -------------------------------------------------------------------------
CODE
  Relative segment, address: CODE_AREA 00001DA8 - 00001E33 (0x8c bytes), align: 2
  Segment part 20.            Intra module refs:   Segment part 13
           LOCAL                   ADDRESS         
           =====                   =======         
           items_menu_iconhndl     00001DA8 
               stack 1 = 00000000 ( 00000014 )
    -------------------------------------------------------------------------
CODE
  Relative segment, address: CODE_AREA 00001E34 - 00001E37 (0x4 bytes), align: 2
  Segment part 21.            Intra module refs:   items_menu_ghook
                                                   items_menu_iconhndl
    -------------------------------------------------------------------------
DATA_C
  Relative segment, address: CODE_AREA 000091F8 - 00009223 (0x2c bytes), align: 2
  Segment part 13.            Intra module refs:   CreateMainMenu
    -------------------------------------------------------------------------
CODE
  Relative segment, address: CODE_AREA 00001E38 - 00001E9B (0x64 bytes), align: 2
  Segment part 23.
           ENTRY                   ADDRESS         REF BY
           =====                   =======         ======
           CreateMainMenu          00001E38        MainProcess (main)
                                                   startApp (main)
               stack 1 = 00000000 ( 00000010 )
    -------------------------------------------------------------------------
DATA_ID
  Relative segment, address: CODE_AREA 00000220 - 00000233 (0x14 bytes), align: 2
  Segment part 6.             Intra module refs:   Segment part 5
    -------------------------------------------------------------------------
DATA_ID
  Relative segment, address: CODE_AREA 00000234 - 0000024B (0x18 bytes), align: 2
  Segment part 10.            Intra module refs:   Segment part 9
    -------------------------------------------------------------------------
DATA_ID
  Relative segment, address: CODE_AREA 0000024C - 00000253 (0x8 bytes), align: 2
  Segment part 12.            Intra module refs:   Segment part 11

    *************************************************************************

  FILE NAME : C:\Users\alfinant\Documents\Siemens\alfinant\VK.ELF_C\Releas_NSG\Obj\anim_widget.r79
  PROGRAM MODULE, NAME : anim_widget

  SEGMENTS IN THE MODULE
  ======================
CODE
  Relative segment, address: CODE_AREA 00001E9C - 00001EBB (0x20 bytes), align: 2
  Segment part 8.
           ENTRY                   ADDRESS         REF BY
           =====                   =======         ======
           AnimWidget_IsBottom     00001E9C        items_menu_ghook (Menu_Dialogs)
    -------------------------------------------------------------------------
CODE
  Relative segment, address: CODE_AREA 00001EBC - 00001ECB (0x10 bytes), align: 2
  Segment part 10.            Intra module refs:   Segment part 6
           LOCAL                   ADDRESS         
           =====                   =======         
           HandleObsPrepareCon     00001EBC 
               stack 1 = 00000000 ( 00000004 )
    -------------------------------------------------------------------------
CODE
  Relative segment, address: CODE_AREA 00001ECC - 0000206F (0x1a4 bytes), align: 2
  Segment part 12.            Intra module refs:   Segment part 6
           LOCAL                   ADDRESS         
           =====                   =======         
           HandleObsFrameUpdate    00001ECC 
               stack 1 = 00000000 ( 00000050 )
    -------------------------------------------------------------------------
CODE
  Relative segment, address: CODE_AREA 00002070 - 00002097 (0x28 bytes), align: 2
  Segment part 14.            Intra module refs:   Segment part 6
           LOCAL                   ADDRESS         
           =====                   =======         
           HandleObsError          00002070 
               stack 1 = 00000000 ( 00000008 )
    -------------------------------------------------------------------------
DATA_I
  Relative segment, address: DATA_AREA 00000254 - 00000283 (0x30 bytes), align: 2
  Segment part 5.             Intra module refs:   AnimWidget_IsBottom
                                                   Segment part 32
    -------------------------------------------------------------------------
CODE
  Relative segment, address: CODE_AREA 00002098 - 000020C3 (0x2c bytes), align: 2
  Segment part 16.
           ENTRY                   ADDRESS         REF BY
           =====                   =======         ======
           AnimWidgetHandler       00002098        maincsm_onmessage (main)
               stack 1 = 00000000 ( 00000004 )
    -------------------------------------------------------------------------
CODE
  Relative segment, address: CODE_AREA 000020C4 - 000021D7 (0x114 bytes), align: 2
  Segment part 18.            Intra module refs:   Segment part 25
           LOCAL                   ADDRESS         
           =====                   =======         
           AnimWidget_Wait         000020C4 
               stack 1 = 00000000 ( 0000001C )
    -------------------------------------------------------------------------
CODE
  Relative segment, address: CODE_AREA 000021D8 - 0000220F (0x38 bytes), align: 2
  Segment part 20.
           ENTRY                   ADDRESS         REF BY
           =====                   =======         ======
           AnimWidget_Wait_center
                                   000021D8        ed_inp_ghook (Menu_Chat)
                                                   items_menu_ghook (Menu_Dialogs)
               stack 1 = 00000000 ( 00000118 )
    -------------------------------------------------------------------------
CODE
  Relative segment, address: CODE_AREA 00002210 - 00002243 (0x34 bytes), align: 2
  Segment part 24.
           ENTRY                   ADDRESS         REF BY
           =====                   =======         ======
           AnimWidget_Wait_bottom
                                   00002210        ed_inp_ghook (Menu_Login)
                                                   ed_inp_onkey (Menu_Login)
                                                   items_menu_ghook (Menu_Dialogs)
               stack 1 = 00000000 ( 00000118 )
    -------------------------------------------------------------------------
CODE
  Relative segment, address: CODE_AREA 00002244 - 0000225F (0x1c bytes), align: 2
  Segment part 25.            Intra module refs:   AnimWidget_Wait_bottom
                                                   AnimWidget_Wait_center
    -------------------------------------------------------------------------
CODE
  Relative segment, address: CODE_AREA 00002260 - 00002263 (0x4 bytes), align: 2
  Segment part 26.            Intra module refs:   AnimWidget_Wait_bottom
                                                   AnimWidget_Wait_center
    -------------------------------------------------------------------------
CODE
  Relative segment, address: CODE_AREA 00002264 - 00002267 (0x4 bytes), align: 2
  Segment part 29.            Intra module refs:   AnimWidget_Wait_bottom
                                                   AnimWidget_Wait_center
    -------------------------------------------------------------------------
CODE
  Relative segment, address: CODE_AREA 00002268 - 000022B7 (0x50 bytes), align: 2
  Segment part 31.            Intra module refs:   AnimWidget_Wait_bottom
                                                   AnimWidget_Wait_center
           ENTRY                   ADDRESS         REF BY
           =====                   =======         ======
           AnimWidget_Close        00002268        MainProcess (main)
                                                   ed_inp_ghook (Menu_Chat)
                                                   ed_inp_ghook (Menu_Login)
                                                   ed_inp_onkey (Menu_Chat)
                                                   items_menu_ghook (Menu_Dialogs)
                                                   maincsm_onclose (main)
                                                   maincsm_onmessage (main)
                                                   sock_error_handler (main)
               stack 1 = 00000000 ( 0000000C )
    -------------------------------------------------------------------------
CODE
  Relative segment, address: CODE_AREA 000022B8 - 000022BB (0x4 bytes), align: 2
  Segment part 32.            Intra module refs:   AnimWidgetHandler
                                                   AnimWidget_Close
                                                   AnimWidget_Wait
                                                   AnimWidget_Wait_bottom
                                                   AnimWidget_Wait_center
                                                   HandleObsError
                                                   HandleObsFrameUpdate
    -------------------------------------------------------------------------
DATA_ID
  Relative segment, address: CODE_AREA 00000254 - 00000283 (0x30 bytes), align: 2
  Segment part 6.             Intra module refs:   Segment part 5
    -------------------------------------------------------------------------
DATA_C
  Relative segment, address: CODE_AREA 00009224 - 00009237 (0x14 bytes), align: 2
  Segment part 2.             Intra module refs:   Segment part 26

    *************************************************************************

  FILE NAME : C:\Users\alfinant\Documents\Siemens\alfinant\VK.ELF_C\Releas_NSG\Obj\cJSON.r79
  PROGRAM MODULE, NAME : cJSON

  SEGMENTS IN THE MODULE
  ======================
DATA_C
  Relative segment, address: CODE_AREA 00009238 - 00009263 (0x2c bytes), align: 2
  Segment part 3.             Intra module refs:   Segment part 74
    -------------------------------------------------------------------------
CODE
  Relative segment, address: CODE_AREA 000022BC - 000022C7 (0xc bytes), align: 2
  Segment part 20.            Intra module refs:   Segment part 11
           LOCAL                   ADDRESS         
           =====                   =======         
           internal_malloc         000022BC 
               stack 1 = 00000000 ( 00000004 )
    -------------------------------------------------------------------------
CODE
  Relative segment, address: CODE_AREA 000022C8 - 000022D3 (0xc bytes), align: 2
  Segment part 22.            Intra module refs:   Segment part 11
           LOCAL                   ADDRESS         
           =====                   =======         
           internal_free           000022C8 
               stack 1 = 00000000 ( 00000004 )
    -------------------------------------------------------------------------
CODE
  Relative segment, address: CODE_AREA 000022D4 - 000022DF (0xc bytes), align: 2
  Segment part 24.            Intra module refs:   Segment part 11
           LOCAL                   ADDRESS         
           =====                   =======         
           internal_realloc        000022D4 
               stack 1 = 00000000 ( 00000004 )
    -------------------------------------------------------------------------
DATA_I
  Relative segment, address: DATA_AREA 00000284 - 00000297 (0x14 bytes), align: 2
  Segment part 10.            Intra module refs:   Segment part 33
                                                   Segment part 69
    -------------------------------------------------------------------------
CODE
  Relative segment, address: CODE_AREA 000022E0 - 0000230F (0x30 bytes), align: 2
  Segment part 30.            Intra module refs:   cJSON_ParseWithOpts
                                                   parse_array
                                                   parse_object
           LOCAL                   ADDRESS         
           =====                   =======         
           cJSON_New_Item          000022E0 
               stack 1 = 00000000 ( 00000008 )
    -------------------------------------------------------------------------
CODE
  Relative segment, address: CODE_AREA 00002310 - 0000239B (0x8c bytes), align: 2
  Segment part 32.            Intra module refs:   cJSON_ParseWithOpts
                                                   parse_array
                                                   parse_object
           ENTRY                   ADDRESS         REF BY
           =====                   =======         ======
           cJSON_Delete            00002310        parse_answer_auth_direct (vk_api)
                                                   parse_answer_messages_getConversations (vk_api)
                                                   parse_answer_messages_getLongPollServer (vk_api)
               stack 1 = 00000000 ( 00000010 )
    -------------------------------------------------------------------------
CODE
  Relative segment, address: CODE_AREA 0000239C - 0000239F (0x4 bytes), align: 2
  Segment part 33.            Intra module refs:   cJSON_Delete
    -------------------------------------------------------------------------
CODE
  Relative segment, address: CODE_AREA 000023A0 - 000024FF (0x160 bytes), align: 2
  Segment part 35.            Intra module refs:   parse_value
           LOCAL                   ADDRESS         
           =====                   =======         
           parse_number            000023A0 
               stack 1 = 00000000 ( 00000058 )
    -------------------------------------------------------------------------
CODE
  Relative segment, address: CODE_AREA 00002500 - 0000256B (0x6c bytes), align: 2
  Segment part 46.            Intra module refs:   utf16_literal_to_utf8
           LOCAL                   ADDRESS         
           =====                   =======         
           parse_hex4              00002500 
    -------------------------------------------------------------------------
CODE
  Relative segment, address: CODE_AREA 0000256C - 0000269F (0x134 bytes), align: 2
  Segment part 48.            Intra module refs:   parse_string
           LOCAL                   ADDRESS         
           =====                   =======         
           utf16_literal_to_utf8   0000256C 
               stack 1 = 00000000 ( 00000018 )
    -------------------------------------------------------------------------
CODE
  Relative segment, address: CODE_AREA 000026A0 - 00002897 (0x1f8 bytes), align: 2
  Segment part 50.            Intra module refs:   parse_object
                                                   parse_value
           LOCAL                   ADDRESS         
           =====                   =======         
           parse_string            000026A0 
               stack 1 = 00000000 ( 00000028 )
    -------------------------------------------------------------------------
CODE
  Relative segment, address: CODE_AREA 00002898 - 000028DF (0x48 bytes), align: 2
  Segment part 54.            Intra module refs:   cJSON_ParseWithOpts
                                                   parse_array
                                                   parse_object
           LOCAL                   ADDRESS         
           =====                   =======         
           buffer_skip_whitespace
                                   00002898 
    -------------------------------------------------------------------------
CODE
  Relative segment, address: CODE_AREA 000028E0 - 00002A57 (0x178 bytes), align: 2
  Segment part 56.            Intra module refs:   cJSON_Parse
           ENTRY                   ADDRESS         REF BY
           =====                   =======         ======
           cJSON_ParseWithOpts     000028E0        parse_answer_auth_direct (vk_api)
                                                   parse_answer_messages_getConversations (vk_api)
               stack 1 = 00000000 ( 00000038 )
    -------------------------------------------------------------------------
CODE
  Relative segment, address: CODE_AREA 00002A58 - 00002A63 (0xc bytes), align: 2
  Segment part 58.
           ENTRY                   ADDRESS         REF BY
           =====                   =======         ======
           cJSON_Parse             00002A58        parse_answer_messages_getLongPollServer (vk_api)
               stack 1 = 00000000 ( 00000004 )
    -------------------------------------------------------------------------
CODE
  Relative segment, address: CODE_AREA 00002A64 - 00002A67 (0x4 bytes), align: 2
  Segment part 69.            Intra module refs:   cJSON_ParseWithOpts
    -------------------------------------------------------------------------
CODE
  Relative segment, address: CODE_AREA 00002A68 - 00002BDB (0x174 bytes), align: 2
  Segment part 71.            Intra module refs:   cJSON_ParseWithOpts
                                                   parse_array
                                                   parse_object
           LOCAL                   ADDRESS         
           =====                   =======         
           parse_value             00002A68 
               stack 1 = 00000000 ( 00000014 )
    -------------------------------------------------------------------------
CODE
  Relative segment, address: CODE_AREA 00002BDC - 00002BDF (0x4 bytes), align: 2
  Segment part 74.            Intra module refs:   parse_value
    -------------------------------------------------------------------------
CODE
  Relative segment, address: CODE_AREA 00002BE0 - 00002D2F (0x150 bytes), align: 2
  Segment part 76.            Intra module refs:   parse_value
           LOCAL                   ADDRESS         
           =====                   =======         
           parse_array             00002BE0 
               stack 1 = 00000000 ( 00000014 )
    -------------------------------------------------------------------------
CODE
  Relative segment, address: CODE_AREA 00002D30 - 00002D37 (0x8 bytes), align: 2
  Segment part 77.            Intra module refs:   parse_array
                                                   parse_value
    -------------------------------------------------------------------------
CODE
  Relative segment, address: CODE_AREA 00002D38 - 00002D43 (0xc bytes), align: 2
  Segment part 78.            Intra module refs:   parse_array
                                                   parse_value
    -------------------------------------------------------------------------
CODE
  Relative segment, address: CODE_AREA 00002D44 - 00002EFF (0x1bc bytes), align: 2
  Segment part 82.            Intra module refs:   parse_value
           LOCAL                   ADDRESS         
           =====                   =======         
           parse_object            00002D44 
               stack 1 = 00000000 ( 00000018 )
    -------------------------------------------------------------------------
CODE
  Relative segment, address: CODE_AREA 00002F00 - 00002F07 (0x8 bytes), align: 2
  Segment part 83.            Intra module refs:   parse_object
                                                   utf16_literal_to_utf8
    -------------------------------------------------------------------------
CODE
  Relative segment, address: CODE_AREA 00002F08 - 00002F2B (0x24 bytes), align: 2
  Segment part 88.
           ENTRY                   ADDRESS         REF BY
           =====                   =======         ======
           cJSON_GetArraySize      00002F08        __parse_obj_attachments (vk_api)
                                                   __parse_obj_profiles (vk_api)
                                                   parse_answer_messages_getConversations (vk_api)
    -------------------------------------------------------------------------
CODE
  Relative segment, address: CODE_AREA 00002F2C - 00002F33 (0x8 bytes), align: 2
  Segment part 89.            Intra module refs:   cJSON_GetArraySize
                                                   parse_hex4
    -------------------------------------------------------------------------
CODE
  Relative segment, address: CODE_AREA 00002F34 - 00002FEF (0xbc bytes), align: 2
  Segment part 95.            Intra module refs:   cJSON_GetObjectItem
           LOCAL                   ADDRESS         
           =====                   =======         
           get_object_item         00002F34 
               stack 1 = 00000000 ( 00000018 )
    -------------------------------------------------------------------------
CODE
  Relative segment, address: CODE_AREA 00002FF0 - 00002FF7 (0x8 bytes), align: 2
  Segment part 96.            Intra module refs:   get_object_item
    -------------------------------------------------------------------------
CODE
  Relative segment, address: CODE_AREA 00002FF8 - 00002FFF (0x8 bytes), align: 2
  Segment part 98.
           ENTRY                   ADDRESS         REF BY
           =====                   =======         ======
           cJSON_GetObjectItem     00002FF8        __parse_obj_Error (vk_api)
                                                   __parse_obj_Message (vk_api)
                                                   __parse_obj_User (vk_api)
                                                   __parse_obj_attachments (vk_api)
                                                   parse_answer_auth_direct (vk_api)
                                                   parse_answer_messages_getConversations (vk_api)
                                                   parse_answer_messages_getLongPollServer (vk_api)
               stack 1 = 00000000 ( 00000004 )
    -------------------------------------------------------------------------
CODE
  Relative segment, address: CODE_AREA 00003000 - 0000300F (0x10 bytes), align: 2
  Segment part 217.           Intra module refs:   buffer_skip_whitespace
                                                   parse_hex4
    -------------------------------------------------------------------------
CODE
  Relative segment, address: CODE_AREA 00003010 - 00003017 (0x8 bytes), align: 2
  Segment part 234.           Intra module refs:   parse_object
    -------------------------------------------------------------------------
DATA_ID
  Relative segment, address: CODE_AREA 00000284 - 00000297 (0x14 bytes), align: 2
  Segment part 11.            Intra module refs:   Segment part 10

    *************************************************************************

  FILE NAME : C:\Users\alfinant\Documents\Siemens\alfinant\VK.ELF_C\Releas_NSG\Obj\cJSON_Utils.r79
    *************************************************************************

  FILE NAME : C:\Users\alfinant\Documents\Siemens\alfinant\VK.ELF_C\Releas_NSG\Obj\conf_loader.r79
  PROGRAM MODULE, NAME : conf_loader

  SEGMENTS IN THE MODULE
  ======================
DATA_I
  Relative segment, address: DATA_AREA 00000298 - 0000029B (0x4 bytes), align: 2
  Segment part 4.             Intra module refs:   LoadConfigData
           ENTRY                   ADDRESS         REF BY
           =====                   =======         ======
           successed_config_filename
                                   00000298        maincsm_onmessage (main)
    -------------------------------------------------------------------------
CODE
  Relative segment, address: CODE_AREA 00003018 - 00003113 (0xfc bytes), align: 2
  Segment part 7.             Intra module refs:   InitConfig
           ENTRY                   ADDRESS         REF BY
           =====                   =======         ======
           LoadConfigData          00003018 
               stack 1 = 00000000 ( 00000024 )
    -------------------------------------------------------------------------
CODE
  Relative segment, address: CODE_AREA 00003114 - 0000313B (0x28 bytes), align: 2
  Segment part 9.
           ENTRY                   ADDRESS         REF BY
           =====                   =======         ======
           InitConfig              00003114        main (main)
                                                   maincsm_onmessage (main)
               stack 1 = 00000000 ( 00000008 )
    -------------------------------------------------------------------------
DATA_ID
  Relative segment, address: CODE_AREA 00000298 - 0000029B (0x4 bytes), align: 2
  Segment part 5.             Intra module refs:   successed_config_filename
    -------------------------------------------------------------------------
DATA_C
  Relative segment, address: CODE_AREA 00009FCC - 00009FCC (0x1 bytes), align: 0
  Segment part 2.             Intra module refs:   Segment part 5
    -------------------------------------------------------------------------
DATA_C
  Relative segment, address: CODE_AREA 00009264 - 00009293 (0x30 bytes), align: 2
  Segment part 3.             Intra module refs:   InitConfig

    *************************************************************************

  FILE NAME : C:\Users\alfinant\Documents\Siemens\alfinant\VK.ELF_C\Releas_NSG\Obj\config.r79
  PROGRAM MODULE, NAME : config

  SEGMENTS IN THE MODULE
  ======================
CONFIG_C
  Relative segment, address: CODE_AREA 0000AC94 - 0000ACBF (0x2c bytes), align: 2
  Segment part 2. ROOT.
           ENTRY                   ADDRESS         REF BY
           =====                   =======         ======
           cfghdr0                 0000AC94        LoadConfigData (conf_loader)
    -------------------------------------------------------------------------
CONFIG_C
  Relative segment, address: CODE_AREA 0000ACC0 - 0000AD3F (0x80 bytes), align: 2
  Segment part 3. ROOT.
           ENTRY                   ADDRESS         REF BY
           =====                   =======         ======
           APP_DIR                 0000ACC0        LoadDynTheme (dyn_theme)
                                                   OpenAboutMenu (Menu_About)
                                                   Segment part 16 (cookie)
                                                   Segment part 29 (anim_widget)
                                                   Segment part 38 (dyn_images)
                                                   Segment part 41 (main)
    -------------------------------------------------------------------------
CONFIG_C
  Relative segment, address: CODE_AREA 0000AD40 - 0000AD6B (0x2c bytes), align: 2
  Segment part 4. ROOT.
           ENTRY                   ADDRESS         REF BY
           =====                   =======         ======
           cfghdr1                 0000AD40 
    -------------------------------------------------------------------------
CONFIG_C
  Relative segment, address: CODE_AREA 0000AD6C - 0000AD6F (0x4 bytes), align: 2
  Segment part 5. ROOT.
           ENTRY                   ADDRESS         REF BY
           =====                   =======         ======
           CFG_ENA_THEME           0000AD6C        Segment part 13 (dyn_theme)
    -------------------------------------------------------------------------
CONFIG_C
  Relative segment, address: CODE_AREA 0000AD70 - 0000AD9B (0x2c bytes), align: 2
  Segment part 6. ROOT.
           ENTRY                   ADDRESS         REF BY
           =====                   =======         ======
           cfghdr2                 0000AD70 
    -------------------------------------------------------------------------
CONFIG_C
  Relative segment, address: CODE_AREA 0000AD9C - 0000AD9F (0x4 bytes), align: 2
  Segment part 7. ROOT.
           ENTRY                   ADDRESS         REF BY
           =====                   =======         ======
           RECONNECT_TIME          0000AD9C        tmr_check_new_msg_handler (main)
    -------------------------------------------------------------------------
CONFIG_C
  Relative segment, address: CODE_AREA 0000ADA0 - 0000ADCB (0x2c bytes), align: 2
  Segment part 8. ROOT.
           ENTRY                   ADDRESS         REF BY
           =====                   =======         ======
           cfghdr3                 0000ADA0 
    -------------------------------------------------------------------------
CONFIG_C
  Relative segment, address: CODE_AREA 0000ADCC - 0000ADD3 (0x8 bytes), align: 2
  Segment part 9. ROOT.
           ENTRY                   ADDRESS         REF BY
           =====                   =======         ======
           GMT                     0000ADCC        CreateChat (Menu_Chat)
    -------------------------------------------------------------------------
CONFIG_C
  Relative segment, address: CODE_AREA 0000ADD4 - 0000ADFF (0x2c bytes), align: 2
  Segment part 10. ROOT.
           ENTRY                   ADDRESS         REF BY
           =====                   =======         ======
           cfghdr4                 0000ADD4 
    -------------------------------------------------------------------------
CONFIG_C
  Relative segment, address: CODE_AREA 0000AE00 - 0000AE03 (0x4 bytes), align: 2
  Segment part 11. ROOT.
           ENTRY                   ADDRESS         REF BY
           =====                   =======         ======
           soundEnabled            0000AE00 
    -------------------------------------------------------------------------
CONFIG_C
  Relative segment, address: CODE_AREA 0000AE04 - 0000AE43 (0x40 bytes), align: 2
  Segment part 12. ROOT.
           ENTRY                   ADDRESS         REF BY
           =====                   =======         ======
           cfgcbox4_2              0000AE04 
    -------------------------------------------------------------------------
CONFIG_C
  Relative segment, address: CODE_AREA 0000AE44 - 0000AE6F (0x2c bytes), align: 2
  Segment part 13. ROOT.
           ENTRY                   ADDRESS         REF BY
           =====                   =======         ======
           cfghdr5                 0000AE44 
    -------------------------------------------------------------------------
CONFIG_C
  Relative segment, address: CODE_AREA 0000AE70 - 0000AE73 (0x4 bytes), align: 2
  Segment part 14. ROOT.
           ENTRY                   ADDRESS         REF BY
           =====                   =======         ======
           sndVolume               0000AE70 

    *************************************************************************

  FILE NAME : C:\Users\alfinant\Documents\Siemens\alfinant\VK.ELF_C\Releas_NSG\Obj\cookie.r79
  PROGRAM MODULE, NAME : cookie

  SEGMENTS IN THE MODULE
  ======================
DATA_Z
  Relative segment, address: CODE_AREA 0000A050 - 0000A053 (0x4 bytes), align: 2
  Segment part 5.             Intra module refs:   Segment part 21
           ENTRY                   ADDRESS         REF BY
           =====                   =======         ======
           cookie_top              0000A050 
    -------------------------------------------------------------------------
CODE
  Relative segment, address: CODE_AREA 0000313C - 0000317F (0x44 bytes), align: 2
  Segment part 9.             Intra module refs:   Cookies_SaveAndFree
           ENTRY                   ADDRESS         REF BY
           =====                   =======         ======
           Cookies_Free            0000313C 
               stack 1 = 00000000 ( 00000010 )
    -------------------------------------------------------------------------
CODE
  Relative segment, address: CODE_AREA 00003180 - 00003277 (0xf8 bytes), align: 2
  Segment part 11.            Intra module refs:   Cookies_SaveAndFree
           ENTRY                   ADDRESS         REF BY
           =====                   =======         ======
           Cookies_Save            00003180 
               stack 1 = 00000000 ( 00000094 )
    -------------------------------------------------------------------------
CODE
  Relative segment, address: CODE_AREA 00003278 - 00003287 (0x10 bytes), align: 2
  Segment part 13.
           ENTRY                   ADDRESS         REF BY
           =====                   =======         ======
           Cookies_SaveAndFree     00003278        MainProcess (main)
                                                   Segment part 78 (main)
               stack 1 = 00000000 ( 00000004 )
    -------------------------------------------------------------------------
CODE
  Relative segment, address: CODE_AREA 00003288 - 0000328B (0x4 bytes), align: 2
  Segment part 16.            Intra module refs:   Cookies_Save
    -------------------------------------------------------------------------
CODE
  Relative segment, address: CODE_AREA 0000328C - 0000336F (0xe4 bytes), align: 2
  Segment part 18.
           ENTRY                   ADDRESS         REF BY
           =====                   =======         ======
           Cookies_Add             0000328C        parse_line_SET_COOKIE (htpp)
               stack 1 = 00000000 ( 00000018 )
    -------------------------------------------------------------------------
CODE
  Relative segment, address: CODE_AREA 00003370 - 0000344B (0xdc bytes), align: 2
  Segment part 20.
           ENTRY                   ADDRESS         REF BY
           =====                   =======         ======
           Cookies_GetByHost       00003370        HttpSendPostReq (htpp)
               stack 1 = 00000000 ( 0000001C )
    -------------------------------------------------------------------------
CODE
  Relative segment, address: CODE_AREA 0000344C - 0000344F (0x4 bytes), align: 2
  Segment part 21.            Intra module refs:   Cookies_Add
                                                   Cookies_Free
                                                   Cookies_GetByHost
                                                   Cookies_Save
    -------------------------------------------------------------------------
DATA_C
  Relative segment, address: CODE_AREA 00009294 - 000092A3 (0x10 bytes), align: 2
  Segment part 2.             Intra module refs:   Cookies_Save
    -------------------------------------------------------------------------
DATA_C
  Relative segment, address: CODE_AREA 00009FCD - 00009FCE (0x2 bytes), align: 0
  Segment part 4.             Intra module refs:   Cookies_GetByHost

    *************************************************************************

  FILE NAME : C:\Users\alfinant\Documents\Siemens\alfinant\VK.ELF_C\Releas_NSG\Obj\debug_gui.r79
  PROGRAM MODULE, NAME : debug_gui

  SEGMENTS IN THE MODULE
  ======================
DATA_Z
  Relative segment, address: CODE_AREA 0000A054 - 0000A153 (0x100 bytes), align: 2
  Segment part 3.             Intra module refs:   OnRedraw
           ENTRY                   ADDRESS         REF BY
           =====                   =======         ======
           logmsg                  0000A054        Segment part 40 (socket_work)
                                                   Segment part 53 (ssl_work)
                                                   Segment part 59 (main)
    -------------------------------------------------------------------------
DATA_C
  Relative segment, address: CODE_AREA 000092A4 - 0000935B (0xb8 bytes), align: 2
  Segment part 2.             Intra module refs:   OnRedraw
    -------------------------------------------------------------------------
DATA_Z
  Relative segment, address: CODE_AREA 0000A154 - 0000A157 (0x4 bytes), align: 2
  Segment part 4.             Intra module refs:   Segment part 27
    -------------------------------------------------------------------------
CODE
  Relative segment, address: CODE_AREA 00003450 - 00003483 (0x34 bytes), align: 2
  Segment part 7.             Intra module refs:   OnKey
           ENTRY                   ADDRESS         REF BY
           =====                   =======         ======
           SMART_REDRAW            00003450        MainProcess (main)
                                                   Segment part 61 (ssl_work)
                                                   create_connect (socket_work)
                                                   new_session (ssl_work)
                                                   sock_data_readed_handler (main)
                                                   ssl_connect (ssl_work)
                                                   ssl_get_answer (ssl_work)
                                                   ssl_send_answer (ssl_work)
                                                   ssl_socket_msg_handler (ssl_work)
               stack 1 = 00000000 ( 00000008 )
    -------------------------------------------------------------------------
CODE
  Relative segment, address: CODE_AREA 00003484 - 000036A7 (0x224 bytes), align: 2
  Segment part 9.             Intra module refs:   gui_methods
           LOCAL                   ADDRESS         
           =====                   =======         
           OnRedraw                00003484 
               stack 1 = 00000000 ( 000000AC )
    -------------------------------------------------------------------------
CODE
  Relative segment, address: CODE_AREA 000036A8 - 000036C7 (0x20 bytes), align: 2
  Segment part 11.            Intra module refs:   gui_methods
           LOCAL                   ADDRESS         
           =====                   =======         
           onCreate                000036A8 
               stack 1 = 00000000 ( 00000008 )
    -------------------------------------------------------------------------
CODE
  Relative segment, address: CODE_AREA 000036C8 - 000036E7 (0x20 bytes), align: 2
  Segment part 13.            Intra module refs:   gui_methods
           LOCAL                   ADDRESS         
           =====                   =======         
           onClose                 000036C8 
               stack 1 = 00000000 ( 00000008 )
    -------------------------------------------------------------------------
CODE
  Relative segment, address: CODE_AREA 000036E8 - 00003703 (0x1c bytes), align: 2
  Segment part 15.            Intra module refs:   gui_methods
           LOCAL                   ADDRESS         
           =====                   =======         
           onFocus                 000036E8 
               stack 1 = 00000000 ( 00000008 )
    -------------------------------------------------------------------------
CODE
  Relative segment, address: CODE_AREA 00003704 - 00003717 (0x14 bytes), align: 2
  Segment part 17.            Intra module refs:   gui_methods
           LOCAL                   ADDRESS         
           =====                   =======         
           onUnfocus               00003704 
    -------------------------------------------------------------------------
CODE
  Relative segment, address: CODE_AREA 00003718 - 0000375F (0x48 bytes), align: 2
  Segment part 19.            Intra module refs:   gui_methods
           LOCAL                   ADDRESS         
           =====                   =======         
           OnKey                   00003718 
               stack 1 = 00000000 ( 00000004 )
    -------------------------------------------------------------------------
CODE
  Relative segment, address: CODE_AREA 00003760 - 00003763 (0x4 bytes), align: 2
  Segment part 21.            Intra module refs:   gui_methods
           ENTRY                   ADDRESS         REF BY
           =====                   =======         ======
           method8                 00003760 
    -------------------------------------------------------------------------
CODE
  Relative segment, address: CODE_AREA 00003764, align: 2
  Segment part 23.            Intra module refs:   gui_methods
           ENTRY                   ADDRESS         REF BY
           =====                   =======         ======
           method9                 00003764 
    -------------------------------------------------------------------------
CODE
  Relative segment, address: CODE_AREA 00003764 - 0000376B (0x8 bytes), align: 2
  Segment part 24.            Intra module refs:   method8
                                                   method9
    -------------------------------------------------------------------------
DATA_C
  Relative segment, address: CODE_AREA 0000935C - 0000938F (0x34 bytes), align: 2
  Segment part 5.             Intra module refs:   CreateDebugGUI
           ENTRY                   ADDRESS         REF BY
           =====                   =======         ======
           gui_methods             00009364 
    -------------------------------------------------------------------------
CODE
  Relative segment, address: CODE_AREA 0000376C - 000037DB (0x70 bytes), align: 2
  Segment part 26.
           ENTRY                   ADDRESS         REF BY
           =====                   =======         ======
           CreateDebugGUI          0000376C        ed_inp_onkey (Menu_Login)
                                                   items_menu_onkey (Menu_Dialogs)
                                                   items_menu_onkey (Menu_Main)
               stack 1 = 00000000 ( 0000000C )
    -------------------------------------------------------------------------
CODE
  Relative segment, address: CODE_AREA 000037DC - 000037DF (0x4 bytes), align: 2
  Segment part 27.            Intra module refs:   CreateDebugGUI
                                                   SMART_REDRAW
                                                   onClose

    *************************************************************************

  FILE NAME : C:\Users\alfinant\Documents\Siemens\alfinant\VK.ELF_C\Releas_NSG\Obj\dyn_images.r79
  PROGRAM MODULE, NAME : dyn_images

  SEGMENTS IN THE MODULE
  ======================
DATA_Z
  Relative segment, address: CODE_AREA 0000A158 - 0000A15B (0x4 bytes), align: 2
  Segment part 8.             Intra module refs:   Segment part 42
           ENTRY                   ADDRESS         REF BY
           =====                   =======         ======
           pngtop                  0000A158 
    -------------------------------------------------------------------------
DATA_Z
  Relative segment, address: CODE_AREA 0000A15C - 0000A15F (0x4 bytes), align: 2
  Segment part 9.             Intra module refs:   Segment part 53
           ENTRY                   ADDRESS         REF BY
           =====                   =======         ======
           dyn_pnglist             0000A15C 
    -------------------------------------------------------------------------
CODE
  Relative segment, address: CODE_AREA 000037E0 - 000037EF (0x10 bytes), align: 2
  Segment part 11.
           ENTRY                   ADDRESS         REF BY
           =====                   =======         ======
           DisableDynImages        000037E0        ed_inp_ghook (Menu_Chat)
                                                   ed_inp_ghook (Menu_Login)
                                                   items_menu_ghook (Menu_Dialogs)
               stack 1 = 00000000 ( 00000004 )
    -------------------------------------------------------------------------
CODE
  Relative segment, address: CODE_AREA 000037F0 - 000037FF (0x10 bytes), align: 2
  Segment part 13.
           ENTRY                   ADDRESS         REF BY
           =====                   =======         ======
           EnableDynImages         000037F0        ed_inp_ghook (Menu_Chat)
                                                   ed_inp_ghook (Menu_Login)
                                                   items_menu_ghook (Menu_Dialogs)
                                                   items_menu_ghook (Menu_Main)
               stack 1 = 00000000 ( 00000004 )
    -------------------------------------------------------------------------
CODE
[...]
           =====                   =======         ======
           del_Message             00007710 
               stack 1 = 00000000 ( 00000008 )
    -------------------------------------------------------------------------
CODE
  Relative segment, address: CODE_AREA 00007744 - 0000774F (0xc bytes), align: 2
  Segment part 37.            Intra module refs:   del_Message
                                                   del_User
    -------------------------------------------------------------------------
CODE
  Relative segment, address: CODE_AREA 00007750 - 00007773 (0x24 bytes), align: 2
  Segment part 39.            Intra module refs:   del_Dialogs
           ENTRY                   ADDRESS         REF BY
           =====                   =======         ======
           del_Messages            00007750        parse_answer_messages_getConversations (vk_api)
               stack 1 = 00000000 ( 0000000C )
    -------------------------------------------------------------------------
CODE
  Relative segment, address: CODE_AREA 00007774 - 0000777F (0xc bytes), align: 2
  Segment part 40.            Intra module refs:   del_Messages
                                                   del_Profiles
                                                   del_attachments
    -------------------------------------------------------------------------
CODE
  Relative segment, address: CODE_AREA 00007780 - 000077F7 (0x78 bytes), align: 2
  Segment part 42.
           ENTRY                   ADDRESS         REF BY
           =====                   =======         ======
           del_Dialogs             00007780        maincsm_onclose (main)
               stack 1 = 00000000 ( 00000010 )
    -------------------------------------------------------------------------
CODE
  Relative segment, address: CODE_AREA 000077F8 - 00007823 (0x2c bytes), align: 2
  Segment part 44.
           ENTRY                   ADDRESS         REF BY
           =====                   =======         ======
           del_Profiles            000077F8        maincsm_onclose (main)
               stack 1 = 00000000 ( 0000000C )
    -------------------------------------------------------------------------
CODE
  Relative segment, address: CODE_AREA 00007824 - 0000783F (0x1c bytes), align: 2
  Segment part 46.
           ENTRY                   ADDRESS         REF BY
           =====                   =======         ======
           count_ListElements      00007824        CreateDialogsMenu (Menu_Dialogs)
                                                   RefreshDialogsMenu (Menu_Dialogs)
                                                   items_menu_iconhndl (Menu_Dialogs)
    -------------------------------------------------------------------------
CODE
  Relative segment, address: CODE_AREA 00007840 - 00007847 (0x8 bytes), align: 2
  Segment part 47.            Intra module refs:   count_ListElements
                                                   get_DialogMsg
    -------------------------------------------------------------------------
CODE
  Relative segment, address: CODE_AREA 00007848 - 00007873 (0x2c bytes), align: 2
  Segment part 49.
           ENTRY                   ADDRESS         REF BY
           =====                   =======         ======
           get_ListByIndex         00007848        items_menu_iconhndl (Menu_Dialogs)
                                                   items_menu_onkey (Menu_Dialogs)
    -------------------------------------------------------------------------
DATA_ID
  Relative segment, address: CODE_AREA 00000910 - 00000917 (0x8 bytes), align: 2
  Segment part 3.             Intra module refs:   dialogs
    -------------------------------------------------------------------------
DATA_ID
  Relative segment, address: CODE_AREA 00000918 - 0000091F (0x8 bytes), align: 2
  Segment part 5.             Intra module refs:   profiles

    *************************************************************************

  FILE NAME : C:\Users\alfinant\Documents\Siemens\IAR\ARM\LIB\dl5tpainl8n.r79
  LIBRARY MODULE, NAME : ?fpStatus

  SEGMENTS IN THE MODULE
  ======================
DATA_Z
  Relative segment, address: CODE_AREA 0000AC88 - 0000AC8B (0x4 bytes), align: 2
  Segment part 2.
           ENTRY                   ADDRESS         REF BY
           =====                   =======         ======
           __FloatingPointFlags    0000AC88        Segment part 0 (?SetInvalidFlag)

    -------------------------------------------------------------------------
  LIBRARY MODULE, NAME : ?errno

  SEGMENTS IN THE MODULE
  ======================
DATA_Z
  Relative segment, address: CODE_AREA 0000AC8C - 0000AC93 (0x8 bytes), align: 2
  Segment part 2.             Intra module refs:   _Geterrno
           ENTRY                   ADDRESS         REF BY
           =====                   =======         ======
           _Errno                  0000AC90 
           _Tls_setup__Errno       0000AC8C 
    -------------------------------------------------------------------------
CODE
  Relative segment, address: CODE_AREA 00007874 - 00007897 (0x24 bytes), align: 2
  Segment part 4.
           ENTRY                   ADDRESS         REF BY
           =====                   =======         ======
           _Geterrno               00007874        _Dtento (?xdtento)
               stack 1 = 00000000 ( 00000008 )

    -------------------------------------------------------------------------
  LIBRARY MODULE, NAME : ?strtod

  SEGMENTS IN THE MODULE
  ======================
CODE
  Relative segment, address: CODE_AREA 00007898 - 000078AB (0x14 bytes), align: 2
  Segment part 3.
           ENTRY                   ADDRESS         REF BY
           =====                   =======         ======
           strtod                  00007898        parse_number (cJSON)
               stack 1 = 00000000 ( 00000008 )

    -------------------------------------------------------------------------
  LIBRARY MODULE, NAME : ?xdnorm

  SEGMENTS IN THE MODULE
  ======================
CODE
  Relative segment, address: CODE_AREA 000078AC - 000079FB (0x150 bytes), align: 2
  Segment part 3.
           ENTRY                   ADDRESS         REF BY
           =====                   =======         ======
           _Dnorm                  000078AC        _Dscale (?xdscale)
                                                   _Dunscale (?xdtento)

    -------------------------------------------------------------------------
  LIBRARY MODULE, NAME : ?xdscale

  SEGMENTS IN THE MODULE
  ======================
CODE
  Relative segment, address: CODE_AREA 000079FC - 00007BCB (0x1d0 bytes), align: 2
  Segment part 3.
           ENTRY                   ADDRESS         REF BY
           =====                   =======         ======
           _Dscale                 000079FC        _Dtento (?xdtento)
               stack 1 = 00000000 ( 00000010 )

    -------------------------------------------------------------------------
  LIBRARY MODULE, NAME : ?xdtento

  SEGMENTS IN THE MODULE
  ======================
CODE
  Relative segment, address: CODE_AREA 00007BCC - 00007C93 (0xc8 bytes), align: 2
  Segment part 3.             Intra module refs:   _Dtento
           ENTRY                   ADDRESS         REF BY
           =====                   =======         ======
           _Dunscale               00007BCC 
               stack 1 = 00000000 ( 00000010 )
    -------------------------------------------------------------------------
DATA_C
  Relative segment, address: CODE_AREA 00009F40 - 00009F87 (0x48 bytes), align: 2
  Segment part 2.             Intra module refs:   _Dtento
    -------------------------------------------------------------------------
CODE
  Relative segment, address: CODE_AREA 00007C94 - 00007EDF (0x24c bytes), align: 2
  Segment part 5.
           ENTRY                   ADDRESS         REF BY
           =====                   =======         ======
           _Dtento                 00007C94        _Stod (?xstod)
               stack 1 = 00000000 ( 00000028 )

    -------------------------------------------------------------------------
  LIBRARY MODULE, NAME : ?xstod

  SEGMENTS IN THE MODULE
  ======================
DATA_C
  Relative segment, address: CODE_AREA 00009F88 - 00009F97 (0x10 bytes), align: 2
  Segment part 2.             Intra module refs:   _Stod
    -------------------------------------------------------------------------
CODE
  Relative segment, address: CODE_AREA 00007EE0 - 00008003 (0x124 bytes), align: 2
  Segment part 4.
           ENTRY                   ADDRESS         REF BY
           =====                   =======         ======
           _Stod                   00007EE0        strtod (?strtod)
               stack 1 = 00000000 ( 00000040 )

    -------------------------------------------------------------------------
  LIBRARY MODULE, NAME : ?xstoflt

  SEGMENTS IN THE MODULE
  ======================
DATA_C
  Relative segment, address: CODE_AREA 00009F98 - 00009FB7 (0x20 bytes), align: 2
  Segment part 2.             Intra module refs:   _Stoflt
    -------------------------------------------------------------------------
CODE
  Relative segment, address: CODE_AREA 00008004 - 000082A3 (0x2a0 bytes), align: 2
  Segment part 4.
           ENTRY                   ADDRESS         REF BY
           =====                   =======         ======
           _Stoflt                 00008004        _Stod (?xstod)
               stack 1 = 00000000 ( 0000001C )

    -------------------------------------------------------------------------
  LIBRARY MODULE, NAME : ?xstopfx

  SEGMENTS IN THE MODULE
  ======================
CODE
  Relative segment, address: CODE_AREA 000082A4 - 000082D3 (0x30 bytes), align: 2
  Segment part 2.             Intra module refs:   isalnum
           ENTRY                   ADDRESS         REF BY
           =====                   =======         ======
           _LocaleC_isalpha        000082A4 
    -------------------------------------------------------------------------
CODE
  Relative segment, address: CODE_AREA 000082D4 - 00008303 (0x30 bytes), align: 2
  Segment part 3.             Intra module refs:   _Stopfx
           ENTRY                   ADDRESS         REF BY
           =====                   =======         ======
           isalnum                 000082D4 
               stack 1 = 00000000 ( 00000008 )
    -------------------------------------------------------------------------
CODE
  Relative segment, address: CODE_AREA 00008304 - 00008467 (0x164 bytes), align: 2
  Segment part 5.
           ENTRY                   ADDRESS         REF BY
           =====                   =======         ======
           _Stopfx                 00008304        _Stod (?xstod)
               stack 1 = 00000000 ( 00000010 )

    -------------------------------------------------------------------------
  LIBRARY MODULE, NAME : ?xvalues

  SEGMENTS IN THE MODULE
  ======================
DATA_C
  Relative segment, address: CODE_AREA 00009FB8 - 00009FBF (0x8 bytes), align: 2
  Segment part 5.
           ENTRY                   ADDRESS         REF BY
           =====                   =======         ======
           _Inf                    00009FB8        _Dscale (?xdscale)
                                                   _Stod (?xstod)
    -------------------------------------------------------------------------
DATA_C
  Relative segment, address: CODE_AREA 00009FC0 - 00009FC7 (0x8 bytes), align: 2
  Segment part 6.
           ENTRY                   ADDRESS         REF BY
           =====                   =======         ======
           _Nan                    00009FC0        _Stod (?xstod)

    -------------------------------------------------------------------------
  LIBRARY MODULE, NAME : ?GetDenormal

  SEGMENTS IN THE MODULE
  ======================
CODE
  Relative segment, address: CODE_AREA 00008468 - 000084C7 (0x60 bytes), align: 2
  Segment part 0.
           ENTRY                   ADDRESS         REF BY
           =====                   =======         ======
           ?GetDenormalX           00008468        Segment part 1 (?D_DivDouble)
                                                   Segment part 1 (?D_MulFloat)
           ?GetDenormalY           00008498        Segment part 1 (?D_DivDouble)
                                                   Segment part 1 (?D_MulFloat)

    -------------------------------------------------------------------------
  LIBRARY MODULE, NAME : ?D_LONG2DOUBLE

  SEGMENTS IN THE MODULE
  ======================
CODE
  Relative segment, address: CODE_AREA 000084C8 - 00008523 (0x5c bytes), align: 2
  Segment part 1.
           ENTRY                   ADDRESS         REF BY
           =====                   =======         ======
           __aeabi_i2d             000084C8 
           __longToDouble          000084C8        _Stod (?xstod)
           __longToDouble::??rA    000084C8 
           __longToDubleStart      000084E4 

    -------------------------------------------------------------------------
  LIBRARY MODULE, NAME : ?D_DOUBLE2LONG

  SEGMENTS IN THE MODULE
  ======================
CODE
  Relative segment, address: CODE_AREA 00008524 - 00008583 (0x60 bytes), align: 2
  Segment part 1.
           ENTRY                   ADDRESS         REF BY
           =====                   =======         ======
           __aeabi_d2iz            00008524 
           __doubleToLong          00008524        parse_number (cJSON)
           __doubleToLong::??rA    00008524 

    -------------------------------------------------------------------------
  LIBRARY MODULE, NAME : ?DBL_EQ

  SEGMENTS IN THE MODULE
  ======================
CODE
  Relative segment, address: CODE_AREA 00008584 - 000085B7 (0x34 bytes), align: 2
  Segment part 0.
           ENTRY                   ADDRESS         REF BY
           =====                   =======         ======
           __aeabi_cdcmpeq         00008584        Segment part 1 (?D_CmpFloat)

    -------------------------------------------------------------------------
  LIBRARY MODULE, NAME : ?D_CmpFloat

  SEGMENTS IN THE MODULE
  ======================
CODE
  Relative segment, address: CODE_AREA 000085B8 - 000085CF (0x18 bytes), align: 2
  Segment part 1.
           ENTRY                   ADDRESS         REF BY
           =====                   =======         ======
           __aeabi_dcmpeq          000085B8 
           __dEqual                000085B8        _Dtento (?xdtento)
           __dEqual::??rA          000085B8 

    -------------------------------------------------------------------------
  LIBRARY MODULE, NAME : ?SetInvalidFlag

  SEGMENTS IN THE MODULE
  ======================
CODE
  Relative segment, address: CODE_AREA 000085D0 - 000085EB (0x1c bytes), align: 2
  Segment part 0.
           ENTRY                   ADDRESS         REF BY
           =====                   =======         ======
           ?SetInvalidFlag         000085D4        __aeabi_cdcmple (?DBL_LT)
           ?SetInvalidFlagClr      000085D0        __aeabi_cdrcmple (?DBL_GE)

    -------------------------------------------------------------------------
  LIBRARY MODULE, NAME : ?DBL_GE

  SEGMENTS IN THE MODULE
  ======================
CODE
  Relative segment, address: CODE_AREA 000085EC - 0000862B (0x40 bytes), align: 2
  Segment part 0.
           ENTRY                   ADDRESS         REF BY
           =====                   =======         ======
           __aeabi_cdrcmple        000085EC        Segment part 1 (?D_CmpFloat5)

    -------------------------------------------------------------------------
  LIBRARY MODULE, NAME : ?D_CmpFloat5

  SEGMENTS IN THE MODULE
  ======================
CODE
  Relative segment, address: CODE_AREA 0000862C - 00008643 (0x18 bytes), align: 2
  Segment part 1.
           ENTRY                   ADDRESS         REF BY
           =====                   =======         ======
           __aeabi_dcmpge          0000862C 
           __dGreaterEqual         0000862C        parse_number (cJSON)
           __dGreaterEqual::??rA   0000862C 

    -------------------------------------------------------------------------
  LIBRARY MODULE, NAME : ?DBL_LT

  SEGMENTS IN THE MODULE
  ======================
CODE
  Relative segment, address: CODE_AREA 00008644 - 00008683 (0x40 bytes), align: 2
  Segment part 0.
           ENTRY                   ADDRESS         REF BY
           =====                   =======         ======
           __aeabi_cdcmple         00008644        Segment part 1 (?D_CmpFloat4)

    -------------------------------------------------------------------------
  LIBRARY MODULE, NAME : ?D_CmpFloat4

  SEGMENTS IN THE MODULE
  ======================
CODE
  Relative segment, address: CODE_AREA 00008684 - 0000869B (0x18 bytes), align: 2
  Segment part 1.
           ENTRY                   ADDRESS         REF BY
           =====                   =======         ======
           __dLess                 00008684        parse_number (cJSON)
           __dLess::??rA           00008684 
           __aeabi_dcmplt          00008684 

    -------------------------------------------------------------------------
  LIBRARY MODULE, NAME : ?D_MulFloat

  SEGMENTS IN THE MODULE
  ======================
CODE
  Relative segment, address: CODE_AREA 0000869C - 000088D3 (0x238 bytes), align: 2
  Segment part 1.
           ENTRY                   ADDRESS         REF BY
           =====                   =======         ======
           __dMul                  0000869C        _Dtento (?xdtento)
                                                   _Stod (?xstod)
           __dMul::??rA            0000869C 
           __aeabi_dmul            0000869C 

    -------------------------------------------------------------------------
  LIBRARY MODULE, NAME : ?D_DivDouble

  SEGMENTS IN THE MODULE
  ======================
CODE
  Relative segment, address: CODE_AREA 000088D4 - 00008C07 (0x334 bytes), align: 2
  Segment part 1.
           ENTRY                   ADDRESS         REF BY
           =====                   =======         ======
           __aeabi_ddiv            000088D4 
           __dDiv                  000088D4        _Dtento (?xdtento)
           __dDiv::??rA            000088D4 

    -------------------------------------------------------------------------
  LIBRARY MODULE, NAME : ?D_SubDouble

  SEGMENTS IN THE MODULE
  ======================
CODE
  Relative segment, address: CODE_AREA 00008C08 - 00008DFF (0x1f8 bytes), align: 2
  Segment part 1.
           ENTRY                   ADDRESS         REF BY
           =====                   =======         ======
           __aeabi_dsub            00008C08 
           __dSub                  00008C08 
           __dSub::??rA            00008C08 
           __DoSub                 00008C18        Segment part 1 (?D_AddDouble)

    -------------------------------------------------------------------------
  LIBRARY MODULE, NAME : ?D_AddDouble

  SEGMENTS IN THE MODULE
  ======================
CODE
  Relative segment, address: CODE_AREA 00008E00 - 00008F43 (0x144 bytes), align: 2
  Segment part 1.
           ENTRY                   ADDRESS         REF BY
           =====                   =======         ======
           __aeabi_dadd            00008E00 
           __dAdd                  00008E00        _Stod (?xstod)
           __dAdd::??rA            00008E00 
           __DoAdd                 00008E10        Segment part 1 (?D_SubDouble)



                ****************************************
                *                                      *
                *        END OF CROSS REFERENCE        *
                *                                      *
                ****************************************

 44 658 bytes of CODE memory
  2 336 bytes of DATA memory

Errors: none
Warnings: none

