################################################################################
#                                                                              #
#      IAR Universal Linker V4.60I/386                                         #
#                                                                              #
#           Link time     =  15/Mar/2023  22:35:41                             #
#           Target CPU    =  ARM                                               #
#           List file     =  D:\Users\alfinant\Documents\Siemens\Dev\IAR\VK.EL #
#                            F_C\Releas_NSG\List\¬контакте.map                 #
#           Output file 1 =  D:\Users\alfinant\Documents\Siemens\Dev\IAR\VK.EL #
#                            F_C\Releas_NSG\Exe\¬контакте.elf                  #
#                            Format: elf, variant: -ynpra                      #
#           Command line  =  D:\Users\alfinant\Documents\Siemens\Dev\IAR\VK.EL #
#                            F_C\Releas_NSG\Obj\Menu_About.r79                 #
#                            D:\Users\alfinant\Documents\Siemens\Dev\IAR\VK.EL #
#                            F_C\Releas_NSG\Obj\Menu_Chat.r79                  #
#                            D:\Users\alfinant\Documents\Siemens\Dev\IAR\VK.EL #
#                            F_C\Releas_NSG\Obj\Menu_Dialogs.r79               #
#                            D:\Users\alfinant\Documents\Siemens\Dev\IAR\VK.EL #
#                            F_C\Releas_NSG\Obj\Menu_GroupWall.r79             #
#                            D:\Users\alfinant\Documents\Siemens\Dev\IAR\VK.EL #
#                            F_C\Releas_NSG\Obj\Menu_Groups.r79                #
#                            D:\Users\alfinant\Documents\Siemens\Dev\IAR\VK.EL #
#                            F_C\Releas_NSG\Obj\Menu_Login.r79                 #
#                            D:\Users\alfinant\Documents\Siemens\Dev\IAR\VK.EL #
#                            F_C\Releas_NSG\Obj\Menu_Main.r79                  #
#                            D:\Users\alfinant\Documents\Siemens\Dev\IAR\VK.EL #
#                            F_C\Releas_NSG\Obj\anim_widget.r79                #
#                            D:\Users\alfinant\Documents\Siemens\Dev\IAR\VK.EL #
#                            F_C\Releas_NSG\Obj\buffer.r79                     #
#                            D:\Users\alfinant\Documents\Siemens\Dev\IAR\VK.EL #
#                            F_C\Releas_NSG\Obj\cJSON.r79                      #
#                            D:\Users\alfinant\Documents\Siemens\Dev\IAR\VK.EL #
#                            F_C\Releas_NSG\Obj\cJSON_Utils.r79                #
#                            D:\Users\alfinant\Documents\Siemens\Dev\IAR\VK.EL #
#                            F_C\Releas_NSG\Obj\conf_loader.r79                #
#                            D:\Users\alfinant\Documents\Siemens\Dev\IAR\VK.EL #
#                            F_C\Releas_NSG\Obj\config.r79                     #
#                            D:\Users\alfinant\Documents\Siemens\Dev\IAR\VK.EL #
#                            F_C\Releas_NSG\Obj\conndata.r79                   #
#                            D:\Users\alfinant\Documents\Siemens\Dev\IAR\VK.EL #
#                            F_C\Releas_NSG\Obj\cookie.r79                     #
#                            D:\Users\alfinant\Documents\Siemens\Dev\IAR\VK.EL #
#                            F_C\Releas_NSG\Obj\debug_gui.r79                  #
#                            D:\Users\alfinant\Documents\Siemens\Dev\IAR\VK.EL #
#                            F_C\Releas_NSG\Obj\dyn_images.r79                 #
#                            D:\Users\alfinant\Documents\Siemens\Dev\IAR\VK.EL #
#                            F_C\Releas_NSG\Obj\dyn_theme.r79                  #
#                            D:\Users\alfinant\Documents\Siemens\Dev\IAR\VK.EL #
#                            F_C\Releas_NSG\Obj\func.r79                       #
#                            D:\Users\alfinant\Documents\Siemens\Dev\IAR\VK.EL #
#                            F_C\Releas_NSG\Obj\htpp.r79                       #
#                            D:\Users\alfinant\Documents\Siemens\Dev\IAR\VK.EL #
#                            F_C\Releas_NSG\Obj\main.r79                       #
#                            D:\Users\alfinant\Documents\Siemens\Dev\IAR\VK.EL #
#                            F_C\Releas_NSG\Obj\parser_error.r79               #
#                            D:\Users\alfinant\Documents\Siemens\Dev\IAR\VK.EL #
#                            F_C\Releas_NSG\Obj\parser_user.r79                #
#                            D:\Users\alfinant\Documents\Siemens\Dev\IAR\VK.EL #
#                            F_C\Releas_NSG\Obj\parser_wall.r79                #
#                            D:\Users\alfinant\Documents\Siemens\Dev\IAR\VK.EL #
#                            F_C\Releas_NSG\Obj\process.r79                    #
#                            D:\Users\alfinant\Documents\Siemens\Dev\IAR\VK.EL #
#                            F_C\Releas_NSG\Obj\socket_work.r79                #
#                            D:\Users\alfinant\Documents\Siemens\Dev\IAR\VK.EL #
#                            F_C\Releas_NSG\Obj\ssl_work.r79                   #
#                            D:\Users\alfinant\Documents\Siemens\Dev\IAR\VK.EL #
#                            F_C\Releas_NSG\Obj\string_util.r79                #
#                            D:\Users\alfinant\Documents\Siemens\Dev\IAR\VK.EL #
#                            F_C\Releas_NSG\Obj\url_utils.r79                  #
#                            D:\Users\alfinant\Documents\Siemens\Dev\IAR\VK.EL #
#                            F_C\Releas_NSG\Obj\vk_api.r79                     #
#                            D:\Users\alfinant\Documents\Siemens\Dev\IAR\VK.EL #
#                            F_C\Releas_NSG\Obj\vk_objects.r79                 #
#                            -o                                                #
#                            D:\Users\alfinant\Documents\Siemens\Dev\IAR\VK.EL #
#                            F_C\Releas_NSG\Exe\¬контакте.elf                  #
#                            -Felf -l                                          #
#                            D:\Users\alfinant\Documents\Siemens\Dev\IAR\VK.EL #
#                            F_C\Releas_NSG\List\¬контакте.map                 #
#                            -xm -f                                            #
#                            D:\Users\alfinant\Documents\Siemens\Dev\IAR\VK.EL #
#                            F_C\test.xcl                                      #
#                            (-carm -V(CODE)CODE_AREA,12                       #
#                            -V(DATA)DATA_AREA,12                              #
#                            -Z(CODE_AREA)ELFBEGIN,DATA_ID,START,CODE,DATA_C,I #
#                            NITTAB,DATA_Z,DATA_N,CONFIG_C=0-FFFFFFFF          #
#                            -Z(DATA_AREA)DATA_I=0-FFFFFFFF) -ynpra            #
#                            D:\Users\alfinant\Documents\Siemens\IAR\ARM\LIB\d #
#                            l5tpainl8n.r79                                    #
#                            -s main                                           #
#                                                                              #
#                        Copyright 1987-2007 IAR Systems. All rights reserved. #
################################################################################





                ****************************************
                *                                      *
                *           CROSS REFERENCE            *
                *                                      *
                ****************************************

       Program entry at : CODE_AREA 00006D78  Relocatable, from module : main




                ****************************************
                *                                      *
                *            RUNTIME MODEL             *
                *                                      *
                ****************************************

  StackAlign4                = USED
  StackAlign8                = USED
  __cpu_mode                 = __pcs__interwork
  __data_model               = absolute
  __dlib_file_descriptor     = 0
  __dlib_full_locale_support = 0
  __endian                   = little
  __rt_version               = 6
  __thumb_aware              = enabled



                ****************************************
                *                                      *
                *              MODULE MAP              *
                *                                      *
                ****************************************


  DEFINED ABSOLUTE ENTRIES
    *************************************************************************

  DEFINED ABSOLUTE ENTRIES
    *************************************************************************

  FILE NAME : D:\Users\alfinant\Documents\Siemens\Dev\IAR\VK.ELF_C\Releas_NSG\Obj\Menu_About.r79
  PROGRAM MODULE, NAME : Menu_About

  SEGMENTS IN THE MODULE
  ======================
DATA_C
  Relative segment, address: CODE_AREA 0000C420 - 0000C420 (0x1 bytes), align: 0
  Segment part 2.             Intra module refs:   Segment part 10
    -------------------------------------------------------------------------
DATA_C
  Relative segment, address: CODE_AREA 0000AFBC - 0000AFC3 (0x8 bytes), align: 2
  Segment part 3.             Intra module refs:   Segment part 10
    -------------------------------------------------------------------------
DATA_C
  Relative segment, address: CODE_AREA 0000AFC4 - 0000B01B (0x58 bytes), align: 2
  Segment part 4.             Intra module refs:   OpenAboutMenu
    -------------------------------------------------------------------------
DATA_C
  Relative segment, address: CODE_AREA 0000B01C - 0000B02B (0x10 bytes), align: 2
  Segment part 5.             Intra module refs:   gHook
    -------------------------------------------------------------------------
DATA_C
  Relative segment, address: CODE_AREA 0000B02C - 0000B037 (0xc bytes), align: 2
  Segment part 8.             Intra module refs:   Segment part 7
    -------------------------------------------------------------------------
CODE
  Relative segment, address: CODE_AREA 000007A4 - 000007A7 (0x4 bytes), align: 2
  Segment part 14.            Intra module refs:   Segment part 7
           LOCAL                   ADDRESS         
           =====                   =======         
           proc3                   000007A4 
    -------------------------------------------------------------------------
CODE
  Relative segment, address: CODE_AREA 000007A8 - 000007EB (0x44 bytes), align: 2
  Segment part 16.            Intra module refs:   Segment part 7
           LOCAL                   ADDRESS         
           =====                   =======         
           onKey                   000007A8 
    -------------------------------------------------------------------------
CODE
  Relative segment, address: CODE_AREA 000007EC - 000008D3 (0xe8 bytes), align: 2
  Segment part 18.            Intra module refs:   Segment part 7
           LOCAL                   ADDRESS         
           =====                   =======         
           gHook                   000007EC 
               stack 1 = 00000000 ( 00000010 )
    -------------------------------------------------------------------------
DATA_I
  Relative segment, address: DATA_AREA 00000000 - 000000B7 (0xb8 bytes), align: 2
  Segment part 6.             Intra module refs:   Segment part 23
                                                   gHook
    -------------------------------------------------------------------------
DATA_I
  Relative segment, address: DATA_AREA 000000B8 - 000000CF (0x18 bytes), align: 2
  Segment part 9.             Intra module refs:   Segment part 12
    -------------------------------------------------------------------------
DATA_I
  Relative segment, address: DATA_AREA 000000D0 - 000000D7 (0x8 bytes), align: 2
  Segment part 11.            Intra module refs:   Segment part 7
    -------------------------------------------------------------------------
CODE
  Relative segment, address: CODE_AREA 000008D4 - 00000923 (0x50 bytes), align: 2
  Segment part 20.            Intra module refs:   OpenAboutMenu
           LOCAL                   ADDRESS         
           =====                   =======         
           MyOnRedraw              000008D4 
               stack 1 = 00000000 ( 0000000C )
    -------------------------------------------------------------------------
CODE
  Relative segment, address: CODE_AREA 00000924 - 00000ACF (0x1ac bytes), align: 2
  Segment part 22.
           ENTRY                   ADDRESS         REF BY
           =====                   =======         ======
           OpenAboutMenu           00000924        items_menu_onkey (Menu_Main)
               stack 1 = 00000000 ( 00000098 )
    -------------------------------------------------------------------------
CODE
  Relative segment, address: CODE_AREA 00000AD0 - 00000AD3 (0x4 bytes), align: 2
  Segment part 23.            Intra module refs:   MyOnRedraw
                                                   OpenAboutMenu
    -------------------------------------------------------------------------
DATA_ID
  Relative segment, address: CODE_AREA 00000000 - 000000B7 (0xb8 bytes), align: 2
  Segment part 7.             Intra module refs:   Segment part 6
    -------------------------------------------------------------------------
DATA_ID
  Relative segment, address: CODE_AREA 000000B8 - 000000CF (0x18 bytes), align: 2
  Segment part 10.            Intra module refs:   Segment part 9
    -------------------------------------------------------------------------
DATA_ID
  Relative segment, address: CODE_AREA 000000D0 - 000000D7 (0x8 bytes), align: 2
  Segment part 12.            Intra module refs:   Segment part 11
    -------------------------------------------------------------------------
INITTAB
  Relative segment, address: CODE_AREA 0000C430 - 0000C43B (0xc bytes), align: 2
  Segment part 28. ROOT.
           ENTRY                   ADDRESS         REF BY
           =====                   =======         ======
           ?init?tab?DATA_I        0000C430 

    *************************************************************************

  FILE NAME : D:\Users\alfinant\Documents\Siemens\Dev\IAR\VK.ELF_C\Releas_NSG\Obj\Menu_Chat.r79
  PROGRAM MODULE, NAME : Menu_Chat

  SEGMENTS IN THE MODULE
  ======================
DATA_C
  Relative segment, address: CODE_AREA 0000B038 - 0000B03B (0x4 bytes), align: 2
  Segment part 2.             Intra module refs:   Segment part 9
    -------------------------------------------------------------------------
DATA_C
  Relative segment, address: CODE_AREA 0000B03C - 0000B043 (0x8 bytes), align: 2
  Segment part 3.             Intra module refs:   Segment part 9
    -------------------------------------------------------------------------
DATA_C
  Relative segment, address: CODE_AREA 0000B044 - 0000B08B (0x48 bytes), align: 2
  Segment part 4.             Intra module refs:   Segment part 24
                                                   ed_inp_ghook
    -------------------------------------------------------------------------
DATA_C
  Relative segment, address: CODE_AREA 0000B08C - 0000B093 (0x8 bytes), align: 2
  Segment part 5.             Intra module refs:   Segment part 7
    -------------------------------------------------------------------------
CODE
  Relative segment, address: CODE_AREA 00000AD4 - 00000AD7 (0x4 bytes), align: 2
  Segment part 13.            Intra module refs:   Segment part 7
           LOCAL                   ADDRESS         
           =====                   =======         
           ed_inp_locret           00000AD4 
    -------------------------------------------------------------------------
CODE
  Relative segment, address: CODE_AREA 00000AD8 - 00000B03 (0x2c bytes), align: 2
  Segment part 15.            Intra module refs:   ed_inp_onkey
           LOCAL                   ADDRESS         
           =====                   =======         
           ed_options_handler      00000AD8 
               stack 1 = 00000000 ( 00000004 )
    -------------------------------------------------------------------------
CODE
  Relative segment, address: CODE_AREA 00000B04 - 00000BBB (0xb8 bytes), align: 2
  Segment part 17.            Intra module refs:   Segment part 7
           LOCAL                   ADDRESS         
           =====                   =======         
           ed_inp_onkey            00000B04 
               stack 1 = 00000000 ( 00000008 )
    -------------------------------------------------------------------------
CODE
  Relative segment, address: CODE_AREA 00000BBC - 00000CF3 (0x138 bytes), align: 2
  Segment part 19.            Intra module refs:   Segment part 7
           LOCAL                   ADDRESS         
           =====                   =======         
           ed_inp_ghook            00000BBC 
               stack 1 = 00000000 ( 00000014 )
    -------------------------------------------------------------------------
DATA_I
  Relative segment, address: DATA_AREA 000000D8 - 00000137 (0x60 bytes), align: 2
  Segment part 6.             Intra module refs:   Segment part 23
                                                   ed_inp_onkey
    -------------------------------------------------------------------------
DATA_I
  Relative segment, address: DATA_AREA 00000138 - 0000014F (0x18 bytes), align: 2
  Segment part 8.             Intra module refs:   Segment part 11
    -------------------------------------------------------------------------
DATA_I
  Relative segment, address: DATA_AREA 00000150 - 00000157 (0x8 bytes), align: 2
  Segment part 10.            Intra module refs:   Segment part 7
    -------------------------------------------------------------------------
CODE
  Relative segment, address: CODE_AREA 00000CF4 - 0000112B (0x438 bytes), align: 2
  Segment part 21.
           ENTRY                   ADDRESS         REF BY
           =====                   =======         ======
           CreateChat              00000CF4        items_menu_onkey (Menu_Dialogs)
               stack 1 = 00000000 ( 000004B0 )
    -------------------------------------------------------------------------
CODE
  Relative segment, address: CODE_AREA 0000112C - 0000112F (0x4 bytes), align: 2
  Segment part 22.            Intra module refs:   CreateChat
                                                   ed_inp_ghook
    -------------------------------------------------------------------------
CODE
  Relative segment, address: CODE_AREA 00001130 - 00001133 (0x4 bytes), align: 2
  Segment part 23.            Intra module refs:   CreateChat
                                                   ed_inp_ghook
    -------------------------------------------------------------------------
CODE
  Relative segment, address: CODE_AREA 00001134 - 00001137 (0x4 bytes), align: 2
  Segment part 24.            Intra module refs:   CreateChat
                                                   ed_options_handler
    -------------------------------------------------------------------------
DATA_ID
  Relative segment, address: CODE_AREA 000000D8 - 00000137 (0x60 bytes), align: 2
  Segment part 7.             Intra module refs:   Segment part 6
    -------------------------------------------------------------------------
DATA_ID
  Relative segment, address: CODE_AREA 00000138 - 0000014F (0x18 bytes), align: 2
  Segment part 9.             Intra module refs:   Segment part 8
    -------------------------------------------------------------------------
DATA_ID
  Relative segment, address: CODE_AREA 00000150 - 00000157 (0x8 bytes), align: 2
  Segment part 11.            Intra module refs:   Segment part 10

    *************************************************************************

  FILE NAME : D:\Users\alfinant\Documents\Siemens\Dev\IAR\VK.ELF_C\Releas_NSG\Obj\Menu_Dialogs.r79
  PROGRAM MODULE, NAME : Menu_Dialogs

  SEGMENTS IN THE MODULE
  ======================
DATA_C
  Relative segment, address: CODE_AREA 0000B094 - 0000B0A3 (0x10 bytes), align: 2
  Segment part 2.             Intra module refs:   items_menu_onkey
    -------------------------------------------------------------------------
DATA_C
  Relative segment, address: CODE_AREA 0000B0A4 - 0000B197 (0xf4 bytes), align: 2
  Segment part 3.             Intra module refs:   Segment part 27
    -------------------------------------------------------------------------
DATA_C
  Relative segment, address: CODE_AREA 0000B198 - 0000B1A3 (0xc bytes), align: 2
  Segment part 4.             Intra module refs:   Segment part 10
    -------------------------------------------------------------------------
DATA_C
  Relative segment, address: CODE_AREA 0000B1A4 - 0000B1AB (0x8 bytes), align: 2
  Segment part 5.             Intra module refs:   Segment part 10
    -------------------------------------------------------------------------
DATA_I
  Relative segment, address: DATA_AREA 00000158 - 00000183 (0x2c bytes), align: 2
  Segment part 6.             Intra module refs:   RefreshDialogsMenu
                                                   Segment part 20
                                                   Segment part 33
    -------------------------------------------------------------------------
CODE
  Relative segment, address: CODE_AREA 00001138 - 00001143 (0xc bytes), align: 2
  Segment part 15.
           ENTRY                   ADDRESS         REF BY
           =====                   =======         ======
           set_DialogsCount        00001138        MainProcess (main)
    -------------------------------------------------------------------------
CODE
  Relative segment, address: CODE_AREA 00001144 - 0000114F (0xc bytes), align: 2
  Segment part 17.
           ENTRY                   ADDRESS         REF BY
           =====                   =======         ======
           get_DialogsCount        00001144        MainProcess (main)
    -------------------------------------------------------------------------
DATA_C
  Relative segment, address: CODE_AREA 0000B1AC - 0000B1B7 (0xc bytes), align: 2
  Segment part 8.             Intra module refs:   Segment part 13
    -------------------------------------------------------------------------
DATA_I
  Relative segment, address: DATA_AREA 00000184 - 0000019B (0x18 bytes), align: 2
  Segment part 9.             Intra module refs:   Segment part 12
    -------------------------------------------------------------------------
DATA_I
  Relative segment, address: DATA_AREA 0000019C - 000001A3 (0x8 bytes), align: 2
  Segment part 11.            Intra module refs:   Segment part 13
    -------------------------------------------------------------------------
CODE
  Relative segment, address: CODE_AREA 00001150 - 00001213 (0xc4 bytes), align: 2
  Segment part 19.            Intra module refs:   Segment part 13
           LOCAL                   ADDRESS         
           =====                   =======         
           items_menu_onkey        00001150 
               stack 1 = 00000000 ( 00000004 )
    -------------------------------------------------------------------------
CODE
  Relative segment, address: CODE_AREA 00001214 - 00001217 (0x4 bytes), align: 2
  Segment part 20.            Intra module refs:   get_DialogsCount
                                                   items_menu_onkey
                                                   set_DialogsCount
    -------------------------------------------------------------------------
CODE
  Relative segment, address: CODE_AREA 00001218 - 00001437 (0x220 bytes), align: 2
  Segment part 22.            Intra module refs:   Segment part 13
           LOCAL                   ADDRESS         
           =====                   =======         
           items_menu_ghook        00001218 
               stack 1 = 00000000 ( 00000028 )
    -------------------------------------------------------------------------
CODE
  Relative segment, address: CODE_AREA 00001438 - 0000143B (0x4 bytes), align: 2
  Segment part 23.            Intra module refs:   items_menu_ghook
                                                   items_menu_onkey
    -------------------------------------------------------------------------
CODE
  Relative segment, address: CODE_AREA 0000143C - 0000143F (0x4 bytes), align: 2
  Segment part 24.            Intra module refs:   items_menu_ghook
                                                   items_menu_onkey
    -------------------------------------------------------------------------
CODE
  Relative segment, address: CODE_AREA 00001440 - 000016FF (0x2c0 bytes), align: 2
  Segment part 26.            Intra module refs:   Segment part 13
           LOCAL                   ADDRESS         
           =====                   =======         
           items_menu_iconhndl     00001440 
               stack 1 = 00000000 ( 00000030 )
    -------------------------------------------------------------------------
CODE
  Relative segment, address: CODE_AREA 00001700 - 00001703 (0x4 bytes), align: 2
  Segment part 27.            Intra module refs:   items_menu_ghook
                                                   items_menu_iconhndl
    -------------------------------------------------------------------------
DATA_C
  Relative segment, address: CODE_AREA 0000B1B8 - 0000B1E7 (0x30 bytes), align: 2
  Segment part 13.            Intra module refs:   CreateDialogsMenu
    -------------------------------------------------------------------------
CODE
  Relative segment, address: CODE_AREA 00001704 - 0000176F (0x6c bytes), align: 2
  Segment part 29.
           ENTRY                   ADDRESS         REF BY
           =====                   =======         ======
           RefreshDialogsMenu      00001704        HandleObsFrameUpdate (main)
                                                   LoadSavedDialogs (main)
                                                   MainProcess (main)
               stack 1 = 00000000 ( 00000010 )
    -------------------------------------------------------------------------
CODE
  Relative segment, address: CODE_AREA 00001770 - 00001803 (0x94 bytes), align: 2
  Segment part 31.
           ENTRY                   ADDRESS         REF BY
           =====                   =======         ======
           CreateDialogsMenu       00001770        items_menu_onkey (Menu_Main)
               stack 1 = 00000000 ( 00000010 )
    -------------------------------------------------------------------------
CODE
  Relative segment, address: CODE_AREA 00001804 - 00001807 (0x4 bytes), align: 2
  Segment part 32.            Intra module refs:   CreateDialogsMenu
                                                   RefreshDialogsMenu
                                                   items_menu_ghook
                                                   items_menu_iconhndl
                                                   items_menu_onkey
    -------------------------------------------------------------------------
CODE
  Relative segment, address: CODE_AREA 00001808 - 0000180B (0x4 bytes), align: 2
  Segment part 33.            Intra module refs:   CreateDialogsMenu
                                                   items_menu_ghook
    -------------------------------------------------------------------------
DATA_ID
  Relative segment, address: CODE_AREA 00000158 - 00000183 (0x2c bytes), align: 2
  Segment part 7.             Intra module refs:   Segment part 6
    -------------------------------------------------------------------------
DATA_ID
  Relative segment, address: CODE_AREA 00000184 - 0000019B (0x18 bytes), align: 2
  Segment part 10.            Intra module refs:   Segment part 9
    -------------------------------------------------------------------------
DATA_ID
  Relative segment, address: CODE_AREA 0000019C - 000001A3 (0x8 bytes), align: 2
  Segment part 12.            Intra module refs:   Segment part 11

    *************************************************************************

  FILE NAME : D:\Users\alfinant\Documents\Siemens\Dev\IAR\VK.ELF_C\Releas_NSG\Obj\Menu_GroupWall.r79
  PROGRAM MODULE, NAME : Menu_GroupWall

  SEGMENTS IN THE MODULE
  ======================
DATA_C
  Relative segment, address: CODE_AREA 0000B1E8 - 0000B23B (0x54 bytes), align: 2
  Segment part 2.             Intra module refs:   Segment part 35
    -------------------------------------------------------------------------
DATA_C
  Relative segment, address: CODE_AREA 0000B23C - 0000B243 (0x8 bytes), align: 2
  Segment part 3.             Intra module refs:   Segment part 19
    -------------------------------------------------------------------------
DATA_C
  Relative segment, address: CODE_AREA 0000B244 - 0000B24B (0x8 bytes), align: 2
  Segment part 4.             Intra module refs:   Segment part 19
    -------------------------------------------------------------------------
DATA_C
  Relative segment, address: CODE_AREA 0000B24C - 0000B24F (0x4 bytes), align: 2
  Segment part 5.             Intra module refs:   Segment part 19
    -------------------------------------------------------------------------
DATA_C
  Relative segment, address: CODE_AREA 0000B250 - 0000B253 (0x4 bytes), align: 2
  Segment part 6.             Intra module refs:   Segment part 19
    -------------------------------------------------------------------------
DATA_C
  Relative segment, address: CODE_AREA 0000B254 - 0000B257 (0x4 bytes), align: 2
  Segment part 7.             Intra module refs:   Segment part 19
    -------------------------------------------------------------------------
DATA_C
  Relative segment, address: CODE_AREA 0000B258 - 0000B25B (0x4 bytes), align: 2
  Segment part 8.             Intra module refs:   Segment part 19
    -------------------------------------------------------------------------
DATA_C
  Relative segment, address: CODE_AREA 0000B25C - 0000B25F (0x4 bytes), align: 2
  Segment part 9.             Intra module refs:   Segment part 19
    -------------------------------------------------------------------------
DATA_C
  Relative segment, address: CODE_AREA 0000B260 - 0000B267 (0x8 bytes), align: 2
  Segment part 10.            Intra module refs:   Segment part 19
    -------------------------------------------------------------------------
DATA_C
  Relative segment, address: CODE_AREA 0000B268 - 0000B26F (0x8 bytes), align: 2
  Segment part 11.            Intra module refs:   Segment part 19
    -------------------------------------------------------------------------
DATA_C
  Relative segment, address: CODE_AREA 0000B270 - 0000B273 (0x4 bytes), align: 2
  Segment part 12.            Intra module refs:   Segment part 19
    -------------------------------------------------------------------------
DATA_C
  Relative segment, address: CODE_AREA 0000B274 - 0000B277 (0x4 bytes), align: 2
  Segment part 13.            Intra module refs:   Segment part 19
    -------------------------------------------------------------------------
DATA_C
  Relative segment, address: CODE_AREA 0000B278 - 0000B27F (0x8 bytes), align: 2
  Segment part 14.            Intra module refs:   Segment part 19
    -------------------------------------------------------------------------
DATA_C
  Relative segment, address: CODE_AREA 0000B280 - 0000B283 (0x4 bytes), align: 2
  Segment part 15.            Intra module refs:   Segment part 19
    -------------------------------------------------------------------------
DATA_C
  Relative segment, address: CODE_AREA 0000B284 - 0000B287 (0x4 bytes), align: 2
  Segment part 16.            Intra module refs:   Segment part 19
    -------------------------------------------------------------------------
DATA_C
  Relative segment, address: CODE_AREA 0000B288 - 0000B2A3 (0x1c bytes), align: 2
  Segment part 17.            Intra module refs:   MyOnRedraw
    -------------------------------------------------------------------------
DATA_C
  Relative segment, address: CODE_AREA 0000B2A4 - 0000B2AF (0xc bytes), align: 2
  Segment part 20.            Intra module refs:   Segment part 19
    -------------------------------------------------------------------------
CODE
  Relative segment, address: CODE_AREA 0000180C - 0000180F (0x4 bytes), align: 2
  Segment part 24.            Intra module refs:   Segment part 19
           LOCAL                   ADDRESS         
           =====                   =======         
           proc3                   0000180C 
    -------------------------------------------------------------------------
CODE
  Relative segment, address: CODE_AREA 00001810 - 00001A33 (0x224 bytes), align: 2
  Segment part 26.            Intra module refs:   Segment part 19
           LOCAL                   ADDRESS         
           =====                   =======         
           onKey                   00001810 
               stack 1 = 00000000 ( 00000010 )
    -------------------------------------------------------------------------
CODE
  Relative segment, address: CODE_AREA 00001A34 - 00001B2B (0xf8 bytes), align: 2
  Segment part 28.            Intra module refs:   Segment part 19
           LOCAL                   ADDRESS         
           =====                   =======         
           gHook                   00001A34 
               stack 1 = 00000000 ( 00000014 )
    -------------------------------------------------------------------------
CODE
  Relative segment, address: CODE_AREA 00001B2C - 00001B2F (0x4 bytes), align: 2
  Segment part 29.            Intra module refs:   gHook
                                                   onKey
    -------------------------------------------------------------------------
CODE
  Relative segment, address: CODE_AREA 00001B30 - 00001B33 (0x4 bytes), align: 2
  Segment part 30.            Intra module refs:   gHook
                                                   onKey
    -------------------------------------------------------------------------
CODE
  Relative segment, address: CODE_AREA 00001B34 - 00001BD3 (0xa0 bytes), align: 2
  Segment part 32.            Intra module refs:   CreateWall
           ENTRY                   ADDRESS         REF BY
           =====                   =======         ======
           CalcTextH               00001B34 
               stack 1 = 00000000 ( 0000005C )
    -------------------------------------------------------------------------
CODE
  Relative segment, address: CODE_AREA 00001BD4 - 00001F3B (0x368 bytes), align: 2
  Segment part 34.            Intra module refs:   CreateWall
           LOCAL                   ADDRESS         
           =====                   =======         
           crt_text                00001BD4 
               stack 1 = 00000000 ( 00000058 )
    -------------------------------------------------------------------------
CODE
  Relative segment, address: CODE_AREA 00001F3C - 00001F3F (0x4 bytes), align: 2
  Segment part 35.            Intra module refs:   crt_text
                                                   gHook
    -------------------------------------------------------------------------
DATA_I
  Relative segment, address: DATA_AREA 000001A4 - 000002CB (0x128 bytes), align: 2
  Segment part 18.            Intra module refs:   Segment part 22
                                                   Segment part 38
                                                   Segment part 42
                                                   Wall_Refresh
           ENTRY                   ADDRESS         REF BY
           =====                   =======         ======
           post                    000001F0        MainProcess (main)
    -------------------------------------------------------------------------
DATA_I
  Relative segment, address: DATA_AREA 000002CC - 000002D3 (0x8 bytes), align: 2
  Segment part 21.            Intra module refs:   Segment part 19
    -------------------------------------------------------------------------
CODE
  Relative segment, address: CODE_AREA 00001F40 - 000020EB (0x1ac bytes), align: 2
  Segment part 37.            Intra module refs:   CreateWall
           LOCAL                   ADDRESS         
           =====                   =======         
           MyOnRedraw              00001F40 
               stack 1 = 00000000 ( 0000008C )
    -------------------------------------------------------------------------
CODE
  Relative segment, address: CODE_AREA 000020EC - 000020EF (0x4 bytes), align: 2
  Segment part 38.            Intra module refs:   MyOnRedraw
                                                   crt_text
                                                   gHook
    -------------------------------------------------------------------------
CODE
  Relative segment, address: CODE_AREA 000020F0 - 00002313 (0x224 bytes), align: 2
  Segment part 40.            Intra module refs:   Wall_Refresh
           ENTRY                   ADDRESS         REF BY
           =====                   =======         ======
           CreateWall              000020F0        items_menu_onkey (Menu_Groups)
               stack 1 = 00000000 ( 00000020 )
    -------------------------------------------------------------------------
CODE
  Relative segment, address: CODE_AREA 00002314 - 00002317 (0x4 bytes), align: 2
  Segment part 41.            Intra module refs:   CreateWall
                                                   onKey
    -------------------------------------------------------------------------
CODE
  Relative segment, address: CODE_AREA 00002318 - 0000231B (0x4 bytes), align: 2
  Segment part 42.            Intra module refs:   CreateWall
                                                   onKey
    -------------------------------------------------------------------------
CODE
  Relative segment, address: CODE_AREA 0000231C - 0000233B (0x20 bytes), align: 2
  Segment part 44.            Intra module refs:   onKey
           ENTRY                   ADDRESS         REF BY
           =====                   =======         ======
           Wall_Refresh            0000231C        MainProcess (main)
               stack 1 = 00000000 ( 00000004 )
    -------------------------------------------------------------------------
DATA_ID
  Relative segment, address: CODE_AREA 000001A4 - 000002CB (0x128 bytes), align: 2
  Segment part 19.            Intra module refs:   post
    -------------------------------------------------------------------------
DATA_ID
  Relative segment, address: CODE_AREA 000002CC - 000002D3 (0x8 bytes), align: 2
  Segment part 22.            Intra module refs:   Segment part 21

    *************************************************************************

  FILE NAME : D:\Users\alfinant\Documents\Siemens\Dev\IAR\VK.ELF_C\Releas_NSG\Obj\Menu_Groups.r79
  PROGRAM MODULE, NAME : Menu_Groups

  SEGMENTS IN THE MODULE
  ======================
DATA_C
  Relative segment, address: CODE_AREA 0000B2B0 - 0000B2BB (0xc bytes), align: 2
  Segment part 2.             Intra module refs:   Segment part 10
    -------------------------------------------------------------------------
DATA_C
  Relative segment, address: CODE_AREA 0000B2BC - 0000B2C3 (0x8 bytes), align: 2
  Segment part 3.             Intra module refs:   Segment part 10
    -------------------------------------------------------------------------
DATA_C
  Relative segment, address: CODE_AREA 0000B2C4 - 0000B2D7 (0x14 bytes), align: 2
  Segment part 4.             Intra module refs:   items_menu_ghook
    -------------------------------------------------------------------------
DATA_C
  Relative segment, address: CODE_AREA 0000C421 - 0000C423 (0x3 bytes), align: 0
  Segment part 7.             Intra module refs:   items_menu_iconhndl
    -------------------------------------------------------------------------
DATA_I
  Relative segment, address: DATA_AREA 000002D4 - 00000303 (0x30 bytes), align: 2
  Segment part 5.             Intra module refs:   RefreshGroupsMenu
                                                   Segment part 18
                                                   Segment part 29
    -------------------------------------------------------------------------
DATA_C
  Relative segment, address: CODE_AREA 0000B2D8 - 0000B2E3 (0xc bytes), align: 2
  Segment part 8.             Intra module refs:   Segment part 13
    -------------------------------------------------------------------------
DATA_I
  Relative segment, address: DATA_AREA 00000304 - 0000031B (0x18 bytes), align: 2
  Segment part 9.             Intra module refs:   Segment part 12
    -------------------------------------------------------------------------
DATA_I
  Relative segment, address: DATA_AREA 0000031C - 00000323 (0x8 bytes), align: 2
  Segment part 11.            Intra module refs:   Segment part 13
    -------------------------------------------------------------------------
CODE
  Relative segment, address: CODE_AREA 0000233C - 00002347 (0xc bytes), align: 2
  Segment part 15.
           ENTRY                   ADDRESS         REF BY
           =====                   =======         ======
           set_GroupsCount         0000233C        MainProcess (main)
    -------------------------------------------------------------------------
CODE
  Relative segment, address: CODE_AREA 00002348 - 00002353 (0xc bytes), align: 2
  Segment part 17.
           ENTRY                   ADDRESS         REF BY
           =====                   =======         ======
           get_GroupsCount         00002348        MainProcess (main)
    -------------------------------------------------------------------------
CODE
  Relative segment, address: CODE_AREA 00002354 - 00002357 (0x4 bytes), align: 2
  Segment part 18.            Intra module refs:   get_GroupsCount
                                                   set_GroupsCount
    -------------------------------------------------------------------------
CODE
  Relative segment, address: CODE_AREA 00002358 - 00002423 (0xcc bytes), align: 2
  Segment part 20.            Intra module refs:   Segment part 13
           LOCAL                   ADDRESS         
           =====                   =======         
           items_menu_onkey        00002358 
               stack 1 = 00000000 ( 00000004 )
    -------------------------------------------------------------------------
CODE
  Relative segment, address: CODE_AREA 00002424 - 000025C3 (0x1a0 bytes), align: 2
  Segment part 22.            Intra module refs:   Segment part 13
           LOCAL                   ADDRESS         
           =====                   =======         
           items_menu_ghook        00002424 
               stack 1 = 00000000 ( 00000020 )
    -------------------------------------------------------------------------
CODE
  Relative segment, address: CODE_AREA 000025C4 - 0000271F (0x15c bytes), align: 2
  Segment part 24.            Intra module refs:   Segment part 13
           LOCAL                   ADDRESS         
           =====                   =======         
           items_menu_iconhndl     000025C4 
               stack 1 = 00000000 ( 00000020 )
    -------------------------------------------------------------------------
DATA_C
  Relative segment, address: CODE_AREA 0000B2E4 - 0000B313 (0x30 bytes), align: 2
  Segment part 13.            Intra module refs:   CreateGroupsMenu
    -------------------------------------------------------------------------
CODE
  Relative segment, address: CODE_AREA 00002720 - 0000275F (0x40 bytes), align: 2
  Segment part 26.
           ENTRY                   ADDRESS         REF BY
           =====                   =======         ======
           RefreshGroupsMenu       00002720        LoadSavedGroups (main)
                                                   MainProcess (main)
               stack 1 = 00000000 ( 0000000C )
    -------------------------------------------------------------------------
CODE
  Relative segment, address: CODE_AREA 00002760 - 000027E3 (0x84 bytes), align: 2
  Segment part 28.
           ENTRY                   ADDRESS         REF BY
           =====                   =======         ======
           CreateGroupsMenu        00002760        items_menu_onkey (Menu_Main)
               stack 1 = 00000000 ( 00000010 )
    -------------------------------------------------------------------------
CODE
  Relative segment, address: CODE_AREA 000027E4 - 000027E7 (0x4 bytes), align: 2
  Segment part 29.            Intra module refs:   CreateGroupsMenu
                                                   items_menu_ghook
    -------------------------------------------------------------------------
CODE
  Relative segment, address: CODE_AREA 000027E8 - 000027EB (0x4 bytes), align: 2
  Segment part 30.            Intra module refs:   CreateGroupsMenu
                                                   RefreshGroupsMenu
                                                   items_menu_ghook
                                                   items_menu_iconhndl
                                                   items_menu_onkey
    -------------------------------------------------------------------------
DATA_ID
  Relative segment, address: CODE_AREA 000002D4 - 00000303 (0x30 bytes), align: 2
  Segment part 6.             Intra module refs:   Segment part 5
    -------------------------------------------------------------------------
DATA_ID
  Relative segment, address: CODE_AREA 00000304 - 0000031B (0x18 bytes), align: 2
  Segment part 10.            Intra module refs:   Segment part 9
    -------------------------------------------------------------------------
DATA_ID
  Relative segment, address: CODE_AREA 0000031C - 00000323 (0x8 bytes), align: 2
  Segment part 12.            Intra module refs:   Segment part 11

    *************************************************************************

  FILE NAME : D:\Users\alfinant\Documents\Siemens\Dev\IAR\VK.ELF_C\Releas_NSG\Obj\Menu_Login.r79
  PROGRAM MODULE, NAME : Menu_Login

  SEGMENTS IN THE MODULE
  ======================
DATA_C
  Relative segment, address: CODE_AREA 0000B314 - 0000B317 (0x4 bytes), align: 2
  Segment part 2.             Intra module refs:   Segment part 19
    -------------------------------------------------------------------------
DATA_C
  Relative segment, address: CODE_AREA 0000B318 - 0000B31F (0x8 bytes), align: 2
  Segment part 3.             Intra module refs:   Segment part 19
    -------------------------------------------------------------------------
DATA_C
  Relative segment, address: CODE_AREA 0000B320 - 0000B333 (0x14 bytes), align: 2
  Segment part 4.             Intra module refs:   ed_inp_onkey
    -------------------------------------------------------------------------
DATA_C
  Relative segment, address: CODE_AREA 0000C424 - 0000C426 (0x3 bytes), align: 0
  Segment part 5.             Intra module refs:   Segment part 12
    -------------------------------------------------------------------------
DATA_C
  Relative segment, address: CODE_AREA 0000B334 - 0000B33B (0x8 bytes), align: 2
  Segment part 6.             Intra module refs:   Segment part 12
    -------------------------------------------------------------------------
DATA_C
  Relative segment, address: CODE_AREA 0000B33C - 0000B36B (0x30 bytes), align: 2
  Segment part 8.             Intra module refs:   CreateLoginDialog
    -------------------------------------------------------------------------
DATA_C
  Relative segment, address: CODE_AREA 0000B36C - 0000B37B (0x10 bytes), align: 2
  Segment part 13.            Intra module refs:   ed_inp_ghook
    -------------------------------------------------------------------------
DATA_Z
  Relative segment, address: CODE_AREA 0000C448 - 0000C4A7 (0x60 bytes), align: 2
  Segment part 16.            Intra module refs:   ed_inp_onkey
           ENTRY                   ADDRESS         REF BY
           =====                   =======         ======
           captcha_key             0000C448 
           login                   0000C468 
           pass                    0000C488 
    -------------------------------------------------------------------------
CODE
  Relative segment, address: CODE_AREA 000027EC - 000027EF (0x4 bytes), align: 2
  Segment part 23.            Intra module refs:   Segment part 12
           LOCAL                   ADDRESS         
           =====                   =======         
           ed_inp_locret           000027EC 
    -------------------------------------------------------------------------
CODE
  Relative segment, address: CODE_AREA 000027F0 - 0000294B (0x15c bytes), align: 2
  Segment part 25.            Intra module refs:   Segment part 12
           LOCAL                   ADDRESS         
           =====                   =======         
           ed_inp_onkey            000027F0 
               stack 1 = 00000000 ( 00000094 )
    -------------------------------------------------------------------------
CODE
  Relative segment, address: CODE_AREA 0000294C - 00002A47 (0xfc bytes), align: 2
  Segment part 27.            Intra module refs:   Segment part 12
           LOCAL                   ADDRESS         
           =====                   =======         
           ed_inp_ghook            0000294C 
               stack 1 = 00000000 ( 00000010 )
    -------------------------------------------------------------------------
CODE
  Relative segment, address: CODE_AREA 00002A48 - 00002A4B (0x4 bytes), align: 2
  Segment part 28.            Intra module refs:   ed_inp_ghook
                                                   ed_inp_onkey
    -------------------------------------------------------------------------
DATA_I
  Relative segment, address: DATA_AREA 00000324 - 00000383 (0x60 bytes), align: 2
  Segment part 11.            Intra module refs:   CreateLoginDialog
                                                   ed_inp_ghook
    -------------------------------------------------------------------------
DATA_I
  Relative segment, address: DATA_AREA 00000384 - 0000039B (0x18 bytes), align: 2
  Segment part 18.            Intra module refs:   Segment part 21
    -------------------------------------------------------------------------
DATA_I
  Relative segment, address: DATA_AREA 0000039C - 000003A3 (0x8 bytes), align: 2
  Segment part 20.            Intra module refs:   Segment part 12
    -------------------------------------------------------------------------
CODE
  Relative segment, address: CODE_AREA 00002A4C - 00002C1B (0x1d0 bytes), align: 2
  Segment part 30.
           ENTRY                   ADDRESS         REF BY
           =====                   =======         ======
           CreateLoginDialog       00002A4C        Logout (main)
                                                   startApp (main)
               stack 1 = 00000000 ( 0000026C )
    -------------------------------------------------------------------------
DATA_ID
  Relative segment, address: CODE_AREA 00000324 - 00000383 (0x60 bytes), align: 2
  Segment part 12.            Intra module refs:   Segment part 11
    -------------------------------------------------------------------------
DATA_ID
  Relative segment, address: CODE_AREA 00000384 - 0000039B (0x18 bytes), align: 2
  Segment part 19.            Intra module refs:   Segment part 18
    -------------------------------------------------------------------------
DATA_ID
  Relative segment, address: CODE_AREA 0000039C - 000003A3 (0x8 bytes), align: 2
  Segment part 21.            Intra module refs:   Segment part 20
    -------------------------------------------------------------------------
INITTAB
  Relative segment, address: CODE_AREA 0000C43C - 0000C447 (0xc bytes), align: 2
  Segment part 39. ROOT.
           ENTRY                   ADDRESS         REF BY
           =====                   =======         ======
           ?init?tab?DATA_Z        0000C43C 

    *************************************************************************

  FILE NAME : D:\Users\alfinant\Documents\Siemens\Dev\IAR\VK.ELF_C\Releas_NSG\Obj\Menu_Main.r79
  PROGRAM MODULE, NAME : Menu_Main

  SEGMENTS IN THE MODULE
  ======================
DATA_C
  Relative segment, address: CODE_AREA 0000B37C - 0000B383 (0x8 bytes), align: 2
  Segment part 2.             Intra module refs:   Segment part 10
    -------------------------------------------------------------------------
DATA_C
  Relative segment, address: CODE_AREA 0000B384 - 0000B38B (0x8 bytes), align: 2
  Segment part 3.             Intra module refs:   Segment part 10
    -------------------------------------------------------------------------
DATA_C
  Relative segment, address: CODE_AREA 0000B38C - 0000B3CB (0x40 bytes), align: 2
  Segment part 4.             Intra module refs:   Segment part 20
    -------------------------------------------------------------------------
DATA_I
  Relative segment, address: DATA_AREA 000003A4 - 000003B7 (0x14 bytes), align: 2
  Segment part 5.             Intra module refs:   CreateMainMenu
    -------------------------------------------------------------------------
DATA_Z
  Relative segment, address: CODE_AREA 0000C4A8 - 0000C4AB (0x4 bytes), align: 2
  Segment part 7.             Intra module refs:   items_menu_ghook
    -------------------------------------------------------------------------
DATA_C
  Relative segment, address: CODE_AREA 0000B3CC - 0000B3D7 (0xc bytes), align: 2
  Segment part 8.             Intra module refs:   Segment part 13
    -------------------------------------------------------------------------
DATA_I
  Relative segment, address: DATA_AREA 000003B8 - 000003CF (0x18 bytes), align: 2
  Segment part 9.             Intra module refs:   Segment part 12
    -------------------------------------------------------------------------
DATA_I
  Relative segment, address: DATA_AREA 000003D0 - 000003D7 (0x8 bytes), align: 2
  Segment part 11.            Intra module refs:   Segment part 13
    -------------------------------------------------------------------------
CODE
  Relative segment, address: CODE_AREA 00002C1C - 00002CBF (0xa4 bytes), align: 2
  Segment part 15.            Intra module refs:   Segment part 13
           LOCAL                   ADDRESS         
           =====                   =======         
           items_menu_onkey        00002C1C 
               stack 1 = 00000000 ( 00000008 )
    -------------------------------------------------------------------------
CODE
  Relative segment, address: CODE_AREA 00002CC0 - 00002D57 (0x98 bytes), align: 2
  Segment part 17.            Intra module refs:   Segment part 13
           LOCAL                   ADDRESS         
           =====                   =======         
           items_menu_ghook        00002CC0 
               stack 1 = 00000000 ( 00000010 )
    -------------------------------------------------------------------------
CODE
  Relative segment, address: CODE_AREA 00002D58 - 00002DE3 (0x8c bytes), align: 2
  Segment part 19.            Intra module refs:   Segment part 13
           LOCAL                   ADDRESS         
           =====                   =======         
           items_menu_iconhndl     00002D58 
               stack 1 = 00000000 ( 00000014 )
    -------------------------------------------------------------------------
CODE
  Relative segment, address: CODE_AREA 00002DE4 - 00002DE7 (0x4 bytes), align: 2
  Segment part 20.            Intra module refs:   items_menu_ghook
                                                   items_menu_iconhndl
    -------------------------------------------------------------------------
DATA_C
  Relative segment, address: CODE_AREA 0000B3D8 - 0000B403 (0x2c bytes), align: 2
  Segment part 13.            Intra module refs:   CreateMainMenu
    -------------------------------------------------------------------------
CODE
  Relative segment, address: CODE_AREA 00002DE8 - 00002E63 (0x7c bytes), align: 2
  Segment part 22.
           ENTRY                   ADDRESS         REF BY
           =====                   =======         ======
           CreateMainMenu          00002DE8        MainProcess (main)
                                                   startApp (main)
               stack 1 = 00000000 ( 00000010 )
    -------------------------------------------------------------------------
DATA_ID
  Relative segment, address: CODE_AREA 000003A4 - 000003B7 (0x14 bytes), align: 2
  Segment part 6.             Intra module refs:   Segment part 5
    -------------------------------------------------------------------------
DATA_ID
  Relative segment, address: CODE_AREA 000003B8 - 000003CF (0x18 bytes), align: 2
  Segment part 10.            Intra module refs:   Segment part 9
    -------------------------------------------------------------------------
DATA_ID
  Relative segment, address: CODE_AREA 000003D0 - 000003D7 (0x8 bytes), align: 2
  Segment part 12.            Intra module refs:   Segment part 11

    *************************************************************************

  FILE NAME : D:\Users\alfinant\Documents\Siemens\Dev\IAR\VK.ELF_C\Releas_NSG\Obj\anim_widget.r79
  PROGRAM MODULE, NAME : anim_widget

  SEGMENTS IN THE MODULE
  ======================
CODE
  Relative segment, address: CODE_AREA 00002E64 - 00002E83 (0x20 bytes), align: 2
  Segment part 7.
           ENTRY                   ADDRESS         REF BY
           =====                   =======         ======
           AnimWidget_IsBottom     00002E64        items_menu_ghook (Menu_Dialogs)
    -------------------------------------------------------------------------
CODE
  Relative segment, address: CODE_AREA 00002E84 - 00002E93 (0x10 bytes), align: 2
  Segment part 9.             Intra module refs:   Segment part 5
           LOCAL                   ADDRESS         
           =====                   =======         
           HandleObsPrepareCon     00002E84 
               stack 1 = 00000000 ( 00000004 )
    -------------------------------------------------------------------------
CODE
  Relative segment, address: CODE_AREA 00002E94 - 00003037 (0x1a4 bytes), align: 2
  Segment part 11.            Intra module refs:   Segment part 5
           LOCAL                   ADDRESS         
           =====                   =======         
           HandleObsFrameUpdate    00002E94 
               stack 1 = 00000000 ( 00000050 )
    -------------------------------------------------------------------------
CODE
  Relative segment, address: CODE_AREA 00003038 - 0000305F (0x28 bytes), align: 2
  Segment part 13.            Intra module refs:   Segment part 5
           LOCAL                   ADDRESS         
           =====                   =======         
           HandleObsError          00003038 
               stack 1 = 00000000 ( 00000008 )
    -------------------------------------------------------------------------
DATA_I
  Relative segment, address: DATA_AREA 000003D8 - 00000407 (0x30 bytes), align: 2
  Segment part 4.             Intra module refs:   AnimWidget_IsBottom
                                                   Segment part 30
    -------------------------------------------------------------------------
CODE
  Relative segment, address: CODE_AREA 00003060 - 0000308B (0x2c bytes), align: 2
  Segment part 15.
           ENTRY                   ADDRESS         REF BY
           =====                   =======         ======
           AnimWidgetHandler       00003060        maincsm_onmessage (main)
               stack 1 = 00000000 ( 00000004 )
    -------------------------------------------------------------------------
CODE
  Relative segment, address: CODE_AREA 0000308C - 000031A3 (0x118 bytes), align: 2
  Segment part 17.            Intra module refs:   AnimWidget_Wait_bottom
                                                   AnimWidget_Wait_center
                                                   AnimWidget_Wait_headline
           LOCAL                   ADDRESS         
           =====                   =======         
           AnimWidget_Wait_fn      0000308C 
               stack 1 = 00000000 ( 0000001C )
    -------------------------------------------------------------------------
CODE
  Relative segment, address: CODE_AREA 000031A4 - 000031F3 (0x50 bytes), align: 2
  Segment part 19.            Intra module refs:   AnimWidget_Wait
           LOCAL                   ADDRESS         
           =====                   =======         
           AnimWidget_Wait_center
                                   000031A4 
               stack 1 = 00000000 ( 00000118 )
    -------------------------------------------------------------------------
CODE
  Relative segment, address: CODE_AREA 000031F4 - 00003243 (0x50 bytes), align: 2
  Segment part 21.            Intra module refs:   AnimWidget_Wait
           LOCAL                   ADDRESS         
           =====                   =======         
           AnimWidget_Wait_bottom
                                   000031F4 
               stack 1 = 00000000 ( 00000118 )
    -------------------------------------------------------------------------
CODE
  Relative segment, address: CODE_AREA 00003244 - 00003247 (0x4 bytes), align: 2
  Segment part 22.            Intra module refs:   AnimWidget_Wait_bottom
                                                   AnimWidget_Wait_center
    -------------------------------------------------------------------------
CODE
  Relative segment, address: CODE_AREA 00003248 - 00003297 (0x50 bytes), align: 2
  Segment part 24.            Intra module refs:   AnimWidget_Wait
           LOCAL                   ADDRESS         
           =====                   =======         
           AnimWidget_Wait_headline
                                   00003248 
               stack 1 = 00000000 ( 00000118 )
    -------------------------------------------------------------------------
CODE
  Relative segment, address: CODE_AREA 00003298 - 0000329B (0x4 bytes), align: 2
  Segment part 25.            Intra module refs:   AnimWidget_Wait_bottom
                                                   AnimWidget_Wait_center
                                                   AnimWidget_Wait_headline
    -------------------------------------------------------------------------
CODE
  Relative segment, address: CODE_AREA 0000329C - 000032BF (0x24 bytes), align: 2
  Segment part 27.
           ENTRY                   ADDRESS         REF BY
           =====                   =======         ======
           AnimWidget_Wait         0000329C        ed_inp_ghook (Menu_Chat)
                                                   ed_inp_ghook (Menu_Login)
                                                   ed_inp_onkey (Menu_Login)
                                                   gHook (Menu_GroupWall)
                                                   items_menu_ghook (Menu_Dialogs)
                                                   items_menu_ghook (Menu_Groups)
                                                   items_menu_onkey (Menu_Dialogs)
                                                   items_menu_onkey (Menu_Groups)
                                                   onKey (Menu_GroupWall)
               stack 1 = 00000000 ( 00000004 )
    -------------------------------------------------------------------------
CODE
  Relative segment, address: CODE_AREA 000032C0 - 0000330F (0x50 bytes), align: 2
  Segment part 29.            Intra module refs:   AnimWidget_Wait_bottom
                                                   AnimWidget_Wait_center
                                                   AnimWidget_Wait_headline
           ENTRY                   ADDRESS         REF BY
           =====                   =======         ======
           AnimWidget_Close        000032C0        LoadSavedDialogs (main)
                                                   LoadSavedGroups (main)
                                                   MainProcess (main)
                                                   ed_inp_ghook (Menu_Chat)
                                                   ed_inp_ghook (Menu_Login)
                                                   ed_inp_onkey (Menu_Chat)
                                                   gHook (Menu_GroupWall)
                                                   items_menu_ghook (Menu_Dialogs)
                                                   items_menu_ghook (Menu_Groups)
                                                   maincsm_onclose (main)
                                                   maincsm_onmessage (main)
                                                   socket_error_handler (main)
               stack 1 = 00000000 ( 0000000C )
    -------------------------------------------------------------------------
CODE
  Relative segment, address: CODE_AREA 00003310 - 00003313 (0x4 bytes), align: 2
  Segment part 30.            Intra module refs:   AnimWidgetHandler
                                                   AnimWidget_Close
                                                   AnimWidget_Wait_bottom
                                                   AnimWidget_Wait_center
                                                   AnimWidget_Wait_fn
                                                   AnimWidget_Wait_headline
                                                   HandleObsError
                                                   HandleObsFrameUpdate
    -------------------------------------------------------------------------
DATA_ID
  Relative segment, address: CODE_AREA 000003D8 - 00000407 (0x30 bytes), align: 2
  Segment part 5.             Intra module refs:   Segment part 4
    -------------------------------------------------------------------------
DATA_C
  Relative segment, address: CODE_AREA 0000B404 - 0000B417 (0x14 bytes), align: 2
  Segment part 2.             Intra module refs:   Segment part 22
    -------------------------------------------------------------------------
DATA_C
  Relative segment, address: CODE_AREA 0000B418 - 0000B42F (0x18 bytes), align: 2
  Segment part 3.             Intra module refs:   AnimWidget_Wait_headline

    *************************************************************************

  FILE NAME : D:\Users\alfinant\Documents\Siemens\Dev\IAR\VK.ELF_C\Releas_NSG\Obj\buffer.r79
  PROGRAM MODULE, NAME : buffer

  SEGMENTS IN THE MODULE
  ======================
DATA_Z
  Relative segment, address: CODE_AREA 0000C4AC - 0000C4B3 (0x8 bytes), align: 2
  Segment part 2.             Intra module refs:   free_send_buf
           ENTRY                   ADDRESS         REF BY
           =====                   =======         ======
           send_buf                0000C4AC        send_answer (socket_work)
                                                   ssl_send_answer (ssl_work)
           send_buf_len            0000C4B0        send_answer (socket_work)
                                                   ssl_send_answer (ssl_work)
    -------------------------------------------------------------------------
DATA_Z
  Relative segment, address: CODE_AREA 0000C4B4 - 0000C4BB (0x8 bytes), align: 2
  Segment part 3.             Intra module refs:   free_recv_buf
           ENTRY                   ADDRESS         REF BY
           =====                   =======         ======
           recv_buf                0000C4B4        MainProcess (main)
                                                   OnRedraw (debug_gui)
                                                   ParseHeader (htpp)
                                                   Segment part 62 (vk_api)
                                                   ssl_get_answer (ssl_work)
           recv_buf_len            0000C4B8 
    -------------------------------------------------------------------------
CODE
  Relative segment, address: CODE_AREA 00003314 - 0000333F (0x2c bytes), align: 2
  Segment part 5.             Intra module refs:   free_buffers
           ENTRY                   ADDRESS         REF BY
           =====                   =======         ======
           free_recv_buf           00003314        ssl_send_answer (ssl_work)
               stack 1 = 00000000 ( 0000000C )
    -------------------------------------------------------------------------
CODE
  Relative segment, address: CODE_AREA 00003340 - 0000336B (0x2c bytes), align: 2
  Segment part 7.             Intra module refs:   free_buffers
           ENTRY                   ADDRESS         REF BY
           =====                   =======         ======
           free_send_buf           00003340        send_answer (socket_work)
                                                   ssl_send_answer (ssl_work)
               stack 1 = 00000000 ( 0000000C )
    -------------------------------------------------------------------------
CODE
  Relative segment, address: CODE_AREA 0000336C - 0000337B (0x10 bytes), align: 2
  Segment part 9.
           ENTRY                   ADDRESS         REF BY
           =====                   =======         ======
           free_buffers            0000336C        end_socket_work (socket_work)
               stack 1 = 00000000 ( 00000004 )

    *************************************************************************

  FILE NAME : D:\Users\alfinant\Documents\Siemens\Dev\IAR\VK.ELF_C\Releas_NSG\Obj\cJSON.r79
  PROGRAM MODULE, NAME : cJSON

  SEGMENTS IN THE MODULE
  ======================
DATA_C
  Relative segment, address: CODE_AREA 0000B430 - 0000B45B (0x2c bytes), align: 2
  Segment part 3.             Intra module refs:   Segment part 69
    -------------------------------------------------------------------------
CODE
  Relative segment, address: CODE_AREA 0000337C - 00003387 (0xc bytes), align: 2
  Segment part 20.            Intra module refs:   Segment part 11
           LOCAL                   ADDRESS         
           =====                   =======         
           internal_malloc         0000337C 
               stack 1 = 00000000 ( 00000004 )
    -------------------------------------------------------------------------
CODE
  Relative segment, address: CODE_AREA 00003388 - 00003393 (0xc bytes), align: 2
  Segment part 22.            Intra module refs:   Segment part 11
           LOCAL                   ADDRESS         
           =====                   =======         
           internal_free           00003388 
               stack 1 = 00000000 ( 00000004 )
    -------------------------------------------------------------------------
CODE
  Relative segment, address: CODE_AREA 00003394 - 0000339F (0xc bytes), align: 2
  Segment part 24.            Intra module refs:   Segment part 11
           LOCAL                   ADDRESS         
           =====                   =======         
           internal_realloc        00003394 
               stack 1 = 00000000 ( 00000004 )
    -------------------------------------------------------------------------
DATA_I
  Relative segment, address: DATA_AREA 00000408 - 0000041B (0x14 bytes), align: 2
  Segment part 10.            Intra module refs:   Segment part 33
                                                   Segment part 66
    -------------------------------------------------------------------------
CODE
  Relative segment, address: CODE_AREA 000033A0 - 000033CF (0x30 bytes), align: 2
  Segment part 30.            Intra module refs:   cJSON_ParseWithOpts
                                                   parse_array
                                                   parse_object
           LOCAL                   ADDRESS         
           =====                   =======         
           cJSON_New_Item          000033A0 
               stack 1 = 00000000 ( 00000008 )
    -------------------------------------------------------------------------
CODE
  Relative segment, address: CODE_AREA 000033D0 - 00003457 (0x88 bytes), align: 2
  Segment part 32.            Intra module refs:   cJSON_ParseWithOpts
                                                   parse_array
                                                   parse_object
           ENTRY                   ADDRESS         REF BY
           =====                   =======         ======
           cJSON_Delete            000033D0        parse_answer_auth_direct (vk_api)
                                                   parse_answer_groups_get (vk_api)
                                                   parse_answer_messages_getConversations (vk_api)
                                                   parse_answer_messages_getLongPollServer (vk_api)
                                                   parse_answer_wall_get (parser_wall)
               stack 1 = 00000000 ( 00000010 )
    -------------------------------------------------------------------------
CODE
  Relative segment, address: CODE_AREA 00003458 - 0000345B (0x4 bytes), align: 2
  Segment part 33.            Intra module refs:   cJSON_Delete
    -------------------------------------------------------------------------
CODE
  Relative segment, address: CODE_AREA 0000345C - 000035EB (0x190 bytes), align: 2
  Segment part 35.            Intra module refs:   parse_value
           LOCAL                   ADDRESS         
           =====                   =======         
           parse_number            0000345C 
               stack 1 = 00000000 ( 00000058 )
    -------------------------------------------------------------------------
CODE
  Relative segment, address: CODE_AREA 000035EC - 000037E3 (0x1f8 bytes), align: 2
  Segment part 45.            Intra module refs:   parse_string
           LOCAL                   ADDRESS         
           =====                   =======         
           utf16_literal_to_utf8   000035EC 
               stack 1 = 00000000 ( 00000010 )
    -------------------------------------------------------------------------
CODE
  Relative segment, address: CODE_AREA 000037E4 - 00003A07 (0x224 bytes), align: 2
  Segment part 47.            Intra module refs:   parse_object
                                                   parse_value
           LOCAL                   ADDRESS         
           =====                   =======         
           parse_string            000037E4 
               stack 1 = 00000000 ( 00000028 )
    -------------------------------------------------------------------------
CODE
  Relative segment, address: CODE_AREA 00003A08 - 00003A53 (0x4c bytes), align: 2
  Segment part 51.            Intra module refs:   cJSON_ParseWithOpts
                                                   parse_array
                                                   parse_object
           LOCAL                   ADDRESS         
           =====                   =======         
           buffer_skip_whitespace
                                   00003A08 
    -------------------------------------------------------------------------
CODE
  Relative segment, address: CODE_AREA 00003A54 - 00003BD3 (0x180 bytes), align: 2
  Segment part 53.            Intra module refs:   cJSON_Parse
           ENTRY                   ADDRESS         REF BY
           =====                   =======         ======
           cJSON_ParseWithOpts     00003A54        parse_answer_auth_direct (vk_api)
                                                   parse_answer_groups_get (vk_api)
                                                   parse_answer_messages_getConversations (vk_api)
                                                   parse_answer_wall_get (parser_wall)
               stack 1 = 00000000 ( 00000038 )
    -------------------------------------------------------------------------
CODE
  Relative segment, address: CODE_AREA 00003BD4 - 00003BDF (0xc bytes), align: 2
  Segment part 55.
           ENTRY                   ADDRESS         REF BY
           =====                   =======         ======
           cJSON_Parse             00003BD4        parse_answer_messages_getLongPollServer (vk_api)
               stack 1 = 00000000 ( 00000004 )
    -------------------------------------------------------------------------
CODE
  Relative segment, address: CODE_AREA 00003BE0 - 00003BE3 (0x4 bytes), align: 2
  Segment part 66.            Intra module refs:   cJSON_ParseWithOpts
    -------------------------------------------------------------------------
CODE
  Relative segment, address: CODE_AREA 00003BE4 - 00003D67 (0x184 bytes), align: 2
  Segment part 68.            Intra module refs:   cJSON_ParseWithOpts
                                                   parse_array
                                                   parse_object
           LOCAL                   ADDRESS         
           =====                   =======         
           parse_value             00003BE4 
               stack 1 = 00000000 ( 00000014 )
    -------------------------------------------------------------------------
CODE
  Relative segment, address: CODE_AREA 00003D68 - 00003D6B (0x4 bytes), align: 2
  Segment part 69.            Intra module refs:   parse_value
    -------------------------------------------------------------------------
CODE
  Relative segment, address: CODE_AREA 00003D6C - 00003ECB (0x160 bytes), align: 2
  Segment part 74.            Intra module refs:   parse_value
           LOCAL                   ADDRESS         
           =====                   =======         
           parse_array             00003D6C 
               stack 1 = 00000000 ( 00000014 )
    -------------------------------------------------------------------------
CODE
  Relative segment, address: CODE_AREA 00003ECC - 00004093 (0x1c8 bytes), align: 2
  Segment part 78.            Intra module refs:   parse_value
           LOCAL                   ADDRESS         
           =====                   =======         
           parse_object            00003ECC 
               stack 1 = 00000000 ( 00000018 )
    -------------------------------------------------------------------------
CODE
  Relative segment, address: CODE_AREA 00004094 - 000040C3 (0x30 bytes), align: 2
  Segment part 82.
           ENTRY                   ADDRESS         REF BY
           =====                   =======         ======
           cJSON_GetArraySize      00004094        __parse_obj_Message (vk_api)
                                                   parse_answer_groups_get (vk_api)
                                                   parse_answer_messages_getConversations (vk_api)
                                                   parse_obj_profiles (parser_user)
    -------------------------------------------------------------------------
CODE
  Relative segment, address: CODE_AREA 000040C4 - 0000418B (0xc8 bytes), align: 2
  Segment part 86.            Intra module refs:   cJSON_GetObjectItem
           LOCAL                   ADDRESS         
           =====                   =======         
           get_object_item         000040C4 
               stack 1 = 00000000 ( 00000018 )
    -------------------------------------------------------------------------
CODE
  Relative segment, address: CODE_AREA 0000418C - 00004193 (0x8 bytes), align: 2
  Segment part 88.
           ENTRY                   ADDRESS         REF BY
           =====                   =======         ======
           cJSON_GetObjectItem     0000418C        __parse_obj_Error (parser_error)
                                                   __parse_obj_Group (vk_api)
                                                   __parse_obj_Message (vk_api)
                                                   __parse_obj_User (vk_api)
[...]
    -------------------------------------------------------------------------
CODE
  Relative segment, address: CODE_AREA 00009730 - 0000979B (0x6c bytes), align: 2
  Segment part 46.
           ENTRY                   ADDRESS         REF BY
           =====                   =======         ======
           new_Dialog              00009730        parse_answer_messages_getConversations (vk_api)
               stack 1 = 00000000 ( 00000010 )
    -------------------------------------------------------------------------
CODE
  Relative segment, address: CODE_AREA 0000979C - 000097F7 (0x5c bytes), align: 2
  Segment part 48.
           ENTRY                   ADDRESS         REF BY
           =====                   =======         ======
           FindDialog              0000979C        parse_answer_groups_get (vk_api)
                                                   parse_answer_messages_getConversations (vk_api)
    -------------------------------------------------------------------------
CODE
  Relative segment, address: CODE_AREA 000097F8 - 00009813 (0x1c bytes), align: 2
  Segment part 50.
           ENTRY                   ADDRESS         REF BY
           =====                   =======         ======
           get_DialogMsg           000097F8        CreateChat (Menu_Chat)
                                                   items_menu_iconhndl (Menu_Dialogs)
    -------------------------------------------------------------------------
CODE
  Relative segment, address: CODE_AREA 00009814 - 000098A3 (0x90 bytes), align: 2
  Segment part 52.
           ENTRY                   ADDRESS         REF BY
           =====                   =======         ======
           del_Dialogs             00009814        MainProcess (main)
                                                   maincsm_onclose (main)
               stack 1 = 00000000 ( 00000010 )
    -------------------------------------------------------------------------
CODE
  Relative segment, address: CODE_AREA 000098A4 - 000098CB (0x28 bytes), align: 2
  Segment part 54.
           ENTRY                   ADDRESS         REF BY
           =====                   =======         ======
           count_ListElements      000098A4        CreateDialogsMenu (Menu_Dialogs)
                                                   CreateGroupsMenu (Menu_Groups)
                                                   RefreshDialogsMenu (Menu_Dialogs)
                                                   RefreshGroupsMenu (Menu_Groups)
                                                   items_menu_iconhndl (Menu_Dialogs)
    -------------------------------------------------------------------------
CODE
  Relative segment, address: CODE_AREA 000098CC - 000098FF (0x34 bytes), align: 2
  Segment part 56.
           ENTRY                   ADDRESS         REF BY
           =====                   =======         ======
           get_ListByIndex         000098CC        items_menu_iconhndl (Menu_Dialogs)
                                                   items_menu_iconhndl (Menu_Groups)
                                                   items_menu_onkey (Menu_Dialogs)
                                                   items_menu_onkey (Menu_Groups)
                                                   onKey (Menu_GroupWall)
    -------------------------------------------------------------------------
DATA_ID
  Relative segment, address: CODE_AREA 0000077C - 00000783 (0x8 bytes), align: 2
  Segment part 3.             Intra module refs:   dialogs
    -------------------------------------------------------------------------
DATA_ID
  Relative segment, address: CODE_AREA 00000784 - 0000078B (0x8 bytes), align: 2
  Segment part 5.             Intra module refs:   my_groups
    -------------------------------------------------------------------------
DATA_ID
  Relative segment, address: CODE_AREA 0000078C - 00000793 (0x8 bytes), align: 2
  Segment part 7.             Intra module refs:   friends
    -------------------------------------------------------------------------
DATA_ID
  Relative segment, address: CODE_AREA 00000794 - 0000079B (0x8 bytes), align: 2
  Segment part 9.             Intra module refs:   profiles
    -------------------------------------------------------------------------
DATA_ID
  Relative segment, address: CODE_AREA 0000079C - 000007A3 (0x8 bytes), align: 2
  Segment part 11.            Intra module refs:   groups

    *************************************************************************

  FILE NAME : D:\Users\alfinant\Documents\Siemens\IAR\ARM\LIB\dl5tpainl8n.r79
  LIBRARY MODULE, NAME : ?fpStatus

  SEGMENTS IN THE MODULE
  ======================
DATA_Z
  Relative segment, address: CODE_AREA 0000D10C - 0000D10F (0x4 bytes), align: 2
  Segment part 2.
           ENTRY                   ADDRESS         REF BY
           =====                   =======         ======
           __FloatingPointFlags    0000D10C        Segment part 0 (?SetInvalidFlag)

    -------------------------------------------------------------------------
  LIBRARY MODULE, NAME : ?errno

  SEGMENTS IN THE MODULE
  ======================
DATA_Z
  Relative segment, address: CODE_AREA 0000D110 - 0000D117 (0x8 bytes), align: 2
  Segment part 2.             Intra module refs:   _Geterrno
           ENTRY                   ADDRESS         REF BY
           =====                   =======         ======
           _Errno                  0000D114 
           _Tls_setup__Errno       0000D110 
    -------------------------------------------------------------------------
CODE
  Relative segment, address: CODE_AREA 00009900 - 00009923 (0x24 bytes), align: 2
  Segment part 4.
           ENTRY                   ADDRESS         REF BY
           =====                   =======         ======
           _Geterrno               00009900        _Dtento (?xdtento)
               stack 1 = 00000000 ( 00000008 )

    -------------------------------------------------------------------------
  LIBRARY MODULE, NAME : ?xdnorm

  SEGMENTS IN THE MODULE
  ======================
CODE
  Relative segment, address: CODE_AREA 00009924 - 00009A73 (0x150 bytes), align: 2
  Segment part 3.
           ENTRY                   ADDRESS         REF BY
           =====                   =======         ======
           _Dnorm                  00009924        _Dscale (?xdscale)
                                                   _Dunscale (?xdtento)

    -------------------------------------------------------------------------
  LIBRARY MODULE, NAME : ?xdscale

  SEGMENTS IN THE MODULE
  ======================
CODE
  Relative segment, address: CODE_AREA 00009A74 - 00009C43 (0x1d0 bytes), align: 2
  Segment part 3.
           ENTRY                   ADDRESS         REF BY
           =====                   =======         ======
           _Dscale                 00009A74        _Dtento (?xdtento)
               stack 1 = 00000000 ( 00000010 )

    -------------------------------------------------------------------------
  LIBRARY MODULE, NAME : ?xdtento

  SEGMENTS IN THE MODULE
  ======================
CODE
  Relative segment, address: CODE_AREA 00009C44 - 00009D0B (0xc8 bytes), align: 2
  Segment part 3.             Intra module refs:   _Dtento
           ENTRY                   ADDRESS         REF BY
           =====                   =======         ======
           _Dunscale               00009C44 
               stack 1 = 00000000 ( 00000010 )
    -------------------------------------------------------------------------
DATA_C
  Relative segment, address: CODE_AREA 0000C398 - 0000C3DF (0x48 bytes), align: 2
  Segment part 2.             Intra module refs:   _Dtento
    -------------------------------------------------------------------------
CODE
  Relative segment, address: CODE_AREA 00009D0C - 00009F57 (0x24c bytes), align: 2
  Segment part 5.
           ENTRY                   ADDRESS         REF BY
           =====                   =======         ======
           _Dtento                 00009D0C        _Stod (?xstod)
               stack 1 = 00000000 ( 00000028 )

    -------------------------------------------------------------------------
  LIBRARY MODULE, NAME : ?xstod

  SEGMENTS IN THE MODULE
  ======================
DATA_C
  Relative segment, address: CODE_AREA 0000C3E0 - 0000C3EF (0x10 bytes), align: 2
  Segment part 2.             Intra module refs:   _Stod
    -------------------------------------------------------------------------
CODE
  Relative segment, address: CODE_AREA 00009F58 - 0000A07B (0x124 bytes), align: 2
  Segment part 4.
           ENTRY                   ADDRESS         REF BY
           =====                   =======         ======
           _Stod                   00009F58        parse_number (cJSON)
               stack 1 = 00000000 ( 00000040 )

    -------------------------------------------------------------------------
  LIBRARY MODULE, NAME : ?xstoflt

  SEGMENTS IN THE MODULE
  ======================
DATA_C
  Relative segment, address: CODE_AREA 0000C3F0 - 0000C40F (0x20 bytes), align: 2
  Segment part 2.             Intra module refs:   _Stoflt
    -------------------------------------------------------------------------
CODE
  Relative segment, address: CODE_AREA 0000A07C - 0000A31B (0x2a0 bytes), align: 2
  Segment part 4.
           ENTRY                   ADDRESS         REF BY
           =====                   =======         ======
           _Stoflt                 0000A07C        _Stod (?xstod)
               stack 1 = 00000000 ( 0000001C )

    -------------------------------------------------------------------------
  LIBRARY MODULE, NAME : ?xstopfx

  SEGMENTS IN THE MODULE
  ======================
CODE
  Relative segment, address: CODE_AREA 0000A31C - 0000A34B (0x30 bytes), align: 2
  Segment part 2.             Intra module refs:   isalnum
           ENTRY                   ADDRESS         REF BY
           =====                   =======         ======
           _LocaleC_isalpha        0000A31C 
    -------------------------------------------------------------------------
CODE
  Relative segment, address: CODE_AREA 0000A34C - 0000A37B (0x30 bytes), align: 2
  Segment part 3.             Intra module refs:   _Stopfx
           ENTRY                   ADDRESS         REF BY
           =====                   =======         ======
           isalnum                 0000A34C 
               stack 1 = 00000000 ( 00000008 )
    -------------------------------------------------------------------------
CODE
  Relative segment, address: CODE_AREA 0000A37C - 0000A4DF (0x164 bytes), align: 2
  Segment part 5.
           ENTRY                   ADDRESS         REF BY
           =====                   =======         ======
           _Stopfx                 0000A37C        _Stod (?xstod)
               stack 1 = 00000000 ( 00000010 )

    -------------------------------------------------------------------------
  LIBRARY MODULE, NAME : ?xvalues

  SEGMENTS IN THE MODULE
  ======================
DATA_C
  Relative segment, address: CODE_AREA 0000C410 - 0000C417 (0x8 bytes), align: 2
  Segment part 5.
           ENTRY                   ADDRESS         REF BY
           =====                   =======         ======
           _Inf                    0000C410        _Dscale (?xdscale)
                                                   _Stod (?xstod)
    -------------------------------------------------------------------------
DATA_C
  Relative segment, address: CODE_AREA 0000C418 - 0000C41F (0x8 bytes), align: 2
  Segment part 6.
           ENTRY                   ADDRESS         REF BY
           =====                   =======         ======
           _Nan                    0000C418        _Stod (?xstod)

    -------------------------------------------------------------------------
  LIBRARY MODULE, NAME : ?GetDenormal

  SEGMENTS IN THE MODULE
  ======================
CODE
  Relative segment, address: CODE_AREA 0000A4E0 - 0000A53F (0x60 bytes), align: 2
  Segment part 0.
           ENTRY                   ADDRESS         REF BY
           =====                   =======         ======
           ?GetDenormalX           0000A4E0        Segment part 1 (?D_DivDouble)
                                                   Segment part 1 (?D_MulFloat)
           ?GetDenormalY           0000A510        Segment part 1 (?D_DivDouble)
                                                   Segment part 1 (?D_MulFloat)

    -------------------------------------------------------------------------
  LIBRARY MODULE, NAME : ?D_LONG2DOUBLE

  SEGMENTS IN THE MODULE
  ======================
CODE
  Relative segment, address: CODE_AREA 0000A540 - 0000A59B (0x5c bytes), align: 2
  Segment part 1.
           ENTRY                   ADDRESS         REF BY
           =====                   =======         ======
           __aeabi_i2d             0000A540 
           __longToDouble          0000A540        _Stod (?xstod)
           __longToDouble::??rA    0000A540 
           __longToDubleStart      0000A55C 

    -------------------------------------------------------------------------
  LIBRARY MODULE, NAME : ?D_DOUBLE2LONG

  SEGMENTS IN THE MODULE
  ======================
CODE
  Relative segment, address: CODE_AREA 0000A59C - 0000A5FB (0x60 bytes), align: 2
  Segment part 1.
           ENTRY                   ADDRESS         REF BY
           =====                   =======         ======
           __aeabi_d2iz            0000A59C 
           __doubleToLong          0000A59C        parse_number (cJSON)
           __doubleToLong::??rA    0000A59C 

    -------------------------------------------------------------------------
  LIBRARY MODULE, NAME : ?DBL_EQ

  SEGMENTS IN THE MODULE
  ======================
CODE
  Relative segment, address: CODE_AREA 0000A5FC - 0000A62F (0x34 bytes), align: 2
  Segment part 0.
           ENTRY                   ADDRESS         REF BY
           =====                   =======         ======
           __aeabi_cdcmpeq         0000A5FC        Segment part 1 (?D_CmpFloat)

    -------------------------------------------------------------------------
  LIBRARY MODULE, NAME : ?D_CmpFloat

  SEGMENTS IN THE MODULE
  ======================
CODE
  Relative segment, address: CODE_AREA 0000A630 - 0000A647 (0x18 bytes), align: 2
  Segment part 1.
           ENTRY                   ADDRESS         REF BY
           =====                   =======         ======
           __aeabi_dcmpeq          0000A630 
           __dEqual                0000A630        _Dtento (?xdtento)
           __dEqual::??rA          0000A630 

    -------------------------------------------------------------------------
  LIBRARY MODULE, NAME : ?SetInvalidFlag

  SEGMENTS IN THE MODULE
  ======================
CODE
  Relative segment, address: CODE_AREA 0000A648 - 0000A663 (0x1c bytes), align: 2
  Segment part 0.
           ENTRY                   ADDRESS         REF BY
           =====                   =======         ======
           ?SetInvalidFlag         0000A64C        __aeabi_cdcmple (?DBL_LT)
           ?SetInvalidFlagClr      0000A648        __aeabi_cdrcmple (?DBL_GE)

    -------------------------------------------------------------------------
  LIBRARY MODULE, NAME : ?DBL_GE

  SEGMENTS IN THE MODULE
  ======================
CODE
  Relative segment, address: CODE_AREA 0000A664 - 0000A6A3 (0x40 bytes), align: 2
  Segment part 0.
           ENTRY                   ADDRESS         REF BY
           =====                   =======         ======
           __aeabi_cdrcmple        0000A664        Segment part 1 (?D_CmpFloat5)

    -------------------------------------------------------------------------
  LIBRARY MODULE, NAME : ?D_CmpFloat5

  SEGMENTS IN THE MODULE
  ======================
CODE
  Relative segment, address: CODE_AREA 0000A6A4 - 0000A6BB (0x18 bytes), align: 2
  Segment part 1.
           ENTRY                   ADDRESS         REF BY
           =====                   =======         ======
           __aeabi_dcmpge          0000A6A4 
           __dGreaterEqual         0000A6A4        parse_number (cJSON)
           __dGreaterEqual::??rA   0000A6A4 

    -------------------------------------------------------------------------
  LIBRARY MODULE, NAME : ?DBL_LT

  SEGMENTS IN THE MODULE
  ======================
CODE
  Relative segment, address: CODE_AREA 0000A6BC - 0000A6FB (0x40 bytes), align: 2
  Segment part 0.
           ENTRY                   ADDRESS         REF BY
           =====                   =======         ======
           __aeabi_cdcmple         0000A6BC        Segment part 1 (?D_CmpFloat4)

    -------------------------------------------------------------------------
  LIBRARY MODULE, NAME : ?D_CmpFloat4

  SEGMENTS IN THE MODULE
  ======================
CODE
  Relative segment, address: CODE_AREA 0000A6FC - 0000A713 (0x18 bytes), align: 2
  Segment part 1.
           ENTRY                   ADDRESS         REF BY
           =====                   =======         ======
           __dLess                 0000A6FC        parse_number (cJSON)
           __dLess::??rA           0000A6FC 
           __aeabi_dcmplt          0000A6FC 

    -------------------------------------------------------------------------
  LIBRARY MODULE, NAME : ?D_MulFloat

  SEGMENTS IN THE MODULE
  ======================
CODE
  Relative segment, address: CODE_AREA 0000A714 - 0000A94B (0x238 bytes), align: 2
  Segment part 1.
           ENTRY                   ADDRESS         REF BY
           =====                   =======         ======
           __dMul                  0000A714        _Dtento (?xdtento)
                                                   _Stod (?xstod)
           __dMul::??rA            0000A714 
           __aeabi_dmul            0000A714 

    -------------------------------------------------------------------------
  LIBRARY MODULE, NAME : ?D_DivDouble

  SEGMENTS IN THE MODULE
  ======================
CODE
  Relative segment, address: CODE_AREA 0000A94C - 0000AC7F (0x334 bytes), align: 2
  Segment part 1.
           ENTRY                   ADDRESS         REF BY
           =====                   =======         ======
           __aeabi_ddiv            0000A94C 
           __dDiv                  0000A94C        _Dtento (?xdtento)
           __dDiv::??rA            0000A94C 

    -------------------------------------------------------------------------
  LIBRARY MODULE, NAME : ?D_SubDouble

  SEGMENTS IN THE MODULE
  ======================
CODE
  Relative segment, address: CODE_AREA 0000AC80 - 0000AE77 (0x1f8 bytes), align: 2
  Segment part 1.
           ENTRY                   ADDRESS         REF BY
           =====                   =======         ======
           __aeabi_dsub            0000AC80 
           __dSub                  0000AC80 
           __dSub::??rA            0000AC80 
           __DoSub                 0000AC90        Segment part 1 (?D_AddDouble)

    -------------------------------------------------------------------------
  LIBRARY MODULE, NAME : ?D_AddDouble

  SEGMENTS IN THE MODULE
  ======================
CODE
  Relative segment, address: CODE_AREA 0000AE78 - 0000AFBB (0x144 bytes), align: 2
  Segment part 1.
           ENTRY                   ADDRESS         REF BY
           =====                   =======         ======
           __aeabi_dadd            0000AE78 
           __dAdd                  0000AE78        _Stod (?xstod)
           __dAdd::??rA            0000AE78 
           __DoAdd                 0000AE88        Segment part 1 (?D_SubDouble)



                ****************************************
                *                                      *
                *        END OF CROSS REFERENCE        *
                *                                      *
                ****************************************

 54 005 bytes of CODE memory
  1 956 bytes of DATA memory

Errors: none
Warnings: none

