################################################################################
#                                                                              #
#      IAR Universal Linker V4.60I/386                                         #
#                                                                              #
#           Link time     =  20/Dec/2015  13:13:32                             #
#           Target CPU    =  ARM                                               #
#           List file     =  E:\Users\alfinant\Documents\Siemens\alfinant\Char #
#                            ger\Release_NSG\List\Charger.map                  #
#           Output file 1 =  E:\Users\alfinant\Documents\Siemens\alfinant\Char #
#                            ger\Release_NSG\Exe\Charger.elf                   #
#                            Format: elf, variant: -ynpra                      #
#           Command line  =  E:\Users\alfinant\Documents\Siemens\alfinant\Char #
#                            ger\Release_NSG\Obj\func.r79                      #
#                            E:\Users\alfinant\Documents\Siemens\alfinant\Char #
#                            ger\Release_NSG\Obj\main.r79                      #
#                            -o                                                #
#                            E:\Users\alfinant\Documents\Siemens\alfinant\Char #
#                            ger\Release_NSG\Exe\Charger.elf                   #
#                            -Felf -l                                          #
#                            E:\Users\alfinant\Documents\Siemens\alfinant\Char #
#                            ger\Release_NSG\List\Charger.map                  #
#                            -xm -f                                            #
#                            E:\Users\alfinant\Documents\Siemens\alfinant\Char #
#                            ger\test.xcl                                      #
#                            (-carm -V(CODE)CODE_AREA,12                       #
#                            -V(DATA)DATA_AREA,12                              #
#                            -Z(CODE_AREA)ELFBEGIN,DATA_ID,START,CODE,DATA_C,I #
#                            NITTAB,DATA_Z,DATA_N,CONFIG_C=0-FFFFFFFF          #
#                            -Z(DATA_AREA)DATA_I=0-FFFFFFFF) -ynpra            #
#                            E:\Users\alfinant\Documents\Siemens\IAR\ARM\LIB\d #
#                            l5tpainl8n.r79                                    #
#                            -s main                                           #
#                                                                              #
#                        Copyright 1987-2007 IAR Systems. All rights reserved. #
################################################################################





                ****************************************
                *                                      *
                *           CROSS REFERENCE            *
                *                                      *
                ****************************************

       Program entry at : CODE_AREA 000000D0  Relocatable, from module : main




                ****************************************
                *                                      *
                *            RUNTIME MODEL             *
                *                                      *
                ****************************************

  StackAlign4  = USED
  __cpu_mode   = __pcs__interwork
  __data_model = absolute
  __endian     = little
  __rt_version = 6



                ****************************************
                *                                      *
                *              MODULE MAP              *
                *                                      *
                ****************************************


  DEFINED ABSOLUTE ENTRIES
    *************************************************************************

  DEFINED ABSOLUTE ENTRIES
    *************************************************************************

  FILE NAME : E:\Users\alfinant\Documents\Siemens\alfinant\Charger\Release_NSG\Obj\func.r79
  PROGRAM MODULE, NAME : func

  SEGMENTS IN THE MODULE
  ======================
ELFBEGIN
  Relative segment, address: CODE_AREA 00000000, align: 0
  Segment part 0. ROOT.
           ENTRY                   ADDRESS         REF BY
           =====                   =======         ======
           ELF_BEGIN               00000000 
    -------------------------------------------------------------------------
CODE
  Relative segment, address: CODE_AREA 00000000 - 00000003 (0x4 bytes), align: 2
  Segment part 1. ROOT.
           ENTRY                   ADDRESS         REF BY
           =====                   =======         ======
           kill_data               00000000 

    *************************************************************************

  FILE NAME : E:\Users\alfinant\Documents\Siemens\alfinant\Charger\Release_NSG\Obj\main.r79
  PROGRAM MODULE, NAME : main

  SEGMENTS IN THE MODULE
  ======================
CODE
  Relative segment, address: CODE_AREA 00000004 - 000000CB (0xc8 bytes), align: 2
  Segment part 6.             Intra module refs:   main
           ENTRY                   ADDRESS         REF BY
           =====                   =======         ======
           USB_Charging_NSG        00000004 
               stack 1 = 00000000 ( 00000020 )
    -------------------------------------------------------------------------
CODE
  Relative segment, address: CODE_AREA 000000CC - 000000CF (0x4 bytes), align: 2
  Segment part 9.             Intra module refs:   USB_Charging_NSG
    -------------------------------------------------------------------------
CODE
  Relative segment, address: CODE_AREA 000000D0 - 000000DF (0x10 bytes), align: 2
  Segment part 11.
           ENTRY                   ADDRESS         REF BY
           =====                   =======         ======
           main                    000000D0        Absolute parts (?ABS_ENTRY_MOD)
               stack 1 = 00000000 ( 00000004 )
    -------------------------------------------------------------------------
DATA_C
  Relative segment, address: CODE_AREA 000000E0 - 000000EF (0x10 bytes), align: 2
  Segment part 2.             Intra module refs:   Segment part 9



                ****************************************
                *                                      *
                *        END OF CROSS REFERENCE        *
                *                                      *
                ****************************************

 240 bytes of CODE memory

Errors: none
Warnings: none

